Archive member included to satisfy reference by file (symbol)

/home/kocur/.rusefi-tools/arm-gnu-toolchain-11.3.rel1-x86_64-arm-none-eabi/bin/../lib/gcc/arm-none-eabi/11.3.1/../../../../arm-none-eabi/lib/thumb/v6-m/nofp/libg.a(libc_a-reent.o)
                              ./build/obj/syscalls_cpp.o (symbol from plugin) (errno)
/home/kocur/.rusefi-tools/arm-gnu-toolchain-11.3.rel1-x86_64-arm-none-eabi/bin/../lib/gcc/arm-none-eabi/11.3.1/../../../../arm-none-eabi/lib/thumb/v6-m/nofp/libg.a(libc_a-impure.o)
                              /home/kocur/.rusefi-tools/arm-gnu-toolchain-11.3.rel1-x86_64-arm-none-eabi/bin/../lib/gcc/arm-none-eabi/11.3.1/../../../../arm-none-eabi/lib/thumb/v6-m/nofp/libg.a(libc_a-reent.o) (_impure_ptr)
/home/kocur/.rusefi-tools/arm-gnu-toolchain-11.3.rel1-x86_64-arm-none-eabi/bin/../lib/gcc/arm-none-eabi/11.3.1/../../../../arm-none-eabi/lib/thumb/v6-m/nofp/libg.a(libc_a-findfp.o)
                              /home/kocur/.rusefi-tools/arm-gnu-toolchain-11.3.rel1-x86_64-arm-none-eabi/bin/../lib/gcc/arm-none-eabi/11.3.1/../../../../arm-none-eabi/lib/thumb/v6-m/nofp/libg.a(libc_a-impure.o) (__sf)
/home/kocur/.rusefi-tools/arm-gnu-toolchain-11.3.rel1-x86_64-arm-none-eabi/bin/../lib/gcc/arm-none-eabi/11.3.1/../../../../arm-none-eabi/lib/thumb/v6-m/nofp/libg.a(libc_a-freer.o)
                              /home/kocur/.rusefi-tools/arm-gnu-toolchain-11.3.rel1-x86_64-arm-none-eabi/bin/../lib/gcc/arm-none-eabi/11.3.1/../../../../arm-none-eabi/lib/thumb/v6-m/nofp/libg.a(libc_a-reent.o) (_free_r)
/home/kocur/.rusefi-tools/arm-gnu-toolchain-11.3.rel1-x86_64-arm-none-eabi/bin/../lib/gcc/arm-none-eabi/11.3.1/../../../../arm-none-eabi/lib/thumb/v6-m/nofp/libg.a(libc_a-stdio.o)
                              /home/kocur/.rusefi-tools/arm-gnu-toolchain-11.3.rel1-x86_64-arm-none-eabi/bin/../lib/gcc/arm-none-eabi/11.3.1/../../../../arm-none-eabi/lib/thumb/v6-m/nofp/libg.a(libc_a-findfp.o) (__sread)
/home/kocur/.rusefi-tools/arm-gnu-toolchain-11.3.rel1-x86_64-arm-none-eabi/bin/../lib/gcc/arm-none-eabi/11.3.1/../../../../arm-none-eabi/lib/thumb/v6-m/nofp/libg.a(libc_a-sbrkr.o)
                              /home/kocur/.rusefi-tools/arm-gnu-toolchain-11.3.rel1-x86_64-arm-none-eabi/bin/../lib/gcc/arm-none-eabi/11.3.1/../../../../arm-none-eabi/lib/thumb/v6-m/nofp/libg.a(libc_a-freer.o) (_sbrk_r)
/home/kocur/.rusefi-tools/arm-gnu-toolchain-11.3.rel1-x86_64-arm-none-eabi/bin/../lib/gcc/arm-none-eabi/11.3.1/../../../../arm-none-eabi/lib/thumb/v6-m/nofp/libg.a(libc_a-fwalk.o)
                              /home/kocur/.rusefi-tools/arm-gnu-toolchain-11.3.rel1-x86_64-arm-none-eabi/bin/../lib/gcc/arm-none-eabi/11.3.1/../../../../arm-none-eabi/lib/thumb/v6-m/nofp/libg.a(libc_a-findfp.o) (_fwalk_sglue)
/home/kocur/.rusefi-tools/arm-gnu-toolchain-11.3.rel1-x86_64-arm-none-eabi/bin/../lib/gcc/arm-none-eabi/11.3.1/../../../../arm-none-eabi/lib/thumb/v6-m/nofp/libg.a(libc_a-writer.o)
                              /home/kocur/.rusefi-tools/arm-gnu-toolchain-11.3.rel1-x86_64-arm-none-eabi/bin/../lib/gcc/arm-none-eabi/11.3.1/../../../../arm-none-eabi/lib/thumb/v6-m/nofp/libg.a(libc_a-stdio.o) (_write_r)
/home/kocur/.rusefi-tools/arm-gnu-toolchain-11.3.rel1-x86_64-arm-none-eabi/bin/../lib/gcc/arm-none-eabi/11.3.1/../../../../arm-none-eabi/lib/thumb/v6-m/nofp/libg.a(libc_a-mallocr.o)
                              /home/kocur/.rusefi-tools/arm-gnu-toolchain-11.3.rel1-x86_64-arm-none-eabi/bin/../lib/gcc/arm-none-eabi/11.3.1/../../../../arm-none-eabi/lib/thumb/v6-m/nofp/libg.a(libc_a-findfp.o) (_malloc_r)
/home/kocur/.rusefi-tools/arm-gnu-toolchain-11.3.rel1-x86_64-arm-none-eabi/bin/../lib/gcc/arm-none-eabi/11.3.1/../../../../arm-none-eabi/lib/thumb/v6-m/nofp/libg.a(libc_a-memset.o)
                              /home/kocur/.rusefi-tools/arm-gnu-toolchain-11.3.rel1-x86_64-arm-none-eabi/bin/../lib/gcc/arm-none-eabi/11.3.1/../../../../arm-none-eabi/lib/thumb/v6-m/nofp/libg.a(libc_a-findfp.o) (memset)
/home/kocur/.rusefi-tools/arm-gnu-toolchain-11.3.rel1-x86_64-arm-none-eabi/bin/../lib/gcc/arm-none-eabi/11.3.1/../../../../arm-none-eabi/lib/thumb/v6-m/nofp/libg.a(libc_a-lock.o)
                              /home/kocur/.rusefi-tools/arm-gnu-toolchain-11.3.rel1-x86_64-arm-none-eabi/bin/../lib/gcc/arm-none-eabi/11.3.1/../../../../arm-none-eabi/lib/thumb/v6-m/nofp/libg.a(libc_a-findfp.o) (__retarget_lock_init_recursive)
/home/kocur/.rusefi-tools/arm-gnu-toolchain-11.3.rel1-x86_64-arm-none-eabi/bin/../lib/gcc/arm-none-eabi/11.3.1/../../../../arm-none-eabi/lib/thumb/v6-m/nofp/libg.a(libc_a-fclose.o)
                              /home/kocur/.rusefi-tools/arm-gnu-toolchain-11.3.rel1-x86_64-arm-none-eabi/bin/../lib/gcc/arm-none-eabi/11.3.1/../../../../arm-none-eabi/lib/thumb/v6-m/nofp/libg.a(libc_a-findfp.o) (_fclose_r)
/home/kocur/.rusefi-tools/arm-gnu-toolchain-11.3.rel1-x86_64-arm-none-eabi/bin/../lib/gcc/arm-none-eabi/11.3.1/../../../../arm-none-eabi/lib/thumb/v6-m/nofp/libg.a(libc_a-mlock.o)
[...]
Memory Configuration

Name             Origin             Length             Attributes
blflash          0x0000000008000000 0x0000000000001800 xr
appflash         0x0000000008001800 0x0000000000006400 xr
configflash      0x0000000008007c00 0x0000000000000400 xr
flash1           0x0000000000000000 0x0000000000000000 xr
flash2           0x0000000000000000 0x0000000000000000 xr
flash3           0x0000000000000000 0x0000000000000000 xr
flash4           0x0000000000000000 0x0000000000000000 xr
flash5           0x0000000000000000 0x0000000000000000 xr
flash6           0x0000000000000000 0x0000000000000000 xr
flash7           0x0000000000000000 0x0000000000000000 xr
ram_vectors      0x0000000020000000 0x0000000000000100 xw
ram0             0x0000000020000200 0x0000000000003f00 xw
ram1             0x0000000000000000 0x0000000000000000 xw
ram2             0x0000000000000000 0x0000000000000000 xw
ram3             0x0000000000000000 0x0000000000000000 xw
ram4             0x0000000000000000 0x0000000000000000 xw
ram5             0x0000000000000000 0x0000000000000000 xw
ram6             0x0000000000000000 0x0000000000000000 xw
ram7             0x0000000000000000 0x0000000000000000 xw
shared           0x0000000000000000 0xffffffffffffffff
*default*        0x0000000000000000 0xffffffffffffffff

Linker script and memory map

LOAD ./build/obj/crt0_v6m.o
LOAD ./build/obj/vectors.o
LOAD ./build/obj/chcoreasm.o
LOAD ./build/obj/main_hardfault_asm.o
LOAD ./build/obj/hal.o
LOAD /tmp/ccFs2Bll.ltrans0.ltrans.o
LOAD /tmp/ccPVCf86.debug.temp.o
LOAD /tmp/ccrGqmkn.debug.temp.o
LOAD /tmp/ccFrhPYo.debug.temp.o
LOAD /tmp/ccl082JH.debug.temp.o
LOAD /tmp/cctyPNwN.debug.temp.o
LOAD /tmp/cc3IOxC0.debug.temp.o
LOAD /tmp/ccgEPKmU.debug.temp.o
LOAD /tmp/cc6fw3fg.debug.temp.o
LOAD /tmp/ccocGLvC.debug.temp.o
LOAD /tmp/cc39xrTm.debug.temp.o
LOAD /tmp/ccOuGcsa.debug.temp.o
LOAD /tmp/ccp02Wej.debug.temp.o
LOAD /tmp/cckHETQM.debug.temp.o
LOAD /tmp/ccU8REHA.debug.temp.o
LOAD /tmp/cccJBKpe.debug.temp.o
LOAD /tmp/ccBQlCGC.debug.temp.o
LOAD /tmp/ccCJQq3Q.debug.temp.o
LOAD /tmp/ccdutWRz.debug.temp.o
LOAD /tmp/cc58TGqz.debug.temp.o
LOAD /tmp/ccuj3kCn.debug.temp.o
LOAD /tmp/ccoAsr6X.debug.temp.o
LOAD /tmp/ccUOZ5yj.debug.temp.o
LOAD /tmp/ccAXBrZx.debug.temp.o
LOAD /tmp/ccy3Fwh0.debug.temp.o
LOAD /tmp/ccgIbnIV.debug.temp.o
LOAD /tmp/ccUk4TyN.debug.temp.o
LOAD /tmp/ccrRcF9S.debug.temp.o
LOAD /tmp/cc53BhvG.debug.temp.o
LOAD /tmp/cc29LiIB.debug.temp.o
LOAD /tmp/ccA30IvP.debug.temp.o
LOAD /tmp/ccKaGQeT.debug.temp.o
LOAD /tmp/ccm7W6zc.debug.temp.o
LOAD /tmp/cco0qeTl.debug.temp.o
LOAD /tmp/ccFS3F6C.debug.temp.o
LOAD /tmp/ccUeDHTN.debug.temp.o
LOAD /tmp/ccTcWhSq.debug.temp.o
LOAD /tmp/cc4SekOk.debug.temp.o
LOAD /tmp/cc1KKw0E.debug.temp.o
LOAD /tmp/ccQVeYwC.debug.temp.o
LOAD /tmp/ccFODHZ5.debug.temp.o
LOAD /tmp/cciPxkvZ.debug.temp.o
LOAD /tmp/ccbYMeNq.debug.temp.o
LOAD /tmp/cc6E2sPb.debug.temp.o
LOAD /tmp/ccToVCvG.debug.temp.o
LOAD /tmp/ccNGfTmz.debug.temp.o
LOAD /tmp/cclgzE0o.debug.temp.o
LOAD /tmp/ccuqgbse.debug.temp.o
LOAD /tmp/cctVFV8b.debug.temp.o
LOAD /tmp/ccdgjIBf.debug.temp.o
LOAD /tmp/ccJfM95p.debug.temp.o
LOAD /tmp/cc4HDc3f.debug.temp.o
LOAD /tmp/ccKYXGRf.debug.temp.o
LOAD /tmp/ccfczt6L.debug.temp.o
LOAD /tmp/ccXh4Bfe.debug.temp.o
LOAD /tmp/cckqx1EN.debug.temp.o
LOAD /tmp/ccPniw0L.debug.temp.o
LOAD /tmp/ccAXDvpm.debug.temp.o
LOAD /tmp/ccDOp3gA.debug.temp.o
LOAD /tmp/ccNrvo6O.debug.temp.o
LOAD /tmp/cc5WnXjA.debug.temp.o
LOAD /tmp/cc1wDJsG.debug.temp.o
LOAD /tmp/cciqu7iL.debug.temp.o
LOAD /tmp/ccoQ10o4.debug.temp.o
LOAD /tmp/cclQqP9m.debug.temp.o
LOAD /tmp/ccGuRxks.debug.temp.o
LOAD /tmp/ccmro3h6.debug.temp.o
LOAD ./build/obj/hal_st.o
LOAD ./build/obj/hal_buffers.o
LOAD ./build/obj/hal_queues.o
LOAD ./build/obj/hal_flash.o
LOAD ./build/obj/hal_mmcsd.o
LOAD ./build/obj/hal_adc.o
LOAD ./build/obj/hal_can.o
LOAD ./build/obj/hal_dac.o
LOAD ./build/obj/hal_pal.o
LOAD ./build/obj/hal_pwm.o
LOAD ./build/obj/hal_uart.o
LOAD ./build/obj/osal.o
LOAD ./build/obj/chsys.o
LOAD ./build/obj/chdebug.o
LOAD ./build/obj/chtrace.o
LOAD ./build/obj/chvt.o
LOAD ./build/obj/chschd.o
LOAD ./build/obj/chthreads.o
LOAD ./build/obj/chprintf.o
LOAD ./build/obj/memstreams.o
LOAD ./build/obj/nullstreams.o
LOAD ./build/obj/hal_mfs.o
LOAD ./build/obj/crt1.o
LOAD ./build/obj/nvic.o
LOAD ./build/obj/stm32_isr.o
LOAD ./build/obj/hal_lld.o
LOAD ./build/obj/hal_adc_lld.o
LOAD ./build/obj/hal_can_lld.o
LOAD ./build/obj/hal_dac_lld.o
LOAD ./build/obj/stm32_dma.o
LOAD ./build/obj/stm32_exti.o
LOAD ./build/obj/hal_pal_lld.o
LOAD ./build/obj/hal_st_lld.o
LOAD ./build/obj/hal_pwm_lld.o
LOAD ./build/obj/hal_uart_lld.o
LOAD ./build/obj/chcore.o
LOAD ./build/obj/board.o
LOAD ./build/obj/ch.o
LOAD ./build/obj/syscalls_cpp.o
LOAD ./build/obj/port.o
LOAD ./build/obj/port_shared.o
LOAD ./build/obj/util_dummy.o
LOAD ./build/obj/crc.o
LOAD ./build/obj/fragments.o
LOAD ./build/obj/math.o
LOAD ./build/obj/pid.o
LOAD ./build/obj/sampling.o
LOAD ./build/obj/heater_control.o
LOAD ./build/obj/timer.o
LOAD ./build/obj/flash.o
LOAD ./build/obj/can.o
LOAD ./build/obj/can_helper.o
LOAD ./build/obj/fault.o
LOAD ./build/obj/lambda_conversion.o
LOAD ./build/obj/pwm.o
LOAD ./build/obj/dac.o
LOAD ./build/obj/pump_dac.o
LOAD ./build/obj/pump_control.o
LOAD ./build/obj/max3185x.o
LOAD ./build/obj/uart.o
LOAD ./build/obj/auxout.o
LOAD ./build/obj/indication.o
LOAD ./build/obj/sampling_thread.o
LOAD ./build/obj/heater_thread.o
LOAD ./build/obj/main.o
                0x0000000000000001                USE_BOOTLOADER = 0x1
                0x0000000000001800                blsize = DEFINED (USE_BOOTLOADER)?0x1800:0x0
                0x0000000008001800                __appflash_start__ = ORIGIN (appflash)
                0x0000000000006400                __appflash_size__ = LENGTH (appflash)
                0x0000000008007c00                __configflash__start__ = ORIGIN (configflash)
                0x0000000020000000                __ram_vectors_start__ = ORIGIN (ram_vectors)
                0x0000000000000100                __ram_vectors_size__ = LENGTH (ram_vectors)

.bl             0x0000000008000000     0x1800
                0x0000000008000000                . = ALIGN (0x4)
 *(.bl)
 .bl            0x0000000008000000     0x1800 boards/f0_addon/bootloader/build/wideband_bootloader.o
                0x0000000008000000                _binary_build_wideband_bootloader_padded_bin_start
                0x0000000008001800                _binary_build_wideband_bootloader_padded_bin_end
 *(.bl.*)
                0x0000000008001800                . = ALIGN (0x4)

.shared         0x0000000000000000        0x0
                0x0000000000000000                . = ALIGN (0x4)
                0x0000000000000000                _sshared = .
                0x0000000000000000                __shared_start__ = _sshared
 *(.shared)
 *(.shared.*)
 *(.shared)
                0x0000000000000000                . = ALIGN (0x4)
                0x0000000000000000                _eshared = .
                0x0000000000000000                __shared_end__ = _eshared

.mstack         0x0000000020000200      0x400
                0x0000000020000200                . = ALIGN (0x8)
                0x0000000020000200                __main_stack_base__ = .
                0x0000000020000600                . = (. + __main_stack_size__)
 *fill*         0x0000000020000200      0x400 
                0x0000000020000600                . = ALIGN (0x8)
                0x0000000020000600                __main_stack_end__ = .

.pstack         0x0000000020000600      0x400
                0x0000000020000600                . = ALIGN (0x8)
                0x0000000020000600                __process_stack_base__ = .
                0x0000000020000600                __main_thread_stack_base__ = .
                0x0000000020000a00                . = (. + __process_stack_size__)
 *fill*         0x0000000020000600      0x400 
                0x0000000020000a00                . = ALIGN (0x8)
                0x0000000020000a00                __process_stack_end__ = .
                0x0000000020000a00                __main_thread_stack_end__ = .

.vectors        0x0000000008001800       0xc0
 *(.vectors)
 .vectors       0x0000000008001800       0xc0 ./build/obj/vectors.o
                0x0000000008001800                _vectors

.xtors          0x00000000080018c0        0x4
                0x00000000080018c0                __init_array_base__ = .
 *(SORT_BY_NAME(.init_array.*))
 *(.init_array)
 .init_array    0x00000000080018c0        0x4 /tmp/ccFs2Bll.ltrans0.ltrans.o
                0x00000000080018c4                __init_array_end__ = .
                0x00000000080018c4                __fini_array_base__ = .
 *(.fini_array)
 *(SORT_BY_NAME(.fini_array.*))
                0x00000000080018c4                __fini_array_end__ = .

.text           0x00000000080018d0     0x4708
                0x00000000080018d0                __text_base__ = .
 *(.text)
 .text          0x00000000080018d0       0xd0 ./build/obj/crt0_v6m.o
                0x00000000080018d0                _crt0_entry
 .text          0x00000000080019a0        0x8 ./build/obj/vectors.o
                0x00000000080019a0                Reset_Handler
                0x00000000080019a2                Vector58
                0x00000000080019a2                Vector9C
                0x00000000080019a2                DebugMon_Handler
                0x00000000080019a2                Vector5C
                0x00000000080019a2                Vector8C
                0x00000000080019a2                SysTick_Handler
                0x00000000080019a2                PendSV_Handler
                0x00000000080019a2                Vector94
                0x00000000080019a2                VectorA8
                0x00000000080019a2                Vector40
                0x00000000080019a2                VectorBC
                0x00000000080019a2                Vector54
                0x00000000080019a2                Vector98
                0x00000000080019a2                Vector24
                0x00000000080019a2                Vector84
                0x00000000080019a2                SecureFault_Handler
                0x00000000080019a2                VectorA0
                0x00000000080019a2                SVC_Handler
                0x00000000080019a2                Vector90
                0x00000000080019a2                Vector60
                0x00000000080019a2                Vector48
                0x00000000080019a2                Vector4C
                0x00000000080019a2                Vector88
                0x00000000080019a2                Vector50
                0x00000000080019a2                Vector44
                0x00000000080019a2                Vector28
                0x00000000080019a2                Vector34
                0x00000000080019a2                VectorA4
                0x00000000080019a2                Vector20
                0x00000000080019a6                _unhandled_exception
 .text          0x00000000080019a8       0x44 ./build/obj/chcoreasm.o
                0x00000000080019a8                __port_switch
                0x00000000080019c8                __port_thread_start
                0x00000000080019d6                __port_switch_from_isr
                0x00000000080019da                __port_exit_from_isr
 .text          0x00000000080019ec       0x38 ./build/obj/main_hardfault_asm.o
                0x00000000080019ec                HardFault_Handler
                0x00000000080019ec                BusFault_Handler
                0x00000000080019fe                UsageFault_Handler
                0x0000000008001a10                MemManage_Handler
 .text          0x0000000008001a24      0x114 /home/kocur/.rusefi-tools/arm-gnu-toolchain-11.3.rel1-x86_64-arm-none-eabi/bin/../lib/gcc/arm-none-eabi/11.3.1/thumb/v6-m/nofp/libgcc.a(_udivsi3.o)
                0x0000000008001a24                __udivsi3
                0x0000000008001a24                __aeabi_uidiv
                0x0000000008001b30                __aeabi_uidivmod
 .text          0x0000000008001b38        0x4 /home/kocur/.rusefi-tools/arm-gnu-toolchain-11.3.rel1-x86_64-arm-none-eabi/bin/../lib/gcc/arm-none-eabi/11.3.1/thumb/v6-m/nofp/libgcc.a(_dvmd_tls.o)
                0x0000000008001b38                __aeabi_ldiv0
                0x0000000008001b38                __aeabi_idiv0
 .text          0x0000000008001b3c       0x74 /home/kocur/.rusefi-tools/arm-gnu-toolchain-11.3.rel1-x86_64-arm-none-eabi/bin/../lib/gcc/arm-none-eabi/11.3.1/thumb/v6-m/nofp/libgcc.a(_arm_cmpsf2.o)
                0x0000000008001b3c                __aeabi_cfrcmple
                0x0000000008001b44                __aeabi_cfcmple
                0x0000000008001b44                __aeabi_cfcmpeq
                0x0000000008001b54                __aeabi_fcmpeq
                0x0000000008001b60                __aeabi_fcmplt
                0x0000000008001b74                __aeabi_fcmple
                0x0000000008001b88                __aeabi_fcmpgt
                0x0000000008001b9c                __aeabi_fcmpge
 .text          0x0000000008001bb0       0x3c /home/kocur/.rusefi-tools/arm-gnu-toolchain-11.3.rel1-x86_64-arm-none-eabi/bin/../lib/gcc/arm-none-eabi/11.3.1/thumb/v6-m/nofp/libgcc.a(_clzsi2.o)
                0x0000000008001bb0                __clzsi2
 *(.text.*)
 *fill*         0x0000000008001bec        0x4 
 .text.chVTDoResetI
                0x0000000008001bf0       0x94 /tmp/ccFs2Bll.ltrans0.ltrans.o
 *fill*         0x0000000008001c84        0xc 
 .text.__idle_thread
                0x0000000008001c90        0x4 /tmp/ccFs2Bll.ltrans0.ltrans.o
 *fill*         0x0000000008001c94        0xc 
 .text.__sch_wakeup
                0x0000000008001ca0       0x5c /tmp/ccFs2Bll.ltrans0.ltrans.o
 *fill*         0x0000000008001cfc        0x4 
 .text.chThdResumeI
                0x0000000008001d00       0x40 /tmp/ccFs2Bll.ltrans0.ltrans.o
 .text.nvicEnableVector
                0x0000000008001d40       0x44 /tmp/ccFs2Bll.ltrans0.ltrans.o
 *fill*         0x0000000008001d84        0xc 
 .text.pwmStart
                0x0000000008001d90      0x240 /tmp/ccFs2Bll.ltrans0.ltrans.o
 .text.dmaServeInterrupt
                0x0000000008001fd0       0x38 /tmp/ccFs2Bll.ltrans0.ltrans.o
 *fill*         0x0000000008002008        0x8 
 .text.dac_lld_put_channel
                0x0000000008002010       0x78 /tmp/ccFs2Bll.ltrans0.ltrans.o
 *fill*         0x0000000008002088        0x8 
 .text.pwm_lld_serve_interrupt
                0x0000000008002090       0x64 /tmp/ccFs2Bll.ltrans0.ltrans.o
 *fill*         0x00000000080020f4        0xc 
 .text._ZN3Pid9GetOutputEff
                0x0000000008002100       0x94 /tmp/ccFs2Bll.ltrans0.ltrans.o
 *fill*         0x0000000008002194        0xc 
 .text._ZNK7Sampler11GetNernstDcEv
                0x00000000080021a0        0x4 /tmp/ccFs2Bll.ltrans0.ltrans.o
 *fill*         0x00000000080021a4        0xc 
 .text._ZNK7Sampler11GetNernstAcEv
                0x00000000080021b0        0x4 /tmp/ccFs2Bll.ltrans0.ltrans.o
 *fill*         0x00000000080021b4        0xc 
 .text._ZNK7Sampler21GetPumpNominalCurrentEv
                0x00000000080021c0       0x10 /tmp/ccFs2Bll.ltrans0.ltrans.o
 .text._ZNK7Sampler25GetInternalBatteryVoltageEv
                0x00000000080021d0       0x8c /tmp/ccFs2Bll.ltrans0.ltrans.o
 *fill*         0x000000000800225c        0x4 
 .text._ZNK7Sampler27GetSensorInternalResistanceEv
                0x0000000008002260       0x44 /tmp/ccFs2Bll.ltrans0.ltrans.o
 *fill*         0x00000000080022a4        0xc 
 .text._ZNK7Sampler20GetSensorTemperatureEv
                0x00000000080022b0      0x158 /tmp/ccFs2Bll.ltrans0.ltrans.o
 *fill*         0x0000000008002408        0x8 
 .text._ZNK20HeaterControllerBase19IsRunningClosedLoopEv
                0x0000000008002410        0xc /tmp/ccFs2Bll.ltrans0.ltrans.o
 *fill*         0x000000000800241c        0x4 
 .text._ZNK20HeaterControllerBase25GetHeaterEffectiveVoltageEv
                0x0000000008002420        0x4 /tmp/ccFs2Bll.ltrans0.ltrans.o
 *fill*         0x0000000008002424        0xc 
 .text._ZNK20HeaterControllerBase14GetHeaterStateEv
                0x0000000008002430        0x4 /tmp/ccFs2Bll.ltrans0.ltrans.o
 *fill*         0x0000000008002434        0xc 
 .text._ZN5Timer5resetEv
                0x0000000008002440       0x60 /tmp/ccFs2Bll.ltrans0.ltrans.o
 .text._ZNK5Timer13hasElapsedSecEf
                0x00000000080024a0       0x94 /tmp/ccFs2Bll.ltrans0.ltrans.o
 *fill*         0x0000000008002534        0xc 
 .text._Z9GetLambdai
                0x0000000008002540       0x90 /tmp/ccFs2Bll.ltrans0.ltrans.o
 .text._ZN3Pwm7SetDutyEif
                0x00000000080025d0       0xa8 /tmp/ccFs2Bll.ltrans0.ltrans.o
 *fill*         0x0000000008002678        0x8 
 .text._ZNK16HeaterController7SetDutyEf
                0x0000000008002680       0x14 /tmp/ccFs2Bll.ltrans0.ltrans.o
 *fill*         0x0000000008002694        0xc 
 .text._ZN20HeaterControllerBase6UpdateERK8ISampler11HeaterAllow
                0x00000000080026a0      0x334 /tmp/ccFs2Bll.ltrans0.ltrans.o
 *fill*         0x00000000080029d4        0xc 
 .text._Z20SetPumpCurrentTargetil.constprop.0
                0x00000000080029e0       0x60 /tmp/ccFs2Bll.ltrans0.ltrans.o
 .text.chThdDequeueAllI.constprop.0
                0x0000000008002a40       0x4c /tmp/ccFs2Bll.ltrans0.ltrans.o
 *fill*         0x0000000008002a8c        0x4 
 .text.chVTDoSetI.constprop.0
                0x0000000008002a90       0xf8 /tmp/ccFs2Bll.ltrans0.ltrans.o
 *fill*         0x0000000008002b88        0x8 
 .text.adc_lld_vreg_on.constprop.0
                0x0000000008002b90       0x20 /tmp/ccFs2Bll.ltrans0.ltrans.o
 .text.adc_lld_stop_conversion.isra.0
                0x0000000008002bb0       0x34 /tmp/ccFs2Bll.ltrans0.ltrans.o
 *fill*         0x0000000008002be4        0xc 
 .text.adc_lld_serve_rx_interrupt
                0x0000000008002bf0       0xb4 /tmp/ccFs2Bll.ltrans0.ltrans.o
 *fill*         0x0000000008002ca4        0xc 
 .text.chSchGoSleepS
                0x0000000008002cb0       0x38 /tmp/ccFs2Bll.ltrans0.ltrans.o
 *fill*         0x0000000008002ce8        0x8 
 .text.chThdSleep
                0x0000000008002cf0       0x4c /tmp/ccFs2Bll.ltrans0.ltrans.o
 *fill*         0x0000000008002d3c        0x4 
 .text.canTransmitTimeout.constprop.0.isra.0
                0x0000000008002d40      0x160 /tmp/ccFs2Bll.ltrans0.ltrans.o
 .text.chThdCreateStatic.constprop.0.isra.0
                0x0000000008002ea0       0xdc /tmp/ccFs2Bll.ltrans0.ltrans.o
 *fill*         0x0000000008002f7c        0x4 
 .text._ZL10readSelPinP12stm32_gpio_tm
                0x0000000008002f80      0x19c /tmp/ccFs2Bll.ltrans0.ltrans.o
 *fill*         0x000000000800311c        0x4 
 .text._Z16GetConfigurationv
                0x0000000008003120       0x84 /tmp/ccFs2Bll.ltrans0.ltrans.o
 *fill*         0x00000000080031a4        0xc 
 .text._Z11CanRxThreadPv
                0x00000000080031b0      0x3d0 /tmp/ccFs2Bll.ltrans0.ltrans.o
 .text._ZL10PumpThreadPv
                0x0000000008003580       0xc4 /tmp/ccFs2Bll.ltrans0.ltrans.o
 *fill*         0x0000000008003644        0xc 
 .text._Z12AuxOutThreadPv
                0x0000000008003650      0x208 /tmp/ccFs2Bll.ltrans0.ltrans.o
 *fill*         0x0000000008003858        0x8 
 .text._ZL14SamplingThreadPv
                0x0000000008003860      0x1dc /tmp/ccFs2Bll.ltrans0.ltrans.o
 *fill*         0x0000000008003a3c        0x4 
 .text._ZL12HeaterThreadPv
                0x0000000008003a40       0x98 /tmp/ccFs2Bll.ltrans0.ltrans.o
 *fill*         0x0000000008003ad8        0x8 
 .text._Z11CanTxThreadPv
                0x0000000008003ae0      0x228 /tmp/ccFs2Bll.ltrans0.ltrans.o
 *fill*         0x0000000008003d08        0x8 
 .text.chSchDoPreemption
                0x0000000008003d10       0x68 /tmp/ccFs2Bll.ltrans0.ltrans.o
                0x0000000008003d10                chSchDoPreemption
 *fill*         0x0000000008003d78        0x8 
 .text.chThdExit
                0x0000000008003d80       0x20 /tmp/ccFs2Bll.ltrans0.ltrans.o
                0x0000000008003d80                chThdExit
 .text.__cpu_init
                0x0000000008003da0        0x4 /tmp/ccFs2Bll.ltrans0.ltrans.o
                0x0000000008003da0                __cpu_init
 *fill*         0x0000000008003da4        0xc 
 .text.__late_init
                0x0000000008003db0        0x4 /tmp/ccFs2Bll.ltrans0.ltrans.o
                0x0000000008003db0                __late_init
 *fill*         0x0000000008003db4        0xc 
 .text.__default_exit
                0x0000000008003dc0        0x4 /tmp/ccFs2Bll.ltrans0.ltrans.o
                0x0000000008003dc0                __default_exit
 *fill*         0x0000000008003dc4        0xc 
 .text.__init_ram_areas
                0x0000000008003dd0       0x64 /tmp/ccFs2Bll.ltrans0.ltrans.o
                0x0000000008003dd0                __init_ram_areas
 *fill*         0x0000000008003e34        0xc 
 .text.VectorAC
                0x0000000008003e40       0xd8 /tmp/ccFs2Bll.ltrans0.ltrans.o
                0x0000000008003e40                VectorAC
 *fill*         0x0000000008003f18        0x8 
 .text.VectorB0
                0x0000000008003f20       0x44 /tmp/ccFs2Bll.ltrans0.ltrans.o
                0x0000000008003f20                VectorB0
 *fill*         0x0000000008003f64        0xc 
 .text.VectorB4
                0x0000000008003f70       0x44 /tmp/ccFs2Bll.ltrans0.ltrans.o
                0x0000000008003f70                VectorB4
 *fill*         0x0000000008003fb4        0xc 
 .text.Vector68
                0x0000000008003fc0       0x7c /tmp/ccFs2Bll.ltrans0.ltrans.o
                0x0000000008003fc0                Vector68
 *fill*         0x000000000800403c        0x4 
 .text.Vector6C
                0x0000000008004040       0x68 /tmp/ccFs2Bll.ltrans0.ltrans.o
                0x0000000008004040                Vector6C
 *fill*         0x00000000080040a8        0x8 
 .text.Vector70
                0x00000000080040b0       0xe0 /tmp/ccFs2Bll.ltrans0.ltrans.o
                0x00000000080040b0                Vector70
 .text.VectorB8
                0x0000000008004190      0x198 /tmp/ccFs2Bll.ltrans0.ltrans.o
                0x0000000008004190                VectorB8
 *fill*         0x0000000008004328        0x8 
 .text.Vector64
                0x0000000008004330       0x6c /tmp/ccFs2Bll.ltrans0.ltrans.o
                0x0000000008004330                Vector64
 *fill*         0x000000000800439c        0x4 
 .text.Vector7C
                0x00000000080043a0      0x10c /tmp/ccFs2Bll.ltrans0.ltrans.o
                0x00000000080043a0                Vector7C
 *fill*         0x00000000080044ac        0x4 
 .text.Vector74
                0x00000000080044b0       0x4c /tmp/ccFs2Bll.ltrans0.ltrans.o
                0x00000000080044b0                Vector74
 *fill*         0x00000000080044fc        0x4 
 .text.Vector78
                0x0000000008004500       0x4c /tmp/ccFs2Bll.ltrans0.ltrans.o
                0x0000000008004500                Vector78
 *fill*         0x000000000800454c        0x4 
 .text.Vector80
                0x0000000008004550       0x4c /tmp/ccFs2Bll.ltrans0.ltrans.o
                0x0000000008004550                Vector80
 *fill*         0x000000000800459c        0x4 
 .text.NMI_Handler
                0x00000000080045a0       0x10 /tmp/ccFs2Bll.ltrans0.ltrans.o
                0x00000000080045a0                NMI_Handler
 .text.__early_init
                0x00000000080045b0      0x14c /tmp/ccFs2Bll.ltrans0.ltrans.o
                0x00000000080045b0                __early_init
 *fill*         0x00000000080046fc        0x4 
 .text.startup.main
                0x0000000008004700      0x7f0 /tmp/ccFs2Bll.ltrans0.ltrans.o
                0x0000000008004700                main
 .text.HardFault_Handler_C
                0x0000000008004ef0       0x30 /tmp/ccFs2Bll.ltrans0.ltrans.o
                0x0000000008004ef0                HardFault_Handler_C
 .text.UsageFault_Handler_C
                0x0000000008004f20        0x8 /tmp/ccFs2Bll.ltrans0.ltrans.o
                0x0000000008004f20                UsageFault_Handler_C
 *fill*         0x0000000008004f28        0x8 
 .text.MemManage_Handler_C
                0x0000000008004f30        0x8 /tmp/ccFs2Bll.ltrans0.ltrans.o
                0x0000000008004f30                MemManage_Handler_C
 *fill*         0x0000000008004f38        0x8 
 .text.startup._sub_I_65535_0.0
                0x0000000008004f40       0xf8 /tmp/ccFs2Bll.ltrans0.ltrans.o
 .text.memset   0x0000000008005038       0xa8 /home/kocur/.rusefi-tools/arm-gnu-toolchain-11.3.rel1-x86_64-arm-none-eabi/bin/../lib/gcc/arm-none-eabi/11.3.1/../../../../arm-none-eabi/lib/thumb/v6-m/nofp/libg.a(libc_a-memset.o)
                0x0000000008005038                memset
 .text.memcpy   0x00000000080050e0       0xa4 /home/kocur/.rusefi-tools/arm-gnu-toolchain-11.3.rel1-x86_64-arm-none-eabi/bin/../lib/gcc/arm-none-eabi/11.3.1/../../../../arm-none-eabi/lib/thumb/v6-m/nofp/libg.a(libc_a-memcpy-stub.o)
                0x00000000080050e0                memcpy
 .text.__fixunssfsi
                0x0000000008005184       0x30 /home/kocur/.rusefi-tools/arm-gnu-toolchain-11.3.rel1-x86_64-arm-none-eabi/bin/../lib/gcc/arm-none-eabi/11.3.1/thumb/v6-m/nofp/libgcc.a(_fixunssfsi.o)
                0x0000000008005184                __aeabi_f2uiz
                0x0000000008005184                __fixunssfsi
 .text.__aeabi_fadd
                0x00000000080051b4      0x340 /home/kocur/.rusefi-tools/arm-gnu-toolchain-11.3.rel1-x86_64-arm-none-eabi/bin/../lib/gcc/arm-none-eabi/11.3.1/thumb/v6-m/nofp/libgcc.a(addsf3.o)
                0x00000000080051b4                __aeabi_fadd
 .text.__aeabi_fdiv
                0x00000000080054f4      0x234 /home/kocur/.rusefi-tools/arm-gnu-toolchain-11.3.rel1-x86_64-arm-none-eabi/bin/../lib/gcc/arm-none-eabi/11.3.1/thumb/v6-m/nofp/libgcc.a(divsf3.o)
                0x00000000080054f4                __aeabi_fdiv
 .text.__eqsf2  0x0000000008005728       0x4c /home/kocur/.rusefi-tools/arm-gnu-toolchain-11.3.rel1-x86_64-arm-none-eabi/bin/../lib/gcc/arm-none-eabi/11.3.1/thumb/v6-m/nofp/libgcc.a(eqsf2.o)
                0x0000000008005728                __nesf2
                0x0000000008005728                __eqsf2
 .text.__gesf2  0x0000000008005774       0x8c /home/kocur/.rusefi-tools/arm-gnu-toolchain-11.3.rel1-x86_64-arm-none-eabi/bin/../lib/gcc/arm-none-eabi/11.3.1/thumb/v6-m/nofp/libgcc.a(gesf2.o)
                0x0000000008005774                __gtsf2
                0x0000000008005774                __gesf2
 .text.__lesf2  0x0000000008005800       0x88 /home/kocur/.rusefi-tools/arm-gnu-toolchain-11.3.rel1-x86_64-arm-none-eabi/bin/../lib/gcc/arm-none-eabi/11.3.1/thumb/v6-m/nofp/libgcc.a(lesf2.o)
                0x0000000008005800                __lesf2
                0x0000000008005800                __ltsf2
 .text.__aeabi_fmul
                0x0000000008005888      0x29c /home/kocur/.rusefi-tools/arm-gnu-toolchain-11.3.rel1-x86_64-arm-none-eabi/bin/../lib/gcc/arm-none-eabi/11.3.1/thumb/v6-m/nofp/libgcc.a(mulsf3.o)
                0x0000000008005888                __aeabi_fmul
 .text.__aeabi_fsub
                0x0000000008005b24      0x340 /home/kocur/.rusefi-tools/arm-gnu-toolchain-11.3.rel1-x86_64-arm-none-eabi/bin/../lib/gcc/arm-none-eabi/11.3.1/thumb/v6-m/nofp/libgcc.a(subsf3.o)
                0x0000000008005b24                __aeabi_fsub
 .text.__aeabi_f2iz
                0x0000000008005e64       0x40 /home/kocur/.rusefi-tools/arm-gnu-toolchain-11.3.rel1-x86_64-arm-none-eabi/bin/../lib/gcc/arm-none-eabi/11.3.1/thumb/v6-m/nofp/libgcc.a(fixsfsi.o)
                0x0000000008005e64                __aeabi_f2iz
 .text.__aeabi_i2f
                0x0000000008005ea4       0xa4 /home/kocur/.rusefi-tools/arm-gnu-toolchain-11.3.rel1-x86_64-arm-none-eabi/bin/../lib/gcc/arm-none-eabi/11.3.1/thumb/v6-m/nofp/libgcc.a(floatsisf.o)
                0x0000000008005ea4                __aeabi_i2f
 .text.__aeabi_ui2f
                0x0000000008005f48       0x90 /home/kocur/.rusefi-tools/arm-gnu-toolchain-11.3.rel1-x86_64-arm-none-eabi/bin/../lib/gcc/arm-none-eabi/11.3.1/thumb/v6-m/nofp/libgcc.a(floatunsisf.o)
                0x0000000008005f48                __aeabi_ui2f
 *(.glue_7t)
 .glue_7t       0x0000000008005fd8        0x0 linker stubs
 *(.glue_7)
 .glue_7        0x0000000008005fd8        0x0 linker stubs
 *(.gcc*)
                0x0000000008005fd8                __text_end__ = .

.vfp11_veneer   0x0000000008005fd8        0x0
 .vfp11_veneer  0x0000000008005fd8        0x0 linker stubs

.v4_bx          0x0000000008005fd8        0x0
 .v4_bx         0x0000000008005fd8        0x0 linker stubs

.iplt           0x0000000008005fd8        0x0
 .iplt          0x0000000008005fd8        0x0 ./build/obj/crt0_v6m.o

.rodata         0x0000000008005fd8      0x514
                0x0000000008005fd8                __rodata_base__ = .
 *(.rodata)
 *(.rodata.*)
 .rodata._ZNK7Sampler25GetInternalBatteryVoltageEv.str1.4
                0x0000000008005fd8        0xc /tmp/ccFs2Bll.ltrans0.ltrans.o
 .rodata.chSchGoSleepS.str1.4
                0x0000000008005fe4        0xf /tmp/ccFs2Bll.ltrans0.ltrans.o
 *fill*         0x0000000008005ff3        0x1 
 .rodata._Z16GetConfigurationv
                0x0000000008005ff4       0x24 /tmp/ccFs2Bll.ltrans0.ltrans.o
 .rodata._ZL12canConfig500
                0x0000000008006018        0x8 /tmp/ccFs2Bll.ltrans0.ltrans.o
 .rodata._ZL13lsu49TempBins
                0x0000000008006020       0x40 /tmp/ccFs2Bll.ltrans0.ltrans.o
 .rodata._ZL13pumpDacConfig
                0x0000000008006060       0x38 /tmp/ccFs2Bll.ltrans0.ltrans.o
 .rodata._ZL15heaterPwmConfig
                0x0000000008006098       0x38 /tmp/ccFs2Bll.ltrans0.ltrans.o
 .rodata._ZL15lsu49TempValues
                0x00000000080060d0       0x40 /tmp/ccFs2Bll.ltrans0.ltrans.o
 .rodata._ZL9convGroup
                0x0000000008006110       0x1c /tmp/ccFs2Bll.ltrans0.ltrans.o
 .rodata._ZTV16HeaterController
                0x000000000800612c       0x1c /tmp/ccFs2Bll.ltrans0.ltrans.o
 .rodata._ZTV7Sampler
                0x0000000008006148       0x20 /tmp/ccFs2Bll.ltrans0.ltrans.o
 .rodata.__func__.0.lto_priv.0
                0x0000000008006168        0xb /tmp/ccFs2Bll.ltrans0.ltrans.o
 *fill*         0x0000000008006173        0x1 
 .rodata.__func__.0.lto_priv.1
                0x0000000008006174       0x12 /tmp/ccFs2Bll.ltrans0.ltrans.o
 *fill*         0x0000000008006186        0x2 
 .rodata.__func__.0.lto_priv.3
                0x0000000008006188       0x12 /tmp/ccFs2Bll.ltrans0.ltrans.o
 *fill*         0x000000000800619a        0x2 
 .rodata.__func__.0.lto_priv.4
                0x000000000800619c       0x12 /tmp/ccFs2Bll.ltrans0.ltrans.o
 *fill*         0x00000000080061ae        0x2 
 .rodata.__func__.0.lto_priv.5
                0x00000000080061b0       0x14 /tmp/ccFs2Bll.ltrans0.ltrans.o
 .rodata.__func__.0.lto_priv.6
                0x00000000080061c4        0xe /tmp/ccFs2Bll.ltrans0.ltrans.o
 *fill*         0x00000000080061d2        0x2 
 .rodata.__func__.0.lto_priv.7
                0x00000000080061d4        0xe /tmp/ccFs2Bll.ltrans0.ltrans.o
 *fill*         0x00000000080061e2        0x2 
 .rodata.__func__.1.lto_priv.0
                0x00000000080061e4        0xb /tmp/ccFs2Bll.ltrans0.ltrans.o
 *fill*         0x00000000080061ef        0x1 
 .rodata.__func__.1.lto_priv.1
                0x00000000080061f0       0x13 /tmp/ccFs2Bll.ltrans0.ltrans.o
 *fill*         0x0000000008006203        0x1 
 .rodata.__func__.1.lto_priv.2
                0x0000000008006204        0xc /tmp/ccFs2Bll.ltrans0.ltrans.o
 .rodata.__func__.1.lto_priv.3
                0x0000000008006210        0xd /tmp/ccFs2Bll.ltrans0.ltrans.o
 *fill*         0x000000000800621d        0x3 
 .rodata.__func__.1.lto_priv.4
                0x0000000008006220       0x10 /tmp/ccFs2Bll.ltrans0.ltrans.o
 .rodata.__func__.1.lto_priv.6
                0x0000000008006230       0x14 /tmp/ccFs2Bll.ltrans0.ltrans.o
 .rodata.__func__.10
                0x0000000008006244        0xc /tmp/ccFs2Bll.ltrans0.ltrans.o
 .rodata.__func__.2.lto_priv.0
                0x0000000008006250        0xd /tmp/ccFs2Bll.ltrans0.ltrans.o
 *fill*         0x000000000800625d        0x3 
 .rodata.__func__.2.lto_priv.1
                0x0000000008006260        0xd /tmp/ccFs2Bll.ltrans0.ltrans.o
 *fill*         0x000000000800626d        0x3 
 .rodata.__func__.2.lto_priv.2
                0x0000000008006270       0x13 /tmp/ccFs2Bll.ltrans0.ltrans.o
 *fill*         0x0000000008006283        0x1 
 .rodata.__func__.2.lto_priv.3
                0x0000000008006284        0xd /tmp/ccFs2Bll.ltrans0.ltrans.o
 *fill*         0x0000000008006291        0x3 
 .rodata.__func__.3.lto_priv.0
                0x0000000008006294       0x14 /tmp/ccFs2Bll.ltrans0.ltrans.o
 .rodata.__func__.3.lto_priv.1
                0x00000000080062a8        0xb /tmp/ccFs2Bll.ltrans0.ltrans.o
 *fill*         0x00000000080062b3        0x1 
 .rodata.__func__.5.lto_priv.0
                0x00000000080062b4        0xc /tmp/ccFs2Bll.ltrans0.ltrans.o
 .rodata.__func__.5.lto_priv.1
                0x00000000080062c0        0xf /tmp/ccFs2Bll.ltrans0.ltrans.o
 *fill*         0x00000000080062cf        0x1 
 .rodata.__func__.5.lto_priv.2
                0x00000000080062d0       0x11 /tmp/ccFs2Bll.ltrans0.ltrans.o
 *fill*         0x00000000080062e1        0x3 
 .rodata.__func__.6.lto_priv.0
                0x00000000080062e4        0x9 /tmp/ccFs2Bll.ltrans0.ltrans.o
 *fill*         0x00000000080062ed        0x3 
 .rodata.__func__.6.lto_priv.1
                0x00000000080062f0        0xc /tmp/ccFs2Bll.ltrans0.ltrans.o
 .rodata.__func__.7.lto_priv.0
                0x00000000080062fc        0x9 /tmp/ccFs2Bll.ltrans0.ltrans.o
 *fill*         0x0000000008006305        0x3 
 .rodata.__func__.7.lto_priv.1
                0x0000000008006308        0xc /tmp/ccFs2Bll.ltrans0.ltrans.o
 .rodata.__func__.7.lto_priv.2
                0x0000000008006314        0xb /tmp/ccFs2Bll.ltrans0.ltrans.o
 *fill*         0x000000000800631f        0x1 
 .rodata.__func__.8.lto_priv.1
                0x0000000008006320        0x9 /tmp/ccFs2Bll.ltrans0.ltrans.o
 *fill*         0x0000000008006329        0x3 
 .rodata.__func__.8.lto_priv.2
                0x000000000800632c        0xc /tmp/ccFs2Bll.ltrans0.ltrans.o
 .rodata.__func__.9.lto_priv.0
                0x0000000008006338        0x9 /tmp/ccFs2Bll.ltrans0.ltrans.o
 *fill*         0x0000000008006341        0x3 
 .rodata._stm32_dma_streams
                0x0000000008006344       0x70 /tmp/ccFs2Bll.ltrans0.ltrans.o
 .rodata.dac1_ch1_params
                0x00000000080063b4       0x1c /tmp/ccFs2Bll.ltrans0.ltrans.o
 .rodata.dac1_ch2_params
                0x00000000080063d0       0x1c /tmp/ccFs2Bll.ltrans0.ltrans.o
 .rodata.ram_areas
                0x00000000080063ec       0x80 /tmp/ccFs2Bll.ltrans0.ltrans.o
 .rodata.__aeabi_fdiv
                0x000000000800646c       0x80 /home/kocur/.rusefi-tools/arm-gnu-toolchain-11.3.rel1-x86_64-arm-none-eabi/bin/../lib/gcc/arm-none-eabi/11.3.1/thumb/v6-m/nofp/libgcc.a(divsf3.o)
                0x00000000080064ec                . = ALIGN (0x4)
                0x00000000080064ec                __rodata_end__ = .

.rel.dyn        0x00000000080064ec        0x0
 .rel.iplt      0x00000000080064ec        0x0 ./build/obj/crt0_v6m.o

.ARM.extab
 *(.ARM.extab* .gnu.linkonce.armextab.*)

.ARM.exidx      0x00000000080064ec        0x0
                0x00000000080064ec                __exidx_base__ = .
                0x00000000080064ec                __exidx_start = .
 *(.ARM.exidx* .gnu.linkonce.armexidx.*)
                0x00000000080064ec                __exidx_end__ = .
                0x00000000080064ec                __exidx_end = .

.eh_frame_hdr
 *(.eh_frame_hdr)

.eh_frame
 *(.eh_frame)

.data           0x0000000020000a00        0x8 load address 0x00000000080064ec
                [!provide]                        PROVIDE (_textdata = LOADADDR (.data))
                [!provide]                        PROVIDE (_data = .)
                0x00000000080064ec                __textdata_base__ = LOADADDR (.data)
                0x0000000020000a00                __data_base__ = .
 *(.data)
 *(.data.*)
 .data._ZL12auxDacConfig
                0x0000000020000a00        0x8 /tmp/ccFs2Bll.ltrans0.ltrans.o
 *(.ramtext)
                0x0000000020000a08                . = ALIGN (0x4)
                [!provide]                        PROVIDE (_edata = .)
                0x0000000020000a08                __data_end__ = .

.igot.plt       0x0000000020000a08        0x0 load address 0x00000000080064f4
 .igot.plt      0x0000000020000a08        0x0 ./build/obj/crt0_v6m.o

.bss            0x0000000020000a08      0xf88 load address 0x00000000080064f4
                0x0000000020000a08                __bss_base__ = .
 *(.bss)
 *(.bss.*)
 .bss.ADCD1     0x0000000020000a08       0x24 /tmp/ccFs2Bll.ltrans0.ltrans.o
 .bss.CAND1     0x0000000020000a2c       0x40 /tmp/ccFs2Bll.ltrans0.ltrans.o
 .bss.DACD1     0x0000000020000a6c       0x24 /tmp/ccFs2Bll.ltrans0.ltrans.o
 .bss.DACD2     0x0000000020000a90       0x24 /tmp/ccFs2Bll.ltrans0.ltrans.o
 .bss.PWMD1     0x0000000020000ab4       0x1c /tmp/ccFs2Bll.ltrans0.ltrans.o
 .bss.PWMD3     0x0000000020000ad0       0x1c /tmp/ccFs2Bll.ltrans0.ltrans.o
 .bss.UARTD1    0x0000000020000aec       0x24 /tmp/ccFs2Bll.ltrans0.ltrans.o
 .bss._ZL11heaterAllow
                0x0000000020000b10        0x4 /tmp/ccFs2Bll.ltrans0.ltrans.o
 .bss._ZL12currentFault
                0x0000000020000b14        0x1 /tmp/ccFs2Bll.ltrans0.ltrans.o
 *fill*         0x0000000020000b15        0x3 
 .bss._ZL12waPumpThread
                0x0000000020000b18      0x1a0 /tmp/ccFs2Bll.ltrans0.ltrans.o
 .bss._ZL13configuration
                0x0000000020000cb8        0x4 /tmp/ccFs2Bll.ltrans0.ltrans.o
 *fill*         0x0000000020000cbc        0x4 
 .bss._ZL13waCanRxThread
                0x0000000020000cc0      0x2a0 /tmp/ccFs2Bll.ltrans0.ltrans.o
 .bss._ZL13waCanTxThread
                0x0000000020000f60      0x1a0 /tmp/ccFs2Bll.ltrans0.ltrans.o
 .bss._ZL14waAuxOutThread
                0x0000000020001100      0x1a0 /tmp/ccFs2Bll.ltrans0.ltrans.o
 .bss._ZL14waHeaterThread
                0x00000000200012a0      0x1a0 /tmp/ccFs2Bll.ltrans0.ltrans.o
 .bss._ZL16waSamplingThread
                0x0000000020001440      0x1a0 /tmp/ccFs2Bll.ltrans0.ltrans.o
 .bss._ZL20remoteBatteryVoltage
                0x00000000200015e0        0x4 /tmp/ccFs2Bll.ltrans0.ltrans.o
 .bss._ZL5state.lto_priv.1
                0x00000000200015e4       0x1c /tmp/ccFs2Bll.ltrans0.ltrans.o
 .bss._ZL6auxDac
                0x0000000020001600        0xc /tmp/ccFs2Bll.ltrans0.ltrans.o
 .bss._ZL6config
                0x000000002000160c      0x100 /tmp/ccFs2Bll.ltrans0.ltrans.o
 .bss._ZL7pumpDac
                0x000000002000170c       0x1c /tmp/ccFs2Bll.ltrans0.ltrans.o
 .bss._ZL8samplers
                0x0000000020001728       0x20 /tmp/ccFs2Bll.ltrans0.ltrans.o
 .bss._ZL9adcBuffer
                0x0000000020001748       0x90 /tmp/ccFs2Bll.ltrans0.ltrans.o
 .bss._ZL9heaterPwm
                0x00000000200017d8       0x1c /tmp/ccFs2Bll.ltrans0.ltrans.o
 *fill*         0x00000000200017f4        0x4 
 .bss.ch        0x00000000200017f8       0x48 /tmp/ccFs2Bll.ltrans0.ltrans.o
 .bss.ch_idle_thread_wa
                0x0000000020001840       0xb0 /tmp/ccFs2Bll.ltrans0.ltrans.o
 .bss.dma       0x00000000200018f0       0x40 /tmp/ccFs2Bll.ltrans0.ltrans.o
 .bss.heaterControllers
                0x0000000020001930       0x60 /tmp/ccFs2Bll.ltrans0.ltrans.o
 *(COMMON)
                0x0000000020001990                . = ALIGN (0x4)
                0x0000000020001990                __bss_end__ = .
                [!provide]                        PROVIDE (end = .)
                0x0000000020000200                __ram0_base__ = ORIGIN (ram0)
                0x0000000000003f00                __ram0_size__ = LENGTH (ram0)
                0x0000000020004100                __ram0_end__ = (__ram0_base__ + __ram0_size__)
                0x0000000000000000                __ram1_base__ = ORIGIN (ram1)
                0x0000000000000000                __ram1_size__ = LENGTH (ram1)
                0x0000000000000000                __ram1_end__ = (__ram1_base__ + __ram1_size__)
                0x0000000000000000                __ram2_base__ = ORIGIN (ram2)
                0x0000000000000000                __ram2_size__ = LENGTH (ram2)
                0x0000000000000000                __ram2_end__ = (__ram2_base__ + __ram2_size__)
                0x0000000000000000                __ram3_base__ = ORIGIN (ram3)
                0x0000000000000000                __ram3_size__ = LENGTH (ram3)
                0x0000000000000000                __ram3_end__ = (__ram3_base__ + __ram3_size__)
                0x0000000000000000                __ram4_base__ = ORIGIN (ram4)
                0x0000000000000000                __ram4_size__ = LENGTH (ram4)
                0x0000000000000000                __ram4_end__ = (__ram4_base__ + __ram4_size__)
                0x0000000000000000                __ram5_base__ = ORIGIN (ram5)
                0x0000000000000000                __ram5_size__ = LENGTH (ram5)
                0x0000000000000000                __ram5_end__ = (__ram5_base__ + __ram5_size__)
                0x0000000000000000                __ram6_base__ = ORIGIN (ram6)
                0x0000000000000000                __ram6_size__ = LENGTH (ram6)
                0x0000000000000000                __ram6_end__ = (__ram6_base__ + __ram6_size__)
                0x0000000000000000                __ram7_base__ = ORIGIN (ram7)
                0x0000000000000000                __ram7_size__ = LENGTH (ram7)
                0x0000000000000000                __ram7_end__ = (__ram7_base__ + __ram7_size__)
                0x0000000008001800                __flash0_base__ = ORIGIN (flash0)
                0x0000000000006400                __flash0_size__ = LENGTH (flash0)
                0x0000000008007c00                __flash0_end__ = (__flash0_base__ + __flash0_size__)
                0x0000000000000000                __flash1_base__ = ORIGIN (flash1)
                0x0000000000000000                __flash1_size__ = LENGTH (flash1)
                0x0000000000000000                __flash1_end__ = (__flash1_base__ + __flash1_size__)
                0x0000000000000000                __flash2_base__ = ORIGIN (flash2)
                0x0000000000000000                __flash2_size__ = LENGTH (flash2)
                0x0000000000000000                __flash2_end__ = (__flash2_base__ + __flash2_size__)
                0x0000000000000000                __flash3_base__ = ORIGIN (flash3)
                0x0000000000000000                __flash3_size__ = LENGTH (flash3)
                0x0000000000000000                __flash3_end__ = (__flash3_base__ + __flash3_size__)
                0x0000000000000000                __flash4_base__ = ORIGIN (flash4)
                0x0000000000000000                __flash4_size__ = LENGTH (flash4)
                0x0000000000000000                __flash4_end__ = (__flash4_base__ + __flash4_size__)
                0x0000000000000000                __flash5_base__ = ORIGIN (flash5)
                0x0000000000000000                __flash5_size__ = LENGTH (flash5)
                0x0000000000000000                __flash5_end__ = (__flash5_base__ + __flash5_size__)
                0x0000000000000000                __flash6_base__ = ORIGIN (flash6)
                0x0000000000000000                __flash6_size__ = LENGTH (flash6)
                0x0000000000000000                __flash6_end__ = (__flash6_base__ + __flash6_size__)
                0x0000000000000000                __flash7_base__ = ORIGIN (flash7)
                0x0000000000000000                __flash7_size__ = LENGTH (flash7)
                0x0000000000000000                __flash7_end__ = (__flash7_base__ + __flash7_size__)

.ram0_init      0x0000000020001990        0x0 load address 0x00000000080064f4
                0x00000000080064f4                __ram0_init_text__ = LOADADDR (.ram0_init)
                0x0000000020001990                __ram0_init__ = .
 *(.ram0_init)
 *(.ram0_init.*)
                0x0000000020001990                . = ALIGN (0x4)

.ram0           0x0000000020001990        0x0 load address 0x00000000080064f4
                0x0000000020001990                __ram0_clear__ = .
 *(.ram0_clear)
 *(.ram0_clear.*)
                0x0000000020001990                . = ALIGN (0x4)
                0x0000000020001990                __ram0_noinit__ = .
 *(.ram0)
 *(.ram0.*)
                0x0000000020001990                . = ALIGN (0x4)
                0x0000000020001990                __ram0_free__ = .

.ram1_init      0x0000000000000000        0x0 load address 0x00000000080064f4
                0x00000000080064f4                __ram1_init_text__ = LOADADDR (.ram1_init)
                0x0000000000000000                __ram1_init__ = .
 *(.ram1_init)
 *(.ram1_init.*)
                0x0000000000000000                . = ALIGN (0x4)

.ram1           0x0000000000000000        0x0 load address 0x00000000080064f4
                0x0000000000000000                __ram1_clear__ = .
 *(.ram1_clear)
 *(.ram1_clear.*)
                0x0000000000000000                . = ALIGN (0x4)
                0x0000000000000000                __ram1_noinit__ = .
 *(.ram1)
 *(.ram1.*)
                0x0000000000000000                . = ALIGN (0x4)
                0x0000000000000000                __ram1_free__ = .

.ram2_init      0x0000000000000000        0x0 load address 0x00000000080064f4
                0x00000000080064f4                __ram2_init_text__ = LOADADDR (.ram2_init)
                0x0000000000000000                __ram2_init__ = .
 *(.ram2_init)
 *(.ram2_init.*)
                0x0000000000000000                . = ALIGN (0x4)

.ram2           0x0000000000000000        0x0 load address 0x00000000080064f4
                0x0000000000000000                __ram2_clear__ = .
 *(.ram2_clear)
 *(.ram2_clear.*)
                0x0000000000000000                . = ALIGN (0x4)
                0x0000000000000000                __ram2_noinit__ = .
 *(.ram2)
 *(.ram2.*)
                0x0000000000000000                . = ALIGN (0x4)
                0x0000000000000000                __ram2_free__ = .

.ram3_init      0x0000000000000000        0x0 load address 0x00000000080064f4
                0x00000000080064f4                __ram3_init_text__ = LOADADDR (.ram3_init)
                0x0000000000000000                __ram3_init__ = .
 *(.ram3_init)
 *(.ram3_init.*)
                0x0000000000000000                . = ALIGN (0x4)

.ram3           0x0000000000000000        0x0 load address 0x00000000080064f4
                0x0000000000000000                __ram3_clear__ = .
 *(.ram3_clear)
 *(.ram3_clear.*)
                0x0000000000000000                . = ALIGN (0x4)
                0x0000000000000000                __ram3_noinit__ = .
 *(.ram3)
 *(.ram3.*)
                0x0000000000000000                . = ALIGN (0x4)
                0x0000000000000000                __ram3_free__ = .

.ram4_init      0x0000000000000000        0x0 load address 0x00000000080064f4
                0x00000000080064f4                __ram4_init_text__ = LOADADDR (.ram4_init)
                0x0000000000000000                __ram4_init__ = .
 *(.ram4_init)
 *(.ram4_init.*)
                0x0000000000000000                . = ALIGN (0x4)

.ram4           0x0000000000000000        0x0 load address 0x00000000080064f4
                0x0000000000000000                __ram4_clear__ = .
 *(.ram4_clear)
 *(.ram4_clear.*)
                0x0000000000000000                . = ALIGN (0x4)
                0x0000000000000000                __ram4_noinit__ = .
 *(.ram4)
 *(.ram4.*)
                0x0000000000000000                . = ALIGN (0x4)
                0x0000000000000000                __ram4_free__ = .

.ram5_init      0x0000000000000000        0x0 load address 0x00000000080064f4
                0x00000000080064f4                __ram5_init_text__ = LOADADDR (.ram5_init)
                0x0000000000000000                __ram5_init__ = .
 *(.ram5_init)
 *(.ram5_init.*)
                0x0000000000000000                . = ALIGN (0x4)

.ram5           0x0000000000000000        0x0 load address 0x00000000080064f4
                0x0000000000000000                __ram5_clear__ = .
 *(.ram5_clear)
 *(.ram5_clear.*)
                0x0000000000000000                . = ALIGN (0x4)
                0x0000000000000000                __ram5_noinit__ = .
 *(.ram5)
 *(.ram5.*)
                0x0000000000000000                . = ALIGN (0x4)
                0x0000000000000000                __ram5_free__ = .

.ram6_init      0x0000000000000000        0x0 load address 0x00000000080064f4
                0x00000000080064f4                __ram6_init_text__ = LOADADDR (.ram6_init)
                0x0000000000000000                __ram6_init__ = .
 *(.ram6_init)
 *(.ram6_init.*)
                0x0000000000000000                . = ALIGN (0x4)

.ram6           0x0000000000000000        0x0 load address 0x00000000080064f4
                0x0000000000000000                __ram6_clear__ = .
 *(.ram6_clear)
 *(.ram6_clear.*)
                0x0000000000000000                . = ALIGN (0x4)
                0x0000000000000000                __ram6_noinit__ = .
 *(.ram6)
 *(.ram6.*)
                0x0000000000000000                . = ALIGN (0x4)
                0x0000000000000000                __ram6_free__ = .

.ram7_init      0x0000000000000000        0x0 load address 0x00000000080064f4
                0x00000000080064f4                __ram7_init_text__ = LOADADDR (.ram7_init)
                0x0000000000000000                __ram7_init__ = .
 *(.ram7_init)
 *(.ram7_init.*)
                0x0000000000000000                . = ALIGN (0x4)

.ram7           0x0000000000000000        0x0 load address 0x00000000080064f4
                0x0000000000000000                __ram7_clear__ = .
 *(.ram7_clear)
 *(.ram7_clear.*)
                0x0000000000000000                . = ALIGN (0x4)
                0x0000000000000000                __ram7_noinit__ = .
 *(.ram7)
 *(.ram7.*)
                0x0000000000000000                . = ALIGN (0x4)
                0x0000000000000000                __ram7_free__ = .

.flash0         0x00000000080064f4        0x0
                0x00000000080064f4                __flash0_init__ = .
 *(.flash0_init)
 *(.flash0_init.*)
                0x00000000080064f4                __flash0_free__ = .

.flash1         0x0000000000000000        0x0
                0x0000000000000000                __flash1_init__ = .
 *(.flash1_init)
 *(.flash1_init.*)
                0x0000000000000000                __flash1_free__ = .

.flash2         0x0000000000000000        0x0
                0x0000000000000000                __flash2_init__ = .
 *(.flash2_init)
 *(.flash2_init.*)
                0x0000000000000000                __flash2_free__ = .

.flash3         0x0000000000000000        0x0
                0x0000000000000000                __flash3_init__ = .
 *(.flash3_init)
 *(.flash3_init.*)
                0x0000000000000000                __flash3_free__ = .

.flash4         0x0000000000000000        0x0
                0x0000000000000000                __flash4_init__ = .
 *(.flash4_init)
 *(.flash4_init.*)
                0x0000000000000000                __flash4_free__ = .

.flash5         0x0000000000000000        0x0
                0x0000000000000000                __flash5_init__ = .
 *(.flash5_init)
 *(.flash5_init.*)
                0x0000000000000000                __flash5_free__ = .

.flash6         0x0000000000000000        0x0
                0x0000000000000000                __flash6_init__ = .
 *(.flash6_init)
 *(.flash6_init.*)
                0x0000000000000000                __flash6_free__ = .

.flash7         0x0000000000000000        0x0
                0x0000000000000000                __flash7_init__ = .
 *(.flash7_init)
 *(.flash7_init.*)
                0x0000000000000000                __flash7_free__ = .

.heap           0x0000000020001990     0x2770
                0x0000000020001990                . = ALIGN (0x8)
                0x0000000020001990                __heap_base__ = .
                0x0000000020004100                . = (ORIGIN (HEAP_RAM) + LENGTH (HEAP_RAM))
 *fill*         0x0000000020001990     0x2770 
                0x0000000020004100                __heap_end__ = .
                0x0000000000000400                __process_stack_size__ = 0x400
                0x0000000000000400                __main_stack_size__ = 0x400
LOAD boards/f0_addon/bootloader/build/wideband_bootloader.o
START GROUP
LOAD /home/kocur/.rusefi-tools/arm-gnu-toolchain-11.3.rel1-x86_64-arm-none-eabi/bin/../lib/gcc/arm-none-eabi/11.3.1/thumb/v6-m/nofp/libgcc.a
LOAD /home/kocur/.rusefi-tools/arm-gnu-toolchain-11.3.rel1-x86_64-arm-none-eabi/bin/../lib/gcc/arm-none-eabi/11.3.1/../../../../arm-none-eabi/lib/thumb/v6-m/nofp/libg.a
LOAD /home/kocur/.rusefi-tools/arm-gnu-toolchain-11.3.rel1-x86_64-arm-none-eabi/bin/../lib/gcc/arm-none-eabi/11.3.1/../../../../arm-none-eabi/lib/thumb/v6-m/nofp/libc.a
END GROUP
OUTPUT(build/wideband.elf elf32-littlearm)
LOAD linker stubs

.ARM.attributes
                0x0000000000000000       0x2d
 .ARM.attributes
                0x0000000000000000       0x21 ./build/obj/crt0_v6m.o
 .ARM.attributes
                0x0000000000000021       0x21 ./build/obj/vectors.o
 .ARM.attributes
                0x0000000000000042       0x21 ./build/obj/chcoreasm.o
 .ARM.attributes
                0x0000000000000063       0x21 ./build/obj/main_hardfault_asm.o
 .ARM.attributes
                0x0000000000000084       0x2a /tmp/ccFs2Bll.ltrans0.ltrans.o
 .ARM.attributes
                0x00000000000000ae       0x2c /home/kocur/.rusefi-tools/arm-gnu-toolchain-11.3.rel1-x86_64-arm-none-eabi/bin/../lib/gcc/arm-none-eabi/11.3.1/../../../../arm-none-eabi/lib/thumb/v6-m/nofp/libg.a(libc_a-memset.o)
 .ARM.attributes
                0x00000000000000da       0x2c /home/kocur/.rusefi-tools/arm-gnu-toolchain-11.3.rel1-x86_64-arm-none-eabi/bin/../lib/gcc/arm-none-eabi/11.3.1/../../../../arm-none-eabi/lib/thumb/v6-m/nofp/libg.a(libc_a-memcpy-stub.o)
 .ARM.attributes
                0x0000000000000106       0x1e /home/kocur/.rusefi-tools/arm-gnu-toolchain-11.3.rel1-x86_64-arm-none-eabi/bin/../lib/gcc/arm-none-eabi/11.3.1/thumb/v6-m/nofp/libgcc.a(_udivsi3.o)
 .ARM.attributes
                0x0000000000000124       0x1e /home/kocur/.rusefi-tools/arm-gnu-toolchain-11.3.rel1-x86_64-arm-none-eabi/bin/../lib/gcc/arm-none-eabi/11.3.1/thumb/v6-m/nofp/libgcc.a(_dvmd_tls.o)
 .ARM.attributes
                0x0000000000000142       0x1e /home/kocur/.rusefi-tools/arm-gnu-toolchain-11.3.rel1-x86_64-arm-none-eabi/bin/../lib/gcc/arm-none-eabi/11.3.1/thumb/v6-m/nofp/libgcc.a(_arm_cmpsf2.o)
 .ARM.attributes
                0x0000000000000160       0x2c /home/kocur/.rusefi-tools/arm-gnu-toolchain-11.3.rel1-x86_64-arm-none-eabi/bin/../lib/gcc/arm-none-eabi/11.3.1/thumb/v6-m/nofp/libgcc.a(_fixunssfsi.o)
 .ARM.attributes
                0x000000000000018c       0x2c /home/kocur/.rusefi-tools/arm-gnu-toolchain-11.3.rel1-x86_64-arm-none-eabi/bin/../lib/gcc/arm-none-eabi/11.3.1/thumb/v6-m/nofp/libgcc.a(addsf3.o)
 .ARM.attributes
                0x00000000000001b8       0x2c /home/kocur/.rusefi-tools/arm-gnu-toolchain-11.3.rel1-x86_64-arm-none-eabi/bin/../lib/gcc/arm-none-eabi/11.3.1/thumb/v6-m/nofp/libgcc.a(divsf3.o)
 .ARM.attributes
                0x00000000000001e4       0x2c /home/kocur/.rusefi-tools/arm-gnu-toolchain-11.3.rel1-x86_64-arm-none-eabi/bin/../lib/gcc/arm-none-eabi/11.3.1/thumb/v6-m/nofp/libgcc.a(eqsf2.o)
 .ARM.attributes
                0x0000000000000210       0x2c /home/kocur/.rusefi-tools/arm-gnu-toolchain-11.3.rel1-x86_64-arm-none-eabi/bin/../lib/gcc/arm-none-eabi/11.3.1/thumb/v6-m/nofp/libgcc.a(gesf2.o)
 .ARM.attributes
                0x000000000000023c       0x2c /home/kocur/.rusefi-tools/arm-gnu-toolchain-11.3.rel1-x86_64-arm-none-eabi/bin/../lib/gcc/arm-none-eabi/11.3.1/thumb/v6-m/nofp/libgcc.a(lesf2.o)
 .ARM.attributes
                0x0000000000000268       0x2c /home/kocur/.rusefi-tools/arm-gnu-toolchain-11.3.rel1-x86_64-arm-none-eabi/bin/../lib/gcc/arm-none-eabi/11.3.1/thumb/v6-m/nofp/libgcc.a(mulsf3.o)
 .ARM.attributes
                0x0000000000000294       0x2c /home/kocur/.rusefi-tools/arm-gnu-toolchain-11.3.rel1-x86_64-arm-none-eabi/bin/../lib/gcc/arm-none-eabi/11.3.1/thumb/v6-m/nofp/libgcc.a(subsf3.o)
 .ARM.attributes
                0x00000000000002c0       0x2c /home/kocur/.rusefi-tools/arm-gnu-toolchain-11.3.rel1-x86_64-arm-none-eabi/bin/../lib/gcc/arm-none-eabi/11.3.1/thumb/v6-m/nofp/libgcc.a(fixsfsi.o)
 .ARM.attributes
                0x00000000000002ec       0x2c /home/kocur/.rusefi-tools/arm-gnu-toolchain-11.3.rel1-x86_64-arm-none-eabi/bin/../lib/gcc/arm-none-eabi/11.3.1/thumb/v6-m/nofp/libgcc.a(floatsisf.o)
 .ARM.attributes
                0x0000000000000318       0x2c /home/kocur/.rusefi-tools/arm-gnu-toolchain-11.3.rel1-x86_64-arm-none-eabi/bin/../lib/gcc/arm-none-eabi/11.3.1/thumb/v6-m/nofp/libgcc.a(floatunsisf.o)
 .ARM.attributes
                0x0000000000000344       0x1e /home/kocur/.rusefi-tools/arm-gnu-toolchain-11.3.rel1-x86_64-arm-none-eabi/bin/../lib/gcc/arm-none-eabi/11.3.1/thumb/v6-m/nofp/libgcc.a(_clzsi2.o)

.comment        0x0000000000000000       0x33
 .comment       0x0000000000000000       0x34 /tmp/ccFs2Bll.ltrans0.ltrans.o
 .comment       0x0000000000000000       0x33 /home/kocur/.rusefi-tools/arm-gnu-toolchain-11.3.rel1-x86_64-arm-none-eabi/bin/../lib/gcc/arm-none-eabi/11.3.1/../../../../arm-none-eabi/lib/thumb/v6-m/nofp/libg.a(libc_a-memset.o)
                                         0x34 (size before relaxing)
 .comment       0x0000000000000033       0x34 /home/kocur/.rusefi-tools/arm-gnu-toolchain-11.3.rel1-x86_64-arm-none-eabi/bin/../lib/gcc/arm-none-eabi/11.3.1/../../../../arm-none-eabi/lib/thumb/v6-m/nofp/libg.a(libc_a-memcpy-stub.o)
 .comment       0x0000000000000033       0x34 /home/kocur/.rusefi-tools/arm-gnu-toolchain-11.3.rel1-x86_64-arm-none-eabi/bin/../lib/gcc/arm-none-eabi/11.3.1/thumb/v6-m/nofp/libgcc.a(_fixunssfsi.o)
 .comment       0x0000000000000033       0x34 /home/kocur/.rusefi-tools/arm-gnu-toolchain-11.3.rel1-x86_64-arm-none-eabi/bin/../lib/gcc/arm-none-eabi/11.3.1/thumb/v6-m/nofp/libgcc.a(addsf3.o)
 .comment       0x0000000000000033       0x34 /home/kocur/.rusefi-tools/arm-gnu-toolchain-11.3.rel1-x86_64-arm-none-eabi/bin/../lib/gcc/arm-none-eabi/11.3.1/thumb/v6-m/nofp/libgcc.a(divsf3.o)
 .comment       0x0000000000000033       0x34 /home/kocur/.rusefi-tools/arm-gnu-toolchain-11.3.rel1-x86_64-arm-none-eabi/bin/../lib/gcc/arm-none-eabi/11.3.1/thumb/v6-m/nofp/libgcc.a(eqsf2.o)
 .comment       0x0000000000000033       0x34 /home/kocur/.rusefi-tools/arm-gnu-toolchain-11.3.rel1-x86_64-arm-none-eabi/bin/../lib/gcc/arm-none-eabi/11.3.1/thumb/v6-m/nofp/libgcc.a(gesf2.o)
 .comment       0x0000000000000033       0x34 /home/kocur/.rusefi-tools/arm-gnu-toolchain-11.3.rel1-x86_64-arm-none-eabi/bin/../lib/gcc/arm-none-eabi/11.3.1/thumb/v6-m/nofp/libgcc.a(lesf2.o)
 .comment       0x0000000000000033       0x34 /home/kocur/.rusefi-tools/arm-gnu-toolchain-11.3.rel1-x86_64-arm-none-eabi/bin/../lib/gcc/arm-none-eabi/11.3.1/thumb/v6-m/nofp/libgcc.a(mulsf3.o)
 .comment       0x0000000000000033       0x34 /home/kocur/.rusefi-tools/arm-gnu-toolchain-11.3.rel1-x86_64-arm-none-eabi/bin/../lib/gcc/arm-none-eabi/11.3.1/thumb/v6-m/nofp/libgcc.a(subsf3.o)
 .comment       0x0000000000000033       0x34 /home/kocur/.rusefi-tools/arm-gnu-toolchain-11.3.rel1-x86_64-arm-none-eabi/bin/../lib/gcc/arm-none-eabi/11.3.1/thumb/v6-m/nofp/libgcc.a(fixsfsi.o)
 .comment       0x0000000000000033       0x34 /home/kocur/.rusefi-tools/arm-gnu-toolchain-11.3.rel1-x86_64-arm-none-eabi/bin/../lib/gcc/arm-none-eabi/11.3.1/thumb/v6-m/nofp/libgcc.a(floatsisf.o)
 .comment       0x0000000000000033       0x34 /home/kocur/.rusefi-tools/arm-gnu-toolchain-11.3.rel1-x86_64-arm-none-eabi/bin/../lib/gcc/arm-none-eabi/11.3.1/thumb/v6-m/nofp/libgcc.a(floatunsisf.o)

.debug_line     0x0000000000000000     0xb974
 .debug_line    0x0000000000000000       0xab ./build/obj/crt0_v6m.o
 .debug_line    0x00000000000000ab       0x4f ./build/obj/vectors.o
 .debug_line    0x00000000000000fa       0x6a ./build/obj/chcoreasm.o
 .debug_line    0x0000000000000164       0x53 ./build/obj/main_hardfault_asm.o
 .debug_line    0x00000000000001b7     0x7398 /tmp/ccFs2Bll.ltrans0.ltrans.o
 .debug_line    0x000000000000754f       0x80 /tmp/ccPVCf86.debug.temp.o
 .debug_line    0x00000000000075cf       0x68 /tmp/ccrGqmkn.debug.temp.o
 .debug_line    0x0000000000007637       0xbf /tmp/ccgEPKmU.debug.temp.o
 .debug_line    0x00000000000076f6       0xb2 /tmp/cc6fw3fg.debug.temp.o
 .debug_line    0x00000000000077a8       0xbf /tmp/ccocGLvC.debug.temp.o
 .debug_line    0x0000000000007867       0xa4 /tmp/ccOuGcsa.debug.temp.o
 .debug_line    0x000000000000790b       0xba /tmp/ccp02Wej.debug.temp.o
 .debug_line    0x00000000000079c5       0xa0 /tmp/ccU8REHA.debug.temp.o
 .debug_line    0x0000000000007a65       0x8e /tmp/ccCJQq3Q.debug.temp.o
 .debug_line    0x0000000000007af3       0x98 /tmp/ccdutWRz.debug.temp.o
 .debug_line    0x0000000000007b8b       0xa1 /tmp/cc58TGqz.debug.temp.o
 .debug_line    0x0000000000007c2c       0x4c /tmp/ccy3Fwh0.debug.temp.o
 .debug_line    0x0000000000007c78       0x5e /tmp/ccgIbnIV.debug.temp.o
 .debug_line    0x0000000000007cd6       0x82 /tmp/ccUk4TyN.debug.temp.o
 .debug_line    0x0000000000007d58       0x71 /tmp/ccrRcF9S.debug.temp.o
 .debug_line    0x0000000000007dc9       0xba /tmp/cc53BhvG.debug.temp.o
 .debug_line    0x0000000000007e83       0xb2 /tmp/cc29LiIB.debug.temp.o
 .debug_line    0x0000000000007f35       0xb1 /tmp/ccA30IvP.debug.temp.o
 .debug_line    0x0000000000007fe6       0xa4 /tmp/ccKaGQeT.debug.temp.o
 .debug_line    0x000000000000808a       0x56 /tmp/cco0qeTl.debug.temp.o
 .debug_line    0x00000000000080e0       0x87 /tmp/ccFS3F6C.debug.temp.o
 .debug_line    0x0000000000008167       0x83 /tmp/ccUeDHTN.debug.temp.o
 .debug_line    0x00000000000081ea       0x87 /tmp/ccTcWhSq.debug.temp.o
 .debug_line    0x0000000000008271       0x8e /tmp/cc4SekOk.debug.temp.o
 .debug_line    0x00000000000082ff       0x67 /tmp/cc1KKw0E.debug.temp.o
 .debug_line    0x0000000000008366       0x63 /tmp/ccFODHZ5.debug.temp.o
 .debug_line    0x00000000000083c9       0xe3 /tmp/cciPxkvZ.debug.temp.o
 .debug_line    0x00000000000084ac       0x5e /tmp/ccbYMeNq.debug.temp.o
 .debug_line    0x000000000000850a       0x3b /tmp/ccuqgbse.debug.temp.o
 .debug_line    0x0000000000008545       0xbc /tmp/cctVFV8b.debug.temp.o
 .debug_line    0x0000000000008601       0x89 /tmp/ccdgjIBf.debug.temp.o
 .debug_line    0x000000000000868a       0xb2 /tmp/ccJfM95p.debug.temp.o
 .debug_line    0x000000000000873c       0x83 /tmp/cc4HDc3f.debug.temp.o
 .debug_line    0x00000000000087bf      0x10c /tmp/ccKYXGRf.debug.temp.o
 .debug_line    0x00000000000088cb       0xc9 /tmp/ccfczt6L.debug.temp.o
 .debug_line    0x0000000000008994       0x6c /tmp/ccXh4Bfe.debug.temp.o
 .debug_line    0x0000000000008a00       0x7f /tmp/cckqx1EN.debug.temp.o
 .debug_line    0x0000000000008a7f       0x88 /tmp/ccPniw0L.debug.temp.o
 .debug_line    0x0000000000008b07       0xc7 /tmp/ccAXDvpm.debug.temp.o
 .debug_line    0x0000000000008bce       0x84 /tmp/ccDOp3gA.debug.temp.o
 .debug_line    0x0000000000008c52       0xb8 /tmp/ccNrvo6O.debug.temp.o
 .debug_line    0x0000000000008d0a      0x114 /tmp/cciqu7iL.debug.temp.o
 .debug_line    0x0000000000008e1e       0xdb /tmp/cclQqP9m.debug.temp.o
 .debug_line    0x0000000000008ef9       0xd4 /tmp/ccGuRxks.debug.temp.o
 .debug_line    0x0000000000008fcd       0xfb /tmp/ccmro3h6.debug.temp.o
 .debug_line    0x00000000000090c8      0x243 /home/kocur/.rusefi-tools/arm-gnu-toolchain-11.3.rel1-x86_64-arm-none-eabi/bin/../lib/gcc/arm-none-eabi/11.3.1/../../../../arm-none-eabi/lib/thumb/v6-m/nofp/libg.a(libc_a-memset.o)
 .debug_line    0x000000000000930b      0x228 /home/kocur/.rusefi-tools/arm-gnu-toolchain-11.3.rel1-x86_64-arm-none-eabi/bin/../lib/gcc/arm-none-eabi/11.3.1/../../../../arm-none-eabi/lib/thumb/v6-m/nofp/libg.a(libc_a-memcpy-stub.o)
 .debug_line    0x0000000000009533       0x56 /home/kocur/.rusefi-tools/arm-gnu-toolchain-11.3.rel1-x86_64-arm-none-eabi/bin/../lib/gcc/arm-none-eabi/11.3.1/thumb/v6-m/nofp/libgcc.a(_udivsi3.o)
 .debug_line    0x0000000000009589       0x4a /home/kocur/.rusefi-tools/arm-gnu-toolchain-11.3.rel1-x86_64-arm-none-eabi/bin/../lib/gcc/arm-none-eabi/11.3.1/thumb/v6-m/nofp/libgcc.a(_dvmd_tls.o)
 .debug_line    0x00000000000095d3       0x5f /home/kocur/.rusefi-tools/arm-gnu-toolchain-11.3.rel1-x86_64-arm-none-eabi/bin/../lib/gcc/arm-none-eabi/11.3.1/thumb/v6-m/nofp/libgcc.a(_arm_cmpsf2.o)
 .debug_line    0x0000000000009632       0xd5 /home/kocur/.rusefi-tools/arm-gnu-toolchain-11.3.rel1-x86_64-arm-none-eabi/bin/../lib/gcc/arm-none-eabi/11.3.1/thumb/v6-m/nofp/libgcc.a(_fixunssfsi.o)
 .debug_line    0x0000000000009707      0x67a /home/kocur/.rusefi-tools/arm-gnu-toolchain-11.3.rel1-x86_64-arm-none-eabi/bin/../lib/gcc/arm-none-eabi/11.3.1/thumb/v6-m/nofp/libgcc.a(addsf3.o)
 .debug_line    0x0000000000009d81      0x536 /home/kocur/.rusefi-tools/arm-gnu-toolchain-11.3.rel1-x86_64-arm-none-eabi/bin/../lib/gcc/arm-none-eabi/11.3.1/thumb/v6-m/nofp/libgcc.a(divsf3.o)
 .debug_line    0x000000000000a2b7      0x12f /home/kocur/.rusefi-tools/arm-gnu-toolchain-11.3.rel1-x86_64-arm-none-eabi/bin/../lib/gcc/arm-none-eabi/11.3.1/thumb/v6-m/nofp/libgcc.a(eqsf2.o)
 .debug_line    0x000000000000a3e6      0x183 /home/kocur/.rusefi-tools/arm-gnu-toolchain-11.3.rel1-x86_64-arm-none-eabi/bin/../lib/gcc/arm-none-eabi/11.3.1/thumb/v6-m/nofp/libgcc.a(gesf2.o)
 .debug_line    0x000000000000a569      0x17a /home/kocur/.rusefi-tools/arm-gnu-toolchain-11.3.rel1-x86_64-arm-none-eabi/bin/../lib/gcc/arm-none-eabi/11.3.1/thumb/v6-m/nofp/libgcc.a(lesf2.o)
 .debug_line    0x000000000000a6e3      0x563 /home/kocur/.rusefi-tools/arm-gnu-toolchain-11.3.rel1-x86_64-arm-none-eabi/bin/../lib/gcc/arm-none-eabi/11.3.1/thumb/v6-m/nofp/libgcc.a(mulsf3.o)
 .debug_line    0x000000000000ac46      0x6e9 /home/kocur/.rusefi-tools/arm-gnu-toolchain-11.3.rel1-x86_64-arm-none-eabi/bin/../lib/gcc/arm-none-eabi/11.3.1/thumb/v6-m/nofp/libgcc.a(subsf3.o)
 .debug_line    0x000000000000b32f      0x136 /home/kocur/.rusefi-tools/arm-gnu-toolchain-11.3.rel1-x86_64-arm-none-eabi/bin/../lib/gcc/arm-none-eabi/11.3.1/thumb/v6-m/nofp/libgcc.a(fixsfsi.o)
 .debug_line    0x000000000000b465      0x257 /home/kocur/.rusefi-tools/arm-gnu-toolchain-11.3.rel1-x86_64-arm-none-eabi/bin/../lib/gcc/arm-none-eabi/11.3.1/thumb/v6-m/nofp/libgcc.a(floatsisf.o)
 .debug_line    0x000000000000b6bc      0x25a /home/kocur/.rusefi-tools/arm-gnu-toolchain-11.3.rel1-x86_64-arm-none-eabi/bin/../lib/gcc/arm-none-eabi/11.3.1/thumb/v6-m/nofp/libgcc.a(floatunsisf.o)
 .debug_line    0x000000000000b916       0x5e /home/kocur/.rusefi-tools/arm-gnu-toolchain-11.3.rel1-x86_64-arm-none-eabi/bin/../lib/gcc/arm-none-eabi/11.3.1/thumb/v6-m/nofp/libgcc.a(_clzsi2.o)

.debug_line_str
                0x0000000000000000      0xffb
 .debug_line_str
                0x0000000000000000       0x66 ./build/obj/crt0_v6m.o
                                         0x71 (size before relaxing)
 .debug_line_str
                0x0000000000000066        0xa ./build/obj/vectors.o
                                         0x6f (size before relaxing)
 .debug_line_str
                0x0000000000000070       0x3a ./build/obj/chcoreasm.o
                                         0x72 (size before relaxing)
 .debug_line_str
                0x00000000000000aa       0x15 ./build/obj/main_hardfault_asm.o
                                         0x56 (size before relaxing)
 .debug_line_str
                0x00000000000000bf      0x11c /tmp/ccPVCf86.debug.temp.o
                                        0x14e (size before relaxing)
 .debug_line_str
                0x00000000000001db      0x16c /tmp/ccrGqmkn.debug.temp.o
                                        0x1b4 (size before relaxing)
 .debug_line_str
                0x0000000000000347      0x1c1 /tmp/ccgEPKmU.debug.temp.o
                                        0x38d (size before relaxing)
 .debug_line_str
                0x0000000000000508       0x59 /tmp/cc6fw3fg.debug.temp.o
                                        0x2ec (size before relaxing)
 .debug_line_str
                0x0000000000000561       0x50 /tmp/ccocGLvC.debug.temp.o
                                        0x38d (size before relaxing)
 .debug_line_str
                0x00000000000005b1       0x2b /tmp/ccOuGcsa.debug.temp.o
                                        0x2b2 (size before relaxing)
 .debug_line_str
                0x00000000000005dc       0x54 /tmp/ccp02Wej.debug.temp.o
                                        0x387 (size before relaxing)
 .debug_line_str
                0x0000000000000630       0x54 /tmp/ccU8REHA.debug.temp.o
                                        0x2d4 (size before relaxing)
 .debug_line_str
                0x0000000000000684       0x28 /tmp/ccCJQq3Q.debug.temp.o
                                        0x23e (size before relaxing)
 .debug_line_str
                0x00000000000006ac       0x1b /tmp/ccdutWRz.debug.temp.o
                                        0x257 (size before relaxing)
 .debug_line_str
                0x00000000000006c7       0x1e /tmp/cc58TGqz.debug.temp.o
                                        0x2d6 (size before relaxing)
 .debug_line_str
                0x00000000000006e5       0x36 /tmp/ccy3Fwh0.debug.temp.o
                                        0x181 (size before relaxing)
 .debug_line_str
                0x000000000000071b       0x58 /tmp/ccgIbnIV.debug.temp.o
                                        0x1c1 (size before relaxing)
 .debug_line_str
                0x0000000000000773       0x38 /tmp/ccUk4TyN.debug.temp.o
                                        0x284 (size before relaxing)
 .debug_line_str
                0x00000000000007ab       0x4e /tmp/ccrRcF9S.debug.temp.o
                                        0x21d (size before relaxing)
 .debug_line_str
                0x00000000000007f9       0x33 /tmp/cc53BhvG.debug.temp.o
                                        0x3ab (size before relaxing)
 .debug_line_str
                0x000000000000082c       0x33 /tmp/cc29LiIB.debug.temp.o
                                        0x313 (size before relaxing)
 .debug_line_str
                0x000000000000085f       0x33 /tmp/ccA30IvP.debug.temp.o
                                        0x381 (size before relaxing)
 .debug_line_str
                0x0000000000000892       0x31 /tmp/ccKaGQeT.debug.temp.o
                                        0x2e1 (size before relaxing)
 .debug_line_str
                0x00000000000008c3       0x41 /tmp/cco0qeTl.debug.temp.o
                                        0x198 (size before relaxing)
 .debug_line_str
                0x0000000000000904       0x32 /tmp/ccFS3F6C.debug.temp.o
                                        0x282 (size before relaxing)
 .debug_line_str
                0x0000000000000936       0x33 /tmp/ccUeDHTN.debug.temp.o
                                        0x25a (size before relaxing)
 .debug_line_str
                0x0000000000000969       0x36 /tmp/ccTcWhSq.debug.temp.o
                                        0x2cf (size before relaxing)
 .debug_line_str
                0x000000000000099f       0x29 /tmp/cc4SekOk.debug.temp.o
                                        0x265 (size before relaxing)
 .debug_line_str
                0x00000000000009c8       0x18 /tmp/cc1KKw0E.debug.temp.o
                                        0x1d8 (size before relaxing)
 .debug_line_str
                0x00000000000009e0       0x6b /tmp/ccFODHZ5.debug.temp.o
                                        0x129 (size before relaxing)
 .debug_line_str
                0x0000000000000a4b      0x1ae /tmp/cciPxkvZ.debug.temp.o
                                        0x4f7 (size before relaxing)
 .debug_line_str
                0x0000000000000bf9       0x20 /tmp/ccbYMeNq.debug.temp.o
                                        0x1b7 (size before relaxing)
 .debug_line_str
                0x0000000000000c19        0xe /tmp/ccuqgbse.debug.temp.o
                                         0x3a (size before relaxing)
 .debug_line_str
                0x0000000000000c27      0x17a /tmp/cctVFV8b.debug.temp.o
                                        0x4a7 (size before relaxing)
 .debug_line_str
                0x0000000000000da1       0x49 /tmp/ccdgjIBf.debug.temp.o
                                        0x2f0 (size before relaxing)
 .debug_line_str
                0x0000000000000dea       0x18 /tmp/ccJfM95p.debug.temp.o
                                        0x3c5 (size before relaxing)
 .debug_line_str
                0x0000000000000e02       0x11 /tmp/cc4HDc3f.debug.temp.o
                                        0x36a (size before relaxing)
 .debug_line_str
                0x0000000000000e13       0x4f /tmp/ccKYXGRf.debug.temp.o
                                        0x540 (size before relaxing)
 .debug_line_str
                0x0000000000000e62       0x20 /tmp/ccfczt6L.debug.temp.o
                                        0x479 (size before relaxing)
 .debug_line_str
                0x0000000000000e82        0xa /tmp/ccXh4Bfe.debug.temp.o
                                        0x2b5 (size before relaxing)
 .debug_line_str
                0x0000000000000e8c       0x16 /tmp/cckqx1EN.debug.temp.o
                                        0x33e (size before relaxing)
 .debug_line_str
                0x0000000000000ea2        0x8 /tmp/ccPniw0L.debug.temp.o
                                        0x323 (size before relaxing)
 .debug_line_str
                0x0000000000000eaa        0x8 /tmp/ccAXDvpm.debug.temp.o
                                        0x4a1 (size before relaxing)
 .debug_line_str
                0x0000000000000eaa        0xd /tmp/ccDOp3gA.debug.temp.o
                                        0x312 (size before relaxing)
 .debug_line_str
                0x0000000000000eb7       0x11 /tmp/ccNrvo6O.debug.temp.o
                                        0x423 (size before relaxing)
 .debug_line_str
                0x0000000000000ec8        0xb /tmp/cciqu7iL.debug.temp.o
                                        0x62e (size before relaxing)
 .debug_line_str
                0x0000000000000ed3       0x14 /tmp/cclQqP9m.debug.temp.o
                                        0x4ae (size before relaxing)
 .debug_line_str
                0x0000000000000ee7       0x12 /tmp/ccGuRxks.debug.temp.o
                                        0x466 (size before relaxing)
 .debug_line_str
                0x0000000000000ef9       0x34 /tmp/ccmro3h6.debug.temp.o
                                        0x4b3 (size before relaxing)
 .debug_line_str
                0x0000000000000f2d       0xc2 /home/kocur/.rusefi-tools/arm-gnu-toolchain-11.3.rel1-x86_64-arm-none-eabi/bin/../lib/gcc/arm-none-eabi/11.3.1/thumb/v6-m/nofp/libgcc.a(_udivsi3.o)
                                         0xce (size before relaxing)
 .debug_line_str
                0x0000000000000fef       0xce /home/kocur/.rusefi-tools/arm-gnu-toolchain-11.3.rel1-x86_64-arm-none-eabi/bin/../lib/gcc/arm-none-eabi/11.3.1/thumb/v6-m/nofp/libgcc.a(_dvmd_tls.o)
 .debug_line_str
                0x0000000000000fef        0xc /home/kocur/.rusefi-tools/arm-gnu-toolchain-11.3.rel1-x86_64-arm-none-eabi/bin/../lib/gcc/arm-none-eabi/11.3.1/thumb/v6-m/nofp/libgcc.a(_arm_cmpsf2.o)
                                         0xce (size before relaxing)
 .debug_line_str
                0x0000000000000ffb       0xce /home/kocur/.rusefi-tools/arm-gnu-toolchain-11.3.rel1-x86_64-arm-none-eabi/bin/../lib/gcc/arm-none-eabi/11.3.1/thumb/v6-m/nofp/libgcc.a(_clzsi2.o)

.debug_info     0x0000000000000000    0x260a5
 .debug_info    0x0000000000000000       0x25 ./build/obj/crt0_v6m.o
 .debug_info    0x0000000000000025       0x24 ./build/obj/vectors.o
 .debug_info    0x0000000000000049       0x24 ./build/obj/chcoreasm.o
 .debug_info    0x000000000000006d       0x24 ./build/obj/main_hardfault_asm.o
 .debug_info    0x0000000000000091     0xa11a /tmp/ccFs2Bll.ltrans0.ltrans.o
 .debug_info    0x000000000000a1ab       0xd1 /tmp/ccPVCf86.debug.temp.o
                0x000000000000a1ab                hal.c.9b80cfed
 .debug_info    0x000000000000a27c      0x2fa /tmp/ccrGqmkn.debug.temp.o
                0x000000000000a27c                hal_st.c.6e5545a4
 .debug_info    0x000000000000a576      0xc08 /tmp/ccgEPKmU.debug.temp.o
                0x000000000000a576                hal_adc.c.4462be5f
 .debug_info    0x000000000000b17e      0xf1d /tmp/cc6fw3fg.debug.temp.o
                0x000000000000b17e                hal_can.c.d967ea37
 .debug_info    0x000000000000c09b      0xd96 /tmp/ccocGLvC.debug.temp.o
                0x000000000000c09b                hal_dac.c.cd5fc748
 .debug_info    0x000000000000ce31      0xaf6 /tmp/ccOuGcsa.debug.temp.o
                0x000000000000ce31                hal_pwm.c.ece178c9
 .debug_info    0x000000000000d927      0xc91 /tmp/ccp02Wej.debug.temp.o
                0x000000000000d927                hal_uart.c.8de0cea7
 .debug_info    0x000000000000e5b8      0x739 /tmp/ccU8REHA.debug.temp.o
                0x000000000000e5b8                chsys.c.41950130
 .debug_info    0x000000000000ecf1      0x7a8 /tmp/ccCJQq3Q.debug.temp.o
                0x000000000000ecf1                chvt.c.5c426b51
 .debug_info    0x000000000000f499      0xb71 /tmp/ccdutWRz.debug.temp.o
                0x000000000000f499                chschd.c.f81dc778
 .debug_info    0x000000000001000a      0xbfe /tmp/cc58TGqz.debug.temp.o
                0x000000000001000a                chthreads.c.e3c6c0d7
 .debug_info    0x0000000000010c08      0x296 /tmp/ccy3Fwh0.debug.temp.o
                0x0000000000010c08                crt1.c.1e4bb898
 .debug_info    0x0000000000010e9e      0x301 /tmp/ccgIbnIV.debug.temp.o
                0x0000000000010e9e                nvic.c.7582f926
 .debug_info    0x000000000001119f      0x6a5 /tmp/ccUk4TyN.debug.temp.o
                0x000000000001119f                stm32_isr.c.d2667e80
 .debug_info    0x0000000000011844      0x404 /tmp/ccrRcF9S.debug.temp.o
                0x0000000000011844                hal_lld.c.058282e6
 .debug_info    0x0000000000011c48      0xafb /tmp/cc53BhvG.debug.temp.o
                0x0000000000011c48                hal_adc_lld.c.4ebe9300
 .debug_info    0x0000000000012743      0xef9 /tmp/cc29LiIB.debug.temp.o
                0x0000000000012743                hal_can_lld.c.56390da4
 .debug_info    0x000000000001363c      0xad7 /tmp/ccA30IvP.debug.temp.o
                0x000000000001363c                hal_dac_lld.c.93caf1b8
 .debug_info    0x0000000000014113      0x988 /tmp/ccKaGQeT.debug.temp.o
                0x0000000000014113                stm32_dma.c.48afddaf
 .debug_info    0x0000000000014a9b      0x248 /tmp/cco0qeTl.debug.temp.o
                0x0000000000014a9b                hal_pal_lld.c.3444ed74
 .debug_info    0x0000000000014ce3      0x3ea /tmp/ccFS3F6C.debug.temp.o
                0x0000000000014ce3                hal_st_lld.c.23b47db6
 .debug_info    0x00000000000150cd      0x6f2 /tmp/ccUeDHTN.debug.temp.o
                0x00000000000150cd                hal_pwm_lld.c.fd85420d
 .debug_info    0x00000000000157bf      0x8f8 /tmp/ccTcWhSq.debug.temp.o
                0x00000000000157bf                hal_uart_lld.c.8d3a7a13
 .debug_info    0x00000000000160b7      0x886 /tmp/cc4SekOk.debug.temp.o
                0x00000000000160b7                chcore.c.de2e1946
 .debug_info    0x000000000001693d      0x362 /tmp/cc1KKw0E.debug.temp.o
                0x000000000001693d                board.c.9584a859
 .debug_info    0x0000000000016c9f      0x19d /tmp/ccFODHZ5.debug.temp.o
                0x0000000000016c9f                syscalls_cpp.cpp.ea9884f4
 .debug_info    0x0000000000016e3c      0xfb4 /tmp/cciPxkvZ.debug.temp.o
                0x0000000000016e3c                port.cpp.bd32db41
 .debug_info    0x0000000000017df0      0x167 /tmp/ccbYMeNq.debug.temp.o
                0x0000000000017df0                port_shared.cpp.9075f675
 .debug_info    0x0000000000017f57      0x148 /tmp/ccuqgbse.debug.temp.o
                0x0000000000017f57                pid.cpp.995f7142
 .debug_info    0x000000000001809f      0xf81 /tmp/cctVFV8b.debug.temp.o
                0x000000000001809f                sampling.cpp.f88989be
 .debug_info    0x0000000000019020      0xe0d /tmp/ccdgjIBf.debug.temp.o
                0x0000000000019020                heater_control.cpp.cc5589be
 .debug_info    0x0000000000019e2d      0xc56 /tmp/ccJfM95p.debug.temp.o
                0x0000000000019e2d                timer.cpp.278b91bb
 .debug_info    0x000000000001aa83      0x55a /tmp/cc4HDc3f.debug.temp.o
                0x000000000001aa83                flash.cpp.79aa9e98
 .debug_info    0x000000000001afdd     0x1631 /tmp/ccKYXGRf.debug.temp.o
                0x000000000001afdd                can.cpp.93a799d6
 .debug_info    0x000000000001c60e      0xd38 /tmp/ccfczt6L.debug.temp.o
                0x000000000001c60e                can_helper.cpp.449d92bf
 .debug_info    0x000000000001d346      0x42c /tmp/ccXh4Bfe.debug.temp.o
                0x000000000001d346                fault.cpp.1a9427e2
 .debug_info    0x000000000001d772      0x4f1 /tmp/cckqx1EN.debug.temp.o
                0x000000000001d772                lambda_conversion.cpp.8518a8d2
 .debug_info    0x000000000001dc63      0x8c0 /tmp/ccPniw0L.debug.temp.o
                0x000000000001dc63                pwm.cpp.a1b0c015
 .debug_info    0x000000000001e523      0xc0b /tmp/ccAXDvpm.debug.temp.o
                0x000000000001e523                dac.cpp.ae1056d8
 .debug_info    0x000000000001f12e      0x972 /tmp/ccDOp3gA.debug.temp.o
                0x000000000001f12e                pump_dac.cpp.7b4579d6
 .debug_info    0x000000000001faa0      0x92b /tmp/ccNrvo6O.debug.temp.o
                0x000000000001faa0                pump_control.cpp.37dac6ab
 .debug_info    0x00000000000203cb     0x1229 /tmp/cciqu7iL.debug.temp.o
                0x00000000000203cb                auxout.cpp.16b2a7d8
 .debug_info    0x00000000000215f4     0x117c /tmp/cclQqP9m.debug.temp.o
                0x00000000000215f4                sampling_thread.cpp.e21123ec
 .debug_info    0x0000000000022770     0x10c6 /tmp/ccGuRxks.debug.temp.o
                0x0000000000022770                heater_thread.cpp.740c548a
 .debug_info    0x0000000000023836      0x90c /tmp/ccmro3h6.debug.temp.o
                0x0000000000023836                main.cpp.d38a43c1
 .debug_info    0x0000000000024142      0x135 /home/kocur/.rusefi-tools/arm-gnu-toolchain-11.3.rel1-x86_64-arm-none-eabi/bin/../lib/gcc/arm-none-eabi/11.3.1/../../../../arm-none-eabi/lib/thumb/v6-m/nofp/libg.a(libc_a-memset.o)
 .debug_info    0x0000000000024277      0x152 /home/kocur/.rusefi-tools/arm-gnu-toolchain-11.3.rel1-x86_64-arm-none-eabi/bin/../lib/gcc/arm-none-eabi/11.3.1/../../../../arm-none-eabi/lib/thumb/v6-m/nofp/libg.a(libc_a-memcpy-stub.o)
 .debug_info    0x00000000000243c9       0x25 /home/kocur/.rusefi-tools/arm-gnu-toolchain-11.3.rel1-x86_64-arm-none-eabi/bin/../lib/gcc/arm-none-eabi/11.3.1/thumb/v6-m/nofp/libgcc.a(_udivsi3.o)
 .debug_info    0x00000000000243ee       0x24 /home/kocur/.rusefi-tools/arm-gnu-toolchain-11.3.rel1-x86_64-arm-none-eabi/bin/../lib/gcc/arm-none-eabi/11.3.1/thumb/v6-m/nofp/libgcc.a(_dvmd_tls.o)
 .debug_info    0x0000000000024412       0x24 /home/kocur/.rusefi-tools/arm-gnu-toolchain-11.3.rel1-x86_64-arm-none-eabi/bin/../lib/gcc/arm-none-eabi/11.3.1/thumb/v6-m/nofp/libgcc.a(_arm_cmpsf2.o)
 .debug_info    0x0000000000024436      0x31e /home/kocur/.rusefi-tools/arm-gnu-toolchain-11.3.rel1-x86_64-arm-none-eabi/bin/../lib/gcc/arm-none-eabi/11.3.1/thumb/v6-m/nofp/libgcc.a(_fixunssfsi.o)
 .debug_info    0x0000000000024754      0x2f0 /home/kocur/.rusefi-tools/arm-gnu-toolchain-11.3.rel1-x86_64-arm-none-eabi/bin/../lib/gcc/arm-none-eabi/11.3.1/thumb/v6-m/nofp/libgcc.a(addsf3.o)
 .debug_info    0x0000000000024a44      0x33f /home/kocur/.rusefi-tools/arm-gnu-toolchain-11.3.rel1-x86_64-arm-none-eabi/bin/../lib/gcc/arm-none-eabi/11.3.1/thumb/v6-m/nofp/libgcc.a(divsf3.o)
 .debug_info    0x0000000000024d83      0x203 /home/kocur/.rusefi-tools/arm-gnu-toolchain-11.3.rel1-x86_64-arm-none-eabi/bin/../lib/gcc/arm-none-eabi/11.3.1/thumb/v6-m/nofp/libgcc.a(eqsf2.o)
 .debug_info    0x0000000000024f86      0x21f /home/kocur/.rusefi-tools/arm-gnu-toolchain-11.3.rel1-x86_64-arm-none-eabi/bin/../lib/gcc/arm-none-eabi/11.3.1/thumb/v6-m/nofp/libgcc.a(gesf2.o)
 .debug_info    0x00000000000251a5      0x21f /home/kocur/.rusefi-tools/arm-gnu-toolchain-11.3.rel1-x86_64-arm-none-eabi/bin/../lib/gcc/arm-none-eabi/11.3.1/thumb/v6-m/nofp/libgcc.a(lesf2.o)
 .debug_info    0x00000000000253c4      0x3b0 /home/kocur/.rusefi-tools/arm-gnu-toolchain-11.3.rel1-x86_64-arm-none-eabi/bin/../lib/gcc/arm-none-eabi/11.3.1/thumb/v6-m/nofp/libgcc.a(mulsf3.o)
 .debug_info    0x0000000000025774      0x314 /home/kocur/.rusefi-tools/arm-gnu-toolchain-11.3.rel1-x86_64-arm-none-eabi/bin/../lib/gcc/arm-none-eabi/11.3.1/thumb/v6-m/nofp/libgcc.a(subsf3.o)
 .debug_info    0x0000000000025a88      0x1a8 /home/kocur/.rusefi-tools/arm-gnu-toolchain-11.3.rel1-x86_64-arm-none-eabi/bin/../lib/gcc/arm-none-eabi/11.3.1/thumb/v6-m/nofp/libgcc.a(fixsfsi.o)
 .debug_info    0x0000000000025c30      0x22e /home/kocur/.rusefi-tools/arm-gnu-toolchain-11.3.rel1-x86_64-arm-none-eabi/bin/../lib/gcc/arm-none-eabi/11.3.1/thumb/v6-m/nofp/libgcc.a(floatsisf.o)
 .debug_info    0x0000000000025e5e      0x223 /home/kocur/.rusefi-tools/arm-gnu-toolchain-11.3.rel1-x86_64-arm-none-eabi/bin/../lib/gcc/arm-none-eabi/11.3.1/thumb/v6-m/nofp/libgcc.a(floatunsisf.o)
 .debug_info    0x0000000000026081       0x24 /home/kocur/.rusefi-tools/arm-gnu-toolchain-11.3.rel1-x86_64-arm-none-eabi/bin/../lib/gcc/arm-none-eabi/11.3.1/thumb/v6-m/nofp/libgcc.a(_clzsi2.o)

.debug_abbrev   0x0000000000000000     0x820a
 .debug_abbrev  0x0000000000000000       0x14 ./build/obj/crt0_v6m.o
 .debug_abbrev  0x0000000000000014       0x14 ./build/obj/vectors.o
 .debug_abbrev  0x0000000000000028       0x14 ./build/obj/chcoreasm.o
 .debug_abbrev  0x000000000000003c       0x14 ./build/obj/main_hardfault_asm.o
 .debug_abbrev  0x0000000000000050      0x345 /tmp/ccFs2Bll.ltrans0.ltrans.o
 .debug_abbrev  0x0000000000000395       0x6e /tmp/ccPVCf86.debug.temp.o
 .debug_abbrev  0x0000000000000403      0x181 /tmp/ccrGqmkn.debug.temp.o
 .debug_abbrev  0x0000000000000584      0x28d /tmp/ccgEPKmU.debug.temp.o
 .debug_abbrev  0x0000000000000811      0x371 /tmp/cc6fw3fg.debug.temp.o
 .debug_abbrev  0x0000000000000b82      0x297 /tmp/ccocGLvC.debug.temp.o
 .debug_abbrev  0x0000000000000e19      0x221 /tmp/ccOuGcsa.debug.temp.o
 .debug_abbrev  0x000000000000103a      0x2b3 /tmp/ccp02Wej.debug.temp.o
 .debug_abbrev  0x00000000000012ed      0x2cf /tmp/ccU8REHA.debug.temp.o
 .debug_abbrev  0x00000000000015bc      0x29f /tmp/ccCJQq3Q.debug.temp.o
 .debug_abbrev  0x000000000000185b      0x2a9 /tmp/ccdutWRz.debug.temp.o
 .debug_abbrev  0x0000000000001b04      0x2f5 /tmp/cc58TGqz.debug.temp.o
 .debug_abbrev  0x0000000000001df9       0xec /tmp/ccy3Fwh0.debug.temp.o
 .debug_abbrev  0x0000000000001ee5      0x158 /tmp/ccgIbnIV.debug.temp.o
 .debug_abbrev  0x000000000000203d      0x16e /tmp/ccUk4TyN.debug.temp.o
 .debug_abbrev  0x00000000000021ab      0x16e /tmp/ccrRcF9S.debug.temp.o
 .debug_abbrev  0x0000000000002319      0x2b8 /tmp/cc53BhvG.debug.temp.o
 .debug_abbrev  0x00000000000025d1      0x359 /tmp/cc29LiIB.debug.temp.o
 .debug_abbrev  0x000000000000292a      0x271 /tmp/ccA30IvP.debug.temp.o
 .debug_abbrev  0x0000000000002b9b      0x225 /tmp/ccKaGQeT.debug.temp.o
 .debug_abbrev  0x0000000000002dc0       0xf2 /tmp/cco0qeTl.debug.temp.o
 .debug_abbrev  0x0000000000002eb2      0x141 /tmp/ccFS3F6C.debug.temp.o
 .debug_abbrev  0x0000000000002ff3      0x1c3 /tmp/ccUeDHTN.debug.temp.o
 .debug_abbrev  0x00000000000031b6      0x24c /tmp/ccTcWhSq.debug.temp.o
 .debug_abbrev  0x0000000000003402      0x22a /tmp/cc4SekOk.debug.temp.o
 .debug_abbrev  0x000000000000362c      0x147 /tmp/cc1KKw0E.debug.temp.o
 .debug_abbrev  0x0000000000003773      0x13e /tmp/ccFODHZ5.debug.temp.o
 .debug_abbrev  0x00000000000038b1      0x422 /tmp/cciPxkvZ.debug.temp.o
 .debug_abbrev  0x0000000000003cd3       0xcc /tmp/ccbYMeNq.debug.temp.o
 .debug_abbrev  0x0000000000003d9f       0xdb /tmp/ccuqgbse.debug.temp.o
 .debug_abbrev  0x0000000000003e7a      0x436 /tmp/cctVFV8b.debug.temp.o
 .debug_abbrev  0x00000000000042b0      0x3fb /tmp/ccdgjIBf.debug.temp.o
 .debug_abbrev  0x00000000000046ab      0x322 /tmp/ccJfM95p.debug.temp.o
 .debug_abbrev  0x00000000000049cd      0x171 /tmp/cc4HDc3f.debug.temp.o
 .debug_abbrev  0x0000000000004b3e      0x593 /tmp/ccKYXGRf.debug.temp.o
 .debug_abbrev  0x00000000000050d1      0x325 /tmp/ccfczt6L.debug.temp.o
 .debug_abbrev  0x00000000000053f6      0x109 /tmp/ccXh4Bfe.debug.temp.o
 .debug_abbrev  0x00000000000054ff      0x159 /tmp/cckqx1EN.debug.temp.o
 .debug_abbrev  0x0000000000005658      0x21a /tmp/ccPniw0L.debug.temp.o
 .debug_abbrev  0x0000000000005872      0x27a /tmp/ccAXDvpm.debug.temp.o
 .debug_abbrev  0x0000000000005aec      0x2a1 /tmp/ccDOp3gA.debug.temp.o
 .debug_abbrev  0x0000000000005d8d      0x2b6 /tmp/ccNrvo6O.debug.temp.o
 .debug_abbrev  0x0000000000006043      0x4c6 /tmp/cciqu7iL.debug.temp.o
 .debug_abbrev  0x0000000000006509      0x49c /tmp/cclQqP9m.debug.temp.o
 .debug_abbrev  0x00000000000069a5      0x4fc /tmp/ccGuRxks.debug.temp.o
 .debug_abbrev  0x0000000000006ea1      0x2f6 /tmp/ccmro3h6.debug.temp.o
 .debug_abbrev  0x0000000000007197       0xb7 /home/kocur/.rusefi-tools/arm-gnu-toolchain-11.3.rel1-x86_64-arm-none-eabi/bin/../lib/gcc/arm-none-eabi/11.3.1/../../../../arm-none-eabi/lib/thumb/v6-m/nofp/libg.a(libc_a-memset.o)
 .debug_abbrev  0x000000000000724e       0xca /home/kocur/.rusefi-tools/arm-gnu-toolchain-11.3.rel1-x86_64-arm-none-eabi/bin/../lib/gcc/arm-none-eabi/11.3.1/../../../../arm-none-eabi/lib/thumb/v6-m/nofp/libg.a(libc_a-memcpy-stub.o)
 .debug_abbrev  0x0000000000007318       0x14 /home/kocur/.rusefi-tools/arm-gnu-toolchain-11.3.rel1-x86_64-arm-none-eabi/bin/../lib/gcc/arm-none-eabi/11.3.1/thumb/v6-m/nofp/libgcc.a(_udivsi3.o)
 .debug_abbrev  0x000000000000732c       0x14 /home/kocur/.rusefi-tools/arm-gnu-toolchain-11.3.rel1-x86_64-arm-none-eabi/bin/../lib/gcc/arm-none-eabi/11.3.1/thumb/v6-m/nofp/libgcc.a(_dvmd_tls.o)
 .debug_abbrev  0x0000000000007340       0x14 /home/kocur/.rusefi-tools/arm-gnu-toolchain-11.3.rel1-x86_64-arm-none-eabi/bin/../lib/gcc/arm-none-eabi/11.3.1/thumb/v6-m/nofp/libgcc.a(_arm_cmpsf2.o)
 .debug_abbrev  0x0000000000007354       0xed /home/kocur/.rusefi-tools/arm-gnu-toolchain-11.3.rel1-x86_64-arm-none-eabi/bin/../lib/gcc/arm-none-eabi/11.3.1/thumb/v6-m/nofp/libgcc.a(_fixunssfsi.o)
 .debug_abbrev  0x0000000000007441      0x16c /home/kocur/.rusefi-tools/arm-gnu-toolchain-11.3.rel1-x86_64-arm-none-eabi/bin/../lib/gcc/arm-none-eabi/11.3.1/thumb/v6-m/nofp/libgcc.a(addsf3.o)
 .debug_abbrev  0x00000000000075ad      0x153 /home/kocur/.rusefi-tools/arm-gnu-toolchain-11.3.rel1-x86_64-arm-none-eabi/bin/../lib/gcc/arm-none-eabi/11.3.1/thumb/v6-m/nofp/libgcc.a(divsf3.o)
 .debug_abbrev  0x0000000000007700      0x141 /home/kocur/.rusefi-tools/arm-gnu-toolchain-11.3.rel1-x86_64-arm-none-eabi/bin/../lib/gcc/arm-none-eabi/11.3.1/thumb/v6-m/nofp/libgcc.a(eqsf2.o)
 .debug_abbrev  0x0000000000007841      0x15a /home/kocur/.rusefi-tools/arm-gnu-toolchain-11.3.rel1-x86_64-arm-none-eabi/bin/../lib/gcc/arm-none-eabi/11.3.1/thumb/v6-m/nofp/libgcc.a(gesf2.o)
 .debug_abbrev  0x000000000000799b      0x15a /home/kocur/.rusefi-tools/arm-gnu-toolchain-11.3.rel1-x86_64-arm-none-eabi/bin/../lib/gcc/arm-none-eabi/11.3.1/thumb/v6-m/nofp/libgcc.a(lesf2.o)
 .debug_abbrev  0x0000000000007af5      0x162 /home/kocur/.rusefi-tools/arm-gnu-toolchain-11.3.rel1-x86_64-arm-none-eabi/bin/../lib/gcc/arm-none-eabi/11.3.1/thumb/v6-m/nofp/libgcc.a(mulsf3.o)
 .debug_abbrev  0x0000000000007c57      0x16c /home/kocur/.rusefi-tools/arm-gnu-toolchain-11.3.rel1-x86_64-arm-none-eabi/bin/../lib/gcc/arm-none-eabi/11.3.1/thumb/v6-m/nofp/libgcc.a(subsf3.o)
 .debug_abbrev  0x0000000000007dc3      0x154 /home/kocur/.rusefi-tools/arm-gnu-toolchain-11.3.rel1-x86_64-arm-none-eabi/bin/../lib/gcc/arm-none-eabi/11.3.1/thumb/v6-m/nofp/libgcc.a(fixsfsi.o)
 .debug_abbrev  0x0000000000007f17      0x170 /home/kocur/.rusefi-tools/arm-gnu-toolchain-11.3.rel1-x86_64-arm-none-eabi/bin/../lib/gcc/arm-none-eabi/11.3.1/thumb/v6-m/nofp/libgcc.a(floatsisf.o)
 .debug_abbrev  0x0000000000008087      0x16f /home/kocur/.rusefi-tools/arm-gnu-toolchain-11.3.rel1-x86_64-arm-none-eabi/bin/../lib/gcc/arm-none-eabi/11.3.1/thumb/v6-m/nofp/libgcc.a(floatunsisf.o)
 .debug_abbrev  0x00000000000081f6       0x14 /home/kocur/.rusefi-tools/arm-gnu-toolchain-11.3.rel1-x86_64-arm-none-eabi/bin/../lib/gcc/arm-none-eabi/11.3.1/thumb/v6-m/nofp/libgcc.a(_clzsi2.o)

.debug_aranges  0x0000000000000000      0x4b8
 .debug_aranges
                0x0000000000000000       0x20 ./build/obj/crt0_v6m.o
 .debug_aranges
                0x0000000000000020       0x20 ./build/obj/vectors.o
 .debug_aranges
                0x0000000000000040       0x20 ./build/obj/chcoreasm.o
 .debug_aranges
                0x0000000000000060       0x20 ./build/obj/main_hardfault_asm.o
 .debug_aranges
                0x0000000000000080      0x218 /tmp/ccFs2Bll.ltrans0.ltrans.o
 .debug_aranges
                0x0000000000000298       0x20 /home/kocur/.rusefi-tools/arm-gnu-toolchain-11.3.rel1-x86_64-arm-none-eabi/bin/../lib/gcc/arm-none-eabi/11.3.1/../../../../arm-none-eabi/lib/thumb/v6-m/nofp/libg.a(libc_a-memset.o)
 .debug_aranges
                0x00000000000002b8       0x20 /home/kocur/.rusefi-tools/arm-gnu-toolchain-11.3.rel1-x86_64-arm-none-eabi/bin/../lib/gcc/arm-none-eabi/11.3.1/../../../../arm-none-eabi/lib/thumb/v6-m/nofp/libg.a(libc_a-memcpy-stub.o)
 .debug_aranges
                0x00000000000002d8       0x20 /home/kocur/.rusefi-tools/arm-gnu-toolchain-11.3.rel1-x86_64-arm-none-eabi/bin/../lib/gcc/arm-none-eabi/11.3.1/thumb/v6-m/nofp/libgcc.a(_udivsi3.o)
 .debug_aranges