Archive member included to satisfy reference by file (symbol)

/home/kocur/.rusefi-tools/arm-gnu-toolchain-11.3.rel1-x86_64-arm-none-eabi/bin/../lib/gcc/arm-none-eabi/11.3.1/thumb/v6-m/nofp/libgcc.a(_thumb1_case_sqi.o)
                              /tmp/cc2CdgBP.ltrans0.ltrans.o (__gnu_thumb1_case_sqi)
/home/kocur/.rusefi-tools/arm-gnu-toolchain-11.3.rel1-x86_64-arm-none-eabi/bin/../lib/gcc/arm-none-eabi/11.3.1/thumb/v6-m/nofp/libgcc.a(_thumb1_case_uqi.o)
                              /tmp/cc2CdgBP.ltrans0.ltrans.o (__gnu_thumb1_case_uqi)
/home/kocur/.rusefi-tools/arm-gnu-toolchain-11.3.rel1-x86_64-arm-none-eabi/bin/../lib/gcc/arm-none-eabi/11.3.1/../../../../arm-none-eabi/lib/thumb/v6-m/nofp/libg.a(libc_a-memset.o)
                              /tmp/cc2CdgBP.ltrans0.ltrans.o (memset)
/home/kocur/.rusefi-tools/arm-gnu-toolchain-11.3.rel1-x86_64-arm-none-eabi/bin/../lib/gcc/arm-none-eabi/11.3.1/../../../../arm-none-eabi/lib/thumb/v6-m/nofp/libg.a(libc_a-memcpy-stub.o)
                              /tmp/cc2CdgBP.ltrans0.ltrans.o (memcpy)

Discarded input sections

 .data          0x0000000000000000        0x0 ./build/obj/crt0_v6m.o
 .bss           0x0000000000000000        0x0 ./build/obj/crt0_v6m.o
 .data          0x0000000000000000        0x0 ./build/obj/vectors.o
 .bss           0x0000000000000000        0x0 ./build/obj/vectors.o
 .data          0x0000000000000000        0x0 ./build/obj/chcoreasm.o
 .bss           0x0000000000000000        0x0 ./build/obj/chcoreasm.o
 .text          0x0000000000000000        0x0 /tmp/cc2CdgBP.ltrans0.ltrans.o
 .data          0x0000000000000000        0x0 /tmp/cc2CdgBP.ltrans0.ltrans.o
 .bss           0x0000000000000000        0x0 /tmp/cc2CdgBP.ltrans0.ltrans.o
 .comment       0x0000000000000000       0x34 /tmp/cc1Bt1dO.debug.temp.o
 .comment       0x0000000000000000       0x34 /tmp/ccwma7Zy.debug.temp.o
 .comment       0x0000000000000000       0x34 /tmp/cc5XKXPR.debug.temp.o
 .debug_info    0x0000000000000000      0xc03 /tmp/ccqSEIcX.debug.temp.o
 .debug_abbrev  0x0000000000000000      0x26c /tmp/ccqSEIcX.debug.temp.o
 .debug_line    0x0000000000000000       0xb7 /tmp/ccqSEIcX.debug.temp.o
 .debug_str     0x0000000000000000      0x725 /tmp/ccqSEIcX.debug.temp.o
 .debug_line_str
                0x0000000000000000      0x3e0 /tmp/ccqSEIcX.debug.temp.o
 .comment       0x0000000000000000       0x34 /tmp/ccqSEIcX.debug.temp.o
 .debug_info    0x0000000000000000      0xae2 /tmp/ccuQYZFs.debug.temp.o
 .debug_abbrev  0x0000000000000000      0x282 /tmp/ccuQYZFs.debug.temp.o
 .debug_line    0x0000000000000000       0xb7 /tmp/ccuQYZFs.debug.temp.o
 .debug_str     0x0000000000000000      0x61b /tmp/ccuQYZFs.debug.temp.o
 .debug_line_str
                0x0000000000000000      0x3dd /tmp/ccuQYZFs.debug.temp.o
 .comment       0x0000000000000000       0x34 /tmp/ccuQYZFs.debug.temp.o
 .debug_info    0x0000000000000000      0x49f /tmp/ccYDvPX4.debug.temp.o
 .debug_abbrev  0x0000000000000000      0x15e /tmp/ccYDvPX4.debug.temp.o
 .debug_line    0x0000000000000000       0x75 /tmp/ccYDvPX4.debug.temp.o
 .debug_str     0x0000000000000000      0x4d3 /tmp/ccYDvPX4.debug.temp.o
 .debug_line_str
                0x0000000000000000      0x284 /tmp/ccYDvPX4.debug.temp.o
 .comment       0x0000000000000000       0x34 /tmp/ccYDvPX4.debug.temp.o
 .debug_info    0x0000000000000000       0x7a /tmp/ccbxDHa6.debug.temp.o
 .debug_abbrev  0x0000000000000000       0x26 /tmp/ccbxDHa6.debug.temp.o
 .debug_line    0x0000000000000000       0x31 /tmp/ccbxDHa6.debug.temp.o
 .debug_str     0x0000000000000000      0x1e1 /tmp/ccbxDHa6.debug.temp.o
 .debug_line_str
                0x0000000000000000       0x6f /tmp/ccbxDHa6.debug.temp.o
 .comment       0x0000000000000000       0x34 /tmp/ccbxDHa6.debug.temp.o
 .comment       0x0000000000000000       0x34 /tmp/ccMbJ7J6.debug.temp.o
 .debug_info    0x0000000000000000      0x2e8 /tmp/ccZYRsc4.debug.temp.o
 .debug_abbrev  0x0000000000000000      0x136 /tmp/ccZYRsc4.debug.temp.o
 .debug_line    0x0000000000000000       0x6c /tmp/ccZYRsc4.debug.temp.o
 .debug_str     0x0000000000000000      0x2df /tmp/ccZYRsc4.debug.temp.o
 .debug_line_str
                0x0000000000000000      0x25a /tmp/ccZYRsc4.debug.temp.o
 .comment       0x0000000000000000       0x34 /tmp/ccZYRsc4.debug.temp.o
 .comment       0x0000000000000000       0x34 /tmp/ccBdvaZX.debug.temp.o
 .comment       0x0000000000000000       0x34 /tmp/ccFUSasb.debug.temp.o
 .comment       0x0000000000000000       0x34 /tmp/ccCeMTWN.debug.temp.o
 .comment       0x0000000000000000       0x34 /tmp/cc7KGkDm.debug.temp.o
 .debug_info    0x0000000000000000       0x7a /tmp/cc8kfnux.debug.temp.o
 .debug_abbrev  0x0000000000000000       0x26 /tmp/cc8kfnux.debug.temp.o
 .debug_line    0x0000000000000000       0x31 /tmp/cc8kfnux.debug.temp.o
 .debug_str     0x0000000000000000      0x1f3 /tmp/cc8kfnux.debug.temp.o
 .debug_line_str
                0x0000000000000000       0x81 /tmp/cc8kfnux.debug.temp.o
[...]
Memory Configuration

Name             Origin             Length             Attributes
blflash          0x0000000008000000 0x0000000000001800 xr
appflash         0x0000000008001800 0x0000000000006400 xr
configflash      0x0000000008007c00 0x0000000000000400 xr
flash1           0x0000000000000000 0x0000000000000000 xr
flash2           0x0000000000000000 0x0000000000000000 xr
flash3           0x0000000000000000 0x0000000000000000 xr
flash4           0x0000000000000000 0x0000000000000000 xr
flash5           0x0000000000000000 0x0000000000000000 xr
flash6           0x0000000000000000 0x0000000000000000 xr
flash7           0x0000000000000000 0x0000000000000000 xr
ram_vectors      0x0000000020000000 0x0000000000000100 xw
ram0             0x0000000020000200 0x0000000000001700 xw
ram1             0x0000000000000000 0x0000000000000000 xw
ram2             0x0000000000000000 0x0000000000000000 xw
ram3             0x0000000000000000 0x0000000000000000 xw
ram4             0x0000000000000000 0x0000000000000000 xw
ram5             0x0000000000000000 0x0000000000000000 xw
ram6             0x0000000000000000 0x0000000000000000 xw
ram7             0x0000000000000000 0x0000000000000000 xw
*default*        0x0000000000000000 0xffffffffffffffff

Linker script and memory map

LOAD ./build/obj/crt0_v6m.o
LOAD ./build/obj/vectors.o
LOAD ./build/obj/chcoreasm.o
LOAD ./build/obj/crt1.o
LOAD /tmp/cc2CdgBP.ltrans0.ltrans.o
LOAD /tmp/cc1Bt1dO.debug.temp.o
LOAD /tmp/ccwma7Zy.debug.temp.o
LOAD /tmp/cc5XKXPR.debug.temp.o
LOAD /tmp/ccqSEIcX.debug.temp.o
LOAD /tmp/ccuQYZFs.debug.temp.o
LOAD /tmp/ccYDvPX4.debug.temp.o
LOAD /tmp/ccbxDHa6.debug.temp.o
LOAD /tmp/ccMbJ7J6.debug.temp.o
LOAD /tmp/ccZYRsc4.debug.temp.o
LOAD /tmp/ccBdvaZX.debug.temp.o
LOAD /tmp/ccFUSasb.debug.temp.o
LOAD /tmp/ccCeMTWN.debug.temp.o
LOAD /tmp/cc7KGkDm.debug.temp.o
LOAD /tmp/cc8kfnux.debug.temp.o
LOAD /tmp/cc2gdxum.debug.temp.o
LOAD /tmp/ccBdw4FD.debug.temp.o
LOAD /tmp/ccGm18nM.debug.temp.o
LOAD /tmp/ccR2UmnK.debug.temp.o
LOAD /tmp/ccUgnUbB.debug.temp.o
LOAD /tmp/ccQdP7Lf.debug.temp.o
LOAD /tmp/ccSFP6LJ.debug.temp.o
LOAD /tmp/ccWMq3oY.debug.temp.o
LOAD /tmp/ccl4w8X9.debug.temp.o
LOAD /tmp/ccnQHR3z.debug.temp.o
LOAD /tmp/ccEDMFew.debug.temp.o
LOAD /tmp/ccg3wopa.debug.temp.o
LOAD /tmp/ccQwwesC.debug.temp.o
LOAD /tmp/ccJ0Y57l.debug.temp.o
LOAD /tmp/cciQ5gKN.debug.temp.o
LOAD /tmp/ccVOK4TN.debug.temp.o
LOAD /tmp/ccTvAvx1.debug.temp.o
LOAD /tmp/ccUIUjcP.debug.temp.o
LOAD /tmp/ccYR4ytB.debug.temp.o
LOAD /tmp/cccRFgpW.debug.temp.o
LOAD /tmp/cc79gksS.debug.temp.o
LOAD /tmp/ccqMic9G.debug.temp.o
LOAD /tmp/ccpoclaA.debug.temp.o
LOAD /tmp/ccW3VtsR.debug.temp.o
LOAD /tmp/ccr3Rrhm.debug.temp.o
LOAD /tmp/ccgZFab6.debug.temp.o
LOAD /tmp/ccPjibLI.debug.temp.o
LOAD ./build/obj/hal.o
LOAD ./build/obj/hal_st.o
LOAD ./build/obj/hal_buffers.o
LOAD ./build/obj/hal_queues.o
LOAD ./build/obj/hal_flash.o
LOAD ./build/obj/hal_mmcsd.o
LOAD ./build/obj/hal_can.o
LOAD ./build/obj/hal_pal.o
LOAD ./build/obj/nvic.o
LOAD ./build/obj/stm32_isr.o
LOAD ./build/obj/hal_lld.o
LOAD ./build/obj/hal_can_lld.o
LOAD ./build/obj/stm32_dma.o
LOAD ./build/obj/stm32_exti.o
LOAD ./build/obj/hal_pal_lld.o
LOAD ./build/obj/hal_st_lld.o
LOAD ./build/obj/osal.o
LOAD ./build/obj/chsys.o
LOAD ./build/obj/chdebug.o
LOAD ./build/obj/chtrace.o
LOAD ./build/obj/chvt.o
LOAD ./build/obj/chschd.o
LOAD ./build/obj/chthreads.o
LOAD ./build/obj/chregistry.o
LOAD ./build/obj/chsem.o
LOAD ./build/obj/chmtx.o
LOAD ./build/obj/chcond.o
LOAD ./build/obj/chmsg.o
LOAD ./build/obj/chdynamic.o
LOAD ./build/obj/chmemcore.o
LOAD ./build/obj/chmemheaps.o
LOAD ./build/obj/chcore.o
LOAD ./build/obj/board.o
LOAD ./build/obj/util_dummy.o
LOAD ./build/obj/crc.o
LOAD ./build/obj/fragments.o
LOAD ./build/obj/math.o
LOAD ./build/obj/bootloader.o
LOAD ./build/obj/port_shared.o
LOAD ./build/obj/flash.o
                0x0000000000000001                USE_BOOTLOADER = 0x1
                0x0000000000001800                blsize = DEFINED (USE_BOOTLOADER)?0x1800:0x0
                0x0000000008001800                __appflash_start__ = ORIGIN (appflash)
                0x0000000000006400                __appflash_size__ = LENGTH (appflash)
                0x0000000008007c00                __configflash__start__ = ORIGIN (configflash)
                0x0000000020000000                __ram_vectors_start__ = ORIGIN (ram_vectors)
                0x0000000000000100                __ram_vectors_size__ = LENGTH (ram_vectors)

.mstack         0x0000000020000200      0x200
                0x0000000020000200                . = ALIGN (0x8)
                0x0000000020000200                __main_stack_base__ = .
                0x0000000020000400                . = (. + __main_stack_size__)
 *fill*         0x0000000020000200      0x200 
                0x0000000020000400                . = ALIGN (0x8)
                0x0000000020000400                __main_stack_end__ = .

.pstack         0x0000000020000400      0x200
                0x0000000020000400                . = ALIGN (0x8)
                0x0000000020000400                __process_stack_base__ = .
                0x0000000020000400                __main_thread_stack_base__ = .
                0x0000000020000600                . = (. + __process_stack_size__)
 *fill*         0x0000000020000400      0x200 
                0x0000000020000600                . = ALIGN (0x8)
                0x0000000020000600                __process_stack_end__ = .
                0x0000000020000600                __main_thread_stack_end__ = .

.vectors        0x0000000008000000       0xc0
 *(.vectors)
 .vectors       0x0000000008000000       0xc0 ./build/obj/vectors.o
                0x0000000008000000                _vectors

.xtors          0x00000000080000c0        0x0
                0x00000000080000c0                __init_array_base__ = .
 *(SORT_BY_NAME(.init_array.*))
 *(.init_array)
                0x00000000080000c0                __init_array_end__ = .
                0x00000000080000c0                __fini_array_base__ = .
 *(.fini_array)
 *(SORT_BY_NAME(.fini_array.*))
                0x00000000080000c0                __fini_array_end__ = .

.text           0x00000000080000c0     0x1148
                0x00000000080000c0                __text_base__ = .
 *(.text)
 .text          0x00000000080000c0       0xd0 ./build/obj/crt0_v6m.o
                0x00000000080000c0                _crt0_entry
 .text          0x0000000008000190        0x8 ./build/obj/vectors.o
                0x0000000008000190                Reset_Handler
                0x0000000008000192                Vector58
                0x0000000008000192                Vector9C
                0x0000000008000192                VectorAC
                0x0000000008000192                DebugMon_Handler
                0x0000000008000192                Vector5C
                0x0000000008000192                HardFault_Handler
                0x0000000008000192                Vector8C
                0x0000000008000192                SysTick_Handler
                0x0000000008000192                PendSV_Handler
                0x0000000008000192                Vector94
                0x0000000008000192                VectorA8
                0x0000000008000192                VectorB4
                0x0000000008000192                Vector74
                0x0000000008000192                UsageFault_Handler
                0x0000000008000192                Vector40
                0x0000000008000192                VectorBC
                0x0000000008000192                Vector64
                0x0000000008000192                Vector54
                0x0000000008000192                Vector98
                0x0000000008000192                Vector24
                0x0000000008000192                Vector84
                0x0000000008000192                SecureFault_Handler
                0x0000000008000192                MemManage_Handler
                0x0000000008000192                Vector6C
                0x0000000008000192                VectorA0
                0x0000000008000192                SVC_Handler
                0x0000000008000192                VectorB0
                0x0000000008000192                Vector90
                0x0000000008000192                Vector60
                0x0000000008000192                Vector48
                0x0000000008000192                Vector70
                0x0000000008000192                Vector4C
                0x0000000008000192                Vector80
                0x0000000008000192                Vector68
                0x0000000008000192                Vector78
                0x0000000008000192                Vector88
                0x0000000008000192                BusFault_Handler
                0x0000000008000192                Vector50
                0x0000000008000192                Vector44
                0x0000000008000192                Vector28
                0x0000000008000192                Vector34
                0x0000000008000192                VectorA4
                0x0000000008000192                Vector20
                0x0000000008000196                _unhandled_exception
 .text          0x0000000008000198       0x44 ./build/obj/chcoreasm.o
                0x0000000008000198                __port_switch
                0x00000000080001b8                __port_thread_start
                0x00000000080001c6                __port_switch_from_isr
                0x00000000080001ca                __port_exit_from_isr
 .text          0x00000000080001dc       0x14 /home/kocur/.rusefi-tools/arm-gnu-toolchain-11.3.rel1-x86_64-arm-none-eabi/bin/../lib/gcc/arm-none-eabi/11.3.1/thumb/v6-m/nofp/libgcc.a(_thumb1_case_sqi.o)
                0x00000000080001dc                __gnu_thumb1_case_sqi
 .text          0x00000000080001f0       0x14 /home/kocur/.rusefi-tools/arm-gnu-toolchain-11.3.rel1-x86_64-arm-none-eabi/bin/../lib/gcc/arm-none-eabi/11.3.1/thumb/v6-m/nofp/libgcc.a(_thumb1_case_uqi.o)
                0x00000000080001f0                __gnu_thumb1_case_uqi
 *(.text.*)
 .text.osalEventBroadcastFlagsI
                0x0000000008000204       0x12 /tmp/cc2CdgBP.ltrans0.ltrans.o
 .text.__idle_thread
                0x0000000008000216        0x2 /tmp/cc2CdgBP.ltrans0.ltrans.o
 .text.chCoreAllocFromTop
                0x0000000008000218       0x28 /tmp/cc2CdgBP.ltrans0.ltrans.o
 .text.__port_irq_epilogue.part.0
                0x0000000008000240       0x34 /tmp/cc2CdgBP.ltrans0.ltrans.o
 .text._ZL18flashWaitWhileBusyv
                0x0000000008000274       0x10 /tmp/cc2CdgBP.ltrans0.ltrans.o
 .text._ZL11flashUnlockv
                0x0000000008000284       0x20 /tmp/cc2CdgBP.ltrans0.ltrans.o
 .text._Z5crc32PKvm.constprop.0
                0x00000000080002a4       0x34 /tmp/cc2CdgBP.ltrans0.ltrans.o
 .text._pal_lld_setgroupmode.constprop.0
                0x00000000080002d8       0x68 /tmp/cc2CdgBP.ltrans0.ltrans.o
 .text.__sch_ready_behind.constprop.0.isra.0
                0x0000000008000340       0x24 /tmp/cc2CdgBP.ltrans0.ltrans.o
 .text.__sch_wakeup
                0x0000000008000364       0x40 /tmp/cc2CdgBP.ltrans0.ltrans.o
 .text.chThdDequeueAllI.constprop.0
                0x00000000080003a4       0x1c /tmp/cc2CdgBP.ltrans0.ltrans.o
 .text.chSchGoSleepS
                0x00000000080003c0       0x24 /tmp/cc2CdgBP.ltrans0.ltrans.o
 .text.chSchGoSleepTimeoutS
                0x00000000080003e4      0x134 /tmp/cc2CdgBP.ltrans0.ltrans.o
 .text.chThdSleep
                0x0000000008000518       0x10 /tmp/cc2CdgBP.ltrans0.ltrans.o
 .text.canReceiveTimeout.constprop.0
                0x0000000008000528      0x108 /tmp/cc2CdgBP.ltrans0.ltrans.o
 .text._Z7sendAckv
                0x0000000008000630       0xa8 /tmp/cc2CdgBP.ltrans0.ltrans.o
 .text._Z16BootloaderThreadPv
                0x00000000080006d8      0x1a4 /tmp/cc2CdgBP.ltrans0.ltrans.o
 .text.__cpu_init
                0x000000000800087c        0x2 /tmp/cc2CdgBP.ltrans0.ltrans.o
                0x000000000800087c                __cpu_init
 .text.__late_init
                0x000000000800087e        0x2 /tmp/cc2CdgBP.ltrans0.ltrans.o
                0x000000000800087e                __late_init
 .text.__default_exit
                0x0000000008000880        0x2 /tmp/cc2CdgBP.ltrans0.ltrans.o
                0x0000000008000880                __default_exit
 *fill*         0x0000000008000882        0x2 
 .text.__init_ram_areas
                0x0000000008000884       0x54 /tmp/cc2CdgBP.ltrans0.ltrans.o
                0x0000000008000884                __init_ram_areas
 .text.VectorB8
                0x00000000080008d8      0x128 /tmp/cc2CdgBP.ltrans0.ltrans.o
                0x00000000080008d8                VectorB8
 .text.Vector7C
                0x0000000008000a00       0x94 /tmp/cc2CdgBP.ltrans0.ltrans.o
                0x0000000008000a00                Vector7C
 .text.chSchDoPreemption
                0x0000000008000a94       0x3c /tmp/cc2CdgBP.ltrans0.ltrans.o
                0x0000000008000a94                chSchDoPreemption
 .text.chThdExit
                0x0000000008000ad0       0x44 /tmp/cc2CdgBP.ltrans0.ltrans.o
                0x0000000008000ad0                chThdExit
 .text.NMI_Handler
                0x0000000008000b14        0xe /tmp/cc2CdgBP.ltrans0.ltrans.o
                0x0000000008000b14                NMI_Handler
 *fill*         0x0000000008000b22        0x2 
 .text.__early_init
                0x0000000008000b24      0x130 /tmp/cc2CdgBP.ltrans0.ltrans.o
                0x0000000008000b24                __early_init
 .text.startup.main
                0x0000000008000c54      0x468 /tmp/cc2CdgBP.ltrans0.ltrans.o
                0x0000000008000c54                main
 .text.memset   0x00000000080010bc       0xa8 /home/kocur/.rusefi-tools/arm-gnu-toolchain-11.3.rel1-x86_64-arm-none-eabi/bin/../lib/gcc/arm-none-eabi/11.3.1/../../../../arm-none-eabi/lib/thumb/v6-m/nofp/libg.a(libc_a-memset.o)
                0x00000000080010bc                memset
 .text.memcpy   0x0000000008001164       0xa4 /home/kocur/.rusefi-tools/arm-gnu-toolchain-11.3.rel1-x86_64-arm-none-eabi/bin/../lib/gcc/arm-none-eabi/11.3.1/../../../../arm-none-eabi/lib/thumb/v6-m/nofp/libg.a(libc_a-memcpy-stub.o)
                0x0000000008001164                memcpy
 *(.glue_7t)
 .glue_7t       0x0000000008001208        0x0 linker stubs
 *(.glue_7)
 .glue_7        0x0000000008001208        0x0 linker stubs
 *(.gcc*)
                0x0000000008001208                __text_end__ = .

.vfp11_veneer   0x0000000008001208        0x0
 .vfp11_veneer  0x0000000008001208        0x0 linker stubs

.v4_bx          0x0000000008001208        0x0
 .v4_bx         0x0000000008001208        0x0 linker stubs

.iplt           0x0000000008001208        0x0
 .iplt          0x0000000008001208        0x0 ./build/obj/crt0_v6m.o

.rodata         0x0000000008001208      0x4b0
                0x0000000008001208                __rodata_base__ = .
 *(.rodata)
 *(.rodata.*)
 .rodata.main.str1.1
                0x0000000008001208        0xc /tmp/cc2CdgBP.ltrans0.ltrans.o
 .rodata._ZL12canConfig500
                0x0000000008001214        0x8 /tmp/cc2CdgBP.ltrans0.ltrans.o
 .rodata._ZL9crc32_tab
                0x000000000800121c      0x400 /tmp/cc2CdgBP.ltrans0.ltrans.o
 .rodata.appFlashAddr
                0x000000000800161c        0x4 /tmp/cc2CdgBP.ltrans0.ltrans.o
 .rodata.ch_debug
                0x0000000008001620       0x16 /tmp/cc2CdgBP.ltrans0.ltrans.o
 *fill*         0x0000000008001636        0x2 
 .rodata.ram_areas
                0x0000000008001638       0x80 /tmp/cc2CdgBP.ltrans0.ltrans.o
                0x00000000080016b8                . = ALIGN (0x4)
                0x00000000080016b8                __rodata_end__ = .

.rel.dyn        0x00000000080016b8        0x0
 .rel.iplt      0x00000000080016b8        0x0 ./build/obj/crt0_v6m.o

.ARM.extab
 *(.ARM.extab* .gnu.linkonce.armextab.*)

.ARM.exidx      0x00000000080016b8        0x0
                0x00000000080016b8                __exidx_base__ = .
                0x00000000080016b8                __exidx_start = .
 *(.ARM.exidx* .gnu.linkonce.armexidx.*)
                0x00000000080016b8                __exidx_end__ = .
                0x00000000080016b8                __exidx_end = .

.eh_frame_hdr
 *(.eh_frame_hdr)

.eh_frame
 *(.eh_frame)

.data           0x0000000020000600        0x0 load address 0x00000000080016b8
                [!provide]                        PROVIDE (_textdata = LOADADDR (.data))
                [!provide]                        PROVIDE (_data = .)
                0x00000000080016b8                __textdata_base__ = LOADADDR (.data)
                0x0000000020000600                __data_base__ = .
 *(.data)
 *(.data.*)
 *(.ramtext)
                0x0000000020000600                . = ALIGN (0x4)
                [!provide]                        PROVIDE (_edata = .)
                0x0000000020000600                __data_end__ = .

.igot.plt       0x0000000020000600        0x0 load address 0x00000000080016b8
 .igot.plt      0x0000000020000600        0x0 ./build/obj/crt0_v6m.o

.bss            0x0000000020000600      0x480 load address 0x00000000080016b8
                0x0000000020000600                __bss_base__ = .
 *(.bss)
 *(.bss.*)
 .bss.CAND1     0x0000000020000600       0x58 /tmp/cc2CdgBP.ltrans0.ltrans.o
 .bss.bootloaderBusy
                0x0000000020000658        0x1 /tmp/cc2CdgBP.ltrans0.ltrans.o
 *fill*         0x0000000020000659        0x3 
 .bss.ch        0x000000002000065c       0x68 /tmp/cc2CdgBP.ltrans0.ltrans.o
 *fill*         0x00000000200006c4        0x4 
 .bss.ch_idle_thread_wa
                0x00000000200006c8       0xd0 /tmp/cc2CdgBP.ltrans0.ltrans.o
 .bss.ch_memcore
                0x0000000020000798        0x8 /tmp/cc2CdgBP.ltrans0.ltrans.o
 .bss.default_heap
                0x00000000200007a0       0x1c /tmp/cc2CdgBP.ltrans0.ltrans.o
 *fill*         0x00000000200007bc        0x4 
 .bss.waBootloaderThread
                0x00000000200007c0      0x2c0 /tmp/cc2CdgBP.ltrans0.ltrans.o
 *(COMMON)
                0x0000000020000a80                . = ALIGN (0x4)
                0x0000000020000a80                __bss_end__ = .
                [!provide]                        PROVIDE (end = .)
                0x0000000020000200                __ram0_base__ = ORIGIN (ram0)
                0x0000000000001700                __ram0_size__ = LENGTH (ram0)
                0x0000000020001900                __ram0_end__ = (__ram0_base__ + __ram0_size__)
                0x0000000000000000                __ram1_base__ = ORIGIN (ram1)
                0x0000000000000000                __ram1_size__ = LENGTH (ram1)
                0x0000000000000000                __ram1_end__ = (__ram1_base__ + __ram1_size__)
                0x0000000000000000                __ram2_base__ = ORIGIN (ram2)
                0x0000000000000000                __ram2_size__ = LENGTH (ram2)
                0x0000000000000000                __ram2_end__ = (__ram2_base__ + __ram2_size__)
                0x0000000000000000                __ram3_base__ = ORIGIN (ram3)
                0x0000000000000000                __ram3_size__ = LENGTH (ram3)
                0x0000000000000000                __ram3_end__ = (__ram3_base__ + __ram3_size__)
                0x0000000000000000                __ram4_base__ = ORIGIN (ram4)
                0x0000000000000000                __ram4_size__ = LENGTH (ram4)
                0x0000000000000000                __ram4_end__ = (__ram4_base__ + __ram4_size__)
                0x0000000000000000                __ram5_base__ = ORIGIN (ram5)
                0x0000000000000000                __ram5_size__ = LENGTH (ram5)
                0x0000000000000000                __ram5_end__ = (__ram5_base__ + __ram5_size__)
                0x0000000000000000                __ram6_base__ = ORIGIN (ram6)
                0x0000000000000000                __ram6_size__ = LENGTH (ram6)
                0x0000000000000000                __ram6_end__ = (__ram6_base__ + __ram6_size__)
                0x0000000000000000                __ram7_base__ = ORIGIN (ram7)
                0x0000000000000000                __ram7_size__ = LENGTH (ram7)
                0x0000000000000000                __ram7_end__ = (__ram7_base__ + __ram7_size__)
                0x0000000008000000                __flash0_base__ = ORIGIN (flash0)
                0x0000000000001800                __flash0_size__ = LENGTH (flash0)
                0x0000000008001800                __flash0_end__ = (__flash0_base__ + __flash0_size__)
                0x0000000000000000                __flash1_base__ = ORIGIN (flash1)
                0x0000000000000000                __flash1_size__ = LENGTH (flash1)
                0x0000000000000000                __flash1_end__ = (__flash1_base__ + __flash1_size__)
                0x0000000000000000                __flash2_base__ = ORIGIN (flash2)
                0x0000000000000000                __flash2_size__ = LENGTH (flash2)
                0x0000000000000000                __flash2_end__ = (__flash2_base__ + __flash2_size__)
                0x0000000000000000                __flash3_base__ = ORIGIN (flash3)
                0x0000000000000000                __flash3_size__ = LENGTH (flash3)
                0x0000000000000000                __flash3_end__ = (__flash3_base__ + __flash3_size__)
                0x0000000000000000                __flash4_base__ = ORIGIN (flash4)
                0x0000000000000000                __flash4_size__ = LENGTH (flash4)
                0x0000000000000000                __flash4_end__ = (__flash4_base__ + __flash4_size__)
                0x0000000000000000                __flash5_base__ = ORIGIN (flash5)
                0x0000000000000000                __flash5_size__ = LENGTH (flash5)
                0x0000000000000000                __flash5_end__ = (__flash5_base__ + __flash5_size__)
                0x0000000000000000                __flash6_base__ = ORIGIN (flash6)
                0x0000000000000000                __flash6_size__ = LENGTH (flash6)
                0x0000000000000000                __flash6_end__ = (__flash6_base__ + __flash6_size__)
                0x0000000000000000                __flash7_base__ = ORIGIN (flash7)
                0x0000000000000000                __flash7_size__ = LENGTH (flash7)
                0x0000000000000000                __flash7_end__ = (__flash7_base__ + __flash7_size__)

.ram0_init      0x0000000020000a80        0x0 load address 0x00000000080016b8
                0x00000000080016b8                __ram0_init_text__ = LOADADDR (.ram0_init)
                0x0000000020000a80                __ram0_init__ = .
 *(.ram0_init)
 *(.ram0_init.*)
                0x0000000020000a80                . = ALIGN (0x4)

.ram0           0x0000000020000a80        0x0 load address 0x00000000080016b8
                0x0000000020000a80                __ram0_clear__ = .
 *(.ram0_clear)
 *(.ram0_clear.*)
                0x0000000020000a80                . = ALIGN (0x4)
                0x0000000020000a80                __ram0_noinit__ = .
 *(.ram0)
 *(.ram0.*)
                0x0000000020000a80                . = ALIGN (0x4)
                0x0000000020000a80                __ram0_free__ = .

.ram1_init      0x0000000000000000        0x0 load address 0x00000000080016b8
                0x00000000080016b8                __ram1_init_text__ = LOADADDR (.ram1_init)
                0x0000000000000000                __ram1_init__ = .
 *(.ram1_init)
 *(.ram1_init.*)
                0x0000000000000000                . = ALIGN (0x4)

.ram1           0x0000000000000000        0x0 load address 0x00000000080016b8
                0x0000000000000000                __ram1_clear__ = .
 *(.ram1_clear)
 *(.ram1_clear.*)
                0x0000000000000000                . = ALIGN (0x4)
                0x0000000000000000                __ram1_noinit__ = .
 *(.ram1)
 *(.ram1.*)
                0x0000000000000000                . = ALIGN (0x4)
                0x0000000000000000                __ram1_free__ = .

.ram2_init      0x0000000000000000        0x0 load address 0x00000000080016b8
                0x00000000080016b8                __ram2_init_text__ = LOADADDR (.ram2_init)
                0x0000000000000000                __ram2_init__ = .
 *(.ram2_init)
 *(.ram2_init.*)
                0x0000000000000000                . = ALIGN (0x4)

.ram2           0x0000000000000000        0x0 load address 0x00000000080016b8
                0x0000000000000000                __ram2_clear__ = .
 *(.ram2_clear)
 *(.ram2_clear.*)
                0x0000000000000000                . = ALIGN (0x4)
                0x0000000000000000                __ram2_noinit__ = .
 *(.ram2)
 *(.ram2.*)
                0x0000000000000000                . = ALIGN (0x4)
                0x0000000000000000                __ram2_free__ = .

.ram3_init      0x0000000000000000        0x0 load address 0x00000000080016b8
                0x00000000080016b8                __ram3_init_text__ = LOADADDR (.ram3_init)
                0x0000000000000000                __ram3_init__ = .
 *(.ram3_init)
 *(.ram3_init.*)
                0x0000000000000000                . = ALIGN (0x4)

.ram3           0x0000000000000000        0x0 load address 0x00000000080016b8
                0x0000000000000000                __ram3_clear__ = .
 *(.ram3_clear)
 *(.ram3_clear.*)
                0x0000000000000000                . = ALIGN (0x4)
                0x0000000000000000                __ram3_noinit__ = .
 *(.ram3)
 *(.ram3.*)
                0x0000000000000000                . = ALIGN (0x4)
                0x0000000000000000                __ram3_free__ = .

.ram4_init      0x0000000000000000        0x0 load address 0x00000000080016b8
                0x00000000080016b8                __ram4_init_text__ = LOADADDR (.ram4_init)
                0x0000000000000000                __ram4_init__ = .
 *(.ram4_init)
 *(.ram4_init.*)
                0x0000000000000000                . = ALIGN (0x4)

.ram4           0x0000000000000000        0x0 load address 0x00000000080016b8
                0x0000000000000000                __ram4_clear__ = .
 *(.ram4_clear)
 *(.ram4_clear.*)
                0x0000000000000000                . = ALIGN (0x4)
                0x0000000000000000                __ram4_noinit__ = .
 *(.ram4)
 *(.ram4.*)
                0x0000000000000000                . = ALIGN (0x4)
                0x0000000000000000                __ram4_free__ = .

.ram5_init      0x0000000000000000        0x0 load address 0x00000000080016b8
                0x00000000080016b8                __ram5_init_text__ = LOADADDR (.ram5_init)
                0x0000000000000000                __ram5_init__ = .
 *(.ram5_init)
 *(.ram5_init.*)
                0x0000000000000000                . = ALIGN (0x4)

.ram5           0x0000000000000000        0x0 load address 0x00000000080016b8
                0x0000000000000000                __ram5_clear__ = .
 *(.ram5_clear)
 *(.ram5_clear.*)
                0x0000000000000000                . = ALIGN (0x4)
                0x0000000000000000                __ram5_noinit__ = .
 *(.ram5)
 *(.ram5.*)
                0x0000000000000000                . = ALIGN (0x4)
                0x0000000000000000                __ram5_free__ = .

.ram6_init      0x0000000000000000        0x0 load address 0x00000000080016b8
                0x00000000080016b8                __ram6_init_text__ = LOADADDR (.ram6_init)
                0x0000000000000000                __ram6_init__ = .
 *(.ram6_init)
 *(.ram6_init.*)
                0x0000000000000000                . = ALIGN (0x4)

.ram6           0x0000000000000000        0x0 load address 0x00000000080016b8
                0x0000000000000000                __ram6_clear__ = .
 *(.ram6_clear)
 *(.ram6_clear.*)
                0x0000000000000000                . = ALIGN (0x4)
                0x0000000000000000                __ram6_noinit__ = .
 *(.ram6)
 *(.ram6.*)
                0x0000000000000000                . = ALIGN (0x4)
                0x0000000000000000                __ram6_free__ = .

.ram7_init      0x0000000000000000        0x0 load address 0x00000000080016b8
                0x00000000080016b8                __ram7_init_text__ = LOADADDR (.ram7_init)
                0x0000000000000000                __ram7_init__ = .
 *(.ram7_init)
 *(.ram7_init.*)
                0x0000000000000000                . = ALIGN (0x4)

.ram7           0x0000000000000000        0x0 load address 0x00000000080016b8
                0x0000000000000000                __ram7_clear__ = .
 *(.ram7_clear)
 *(.ram7_clear.*)
                0x0000000000000000                . = ALIGN (0x4)
                0x0000000000000000                __ram7_noinit__ = .
 *(.ram7)
 *(.ram7.*)
                0x0000000000000000                . = ALIGN (0x4)
                0x0000000000000000                __ram7_free__ = .

.flash0         0x00000000080016b8        0x0
                0x00000000080016b8                __flash0_init__ = .
 *(.flash0_init)
 *(.flash0_init.*)
                0x00000000080016b8                __flash0_free__ = .

.flash1         0x0000000000000000        0x0
                0x0000000000000000                __flash1_init__ = .
 *(.flash1_init)
 *(.flash1_init.*)
                0x0000000000000000                __flash1_free__ = .

.flash2         0x0000000000000000        0x0
                0x0000000000000000                __flash2_init__ = .
 *(.flash2_init)
 *(.flash2_init.*)
                0x0000000000000000                __flash2_free__ = .

.flash3         0x0000000000000000        0x0
                0x0000000000000000                __flash3_init__ = .
 *(.flash3_init)
 *(.flash3_init.*)
                0x0000000000000000                __flash3_free__ = .

.flash4         0x0000000000000000        0x0
                0x0000000000000000                __flash4_init__ = .
 *(.flash4_init)
 *(.flash4_init.*)
                0x0000000000000000                __flash4_free__ = .

.flash5         0x0000000000000000        0x0
                0x0000000000000000                __flash5_init__ = .
 *(.flash5_init)
 *(.flash5_init.*)
                0x0000000000000000                __flash5_free__ = .

.flash6         0x0000000000000000        0x0
                0x0000000000000000                __flash6_init__ = .
 *(.flash6_init)
 *(.flash6_init.*)
                0x0000000000000000                __flash6_free__ = .

.flash7         0x0000000000000000        0x0
                0x0000000000000000                __flash7_init__ = .
 *(.flash7_init)
 *(.flash7_init.*)
                0x0000000000000000                __flash7_free__ = .

.heap           0x0000000020000a80      0xe80
                0x0000000020000a80                . = ALIGN (0x8)
                0x0000000020000a80                __heap_base__ = .
                0x0000000020001900                . = (ORIGIN (HEAP_RAM) + LENGTH (HEAP_RAM))
 *fill*         0x0000000020000a80      0xe80 
                0x0000000020001900                __heap_end__ = .
                0x0000000000000200                __process_stack_size__ = 0x200
                0x0000000000000200                __main_stack_size__ = 0x200
START GROUP
LOAD /home/kocur/.rusefi-tools/arm-gnu-toolchain-11.3.rel1-x86_64-arm-none-eabi/bin/../lib/gcc/arm-none-eabi/11.3.1/thumb/v6-m/nofp/libgcc.a
LOAD /home/kocur/.rusefi-tools/arm-gnu-toolchain-11.3.rel1-x86_64-arm-none-eabi/bin/../lib/gcc/arm-none-eabi/11.3.1/../../../../arm-none-eabi/lib/thumb/v6-m/nofp/libg.a
LOAD /home/kocur/.rusefi-tools/arm-gnu-toolchain-11.3.rel1-x86_64-arm-none-eabi/bin/../lib/gcc/arm-none-eabi/11.3.1/../../../../arm-none-eabi/lib/thumb/v6-m/nofp/libc.a
END GROUP
OUTPUT(build/wideband_bootloader.elf elf32-littlearm)
LOAD linker stubs

.ARM.attributes
                0x0000000000000000       0x2d
 .ARM.attributes
                0x0000000000000000       0x21 ./build/obj/crt0_v6m.o
 .ARM.attributes
                0x0000000000000021       0x21 ./build/obj/vectors.o
 .ARM.attributes
                0x0000000000000042       0x21 ./build/obj/chcoreasm.o
 .ARM.attributes
                0x0000000000000063       0x2a /tmp/cc2CdgBP.ltrans0.ltrans.o
 .ARM.attributes
                0x000000000000008d       0x1e /home/kocur/.rusefi-tools/arm-gnu-toolchain-11.3.rel1-x86_64-arm-none-eabi/bin/../lib/gcc/arm-none-eabi/11.3.1/thumb/v6-m/nofp/libgcc.a(_thumb1_case_sqi.o)
 .ARM.attributes
                0x00000000000000ab       0x1e /home/kocur/.rusefi-tools/arm-gnu-toolchain-11.3.rel1-x86_64-arm-none-eabi/bin/../lib/gcc/arm-none-eabi/11.3.1/thumb/v6-m/nofp/libgcc.a(_thumb1_case_uqi.o)
 .ARM.attributes
                0x00000000000000c9       0x2c /home/kocur/.rusefi-tools/arm-gnu-toolchain-11.3.rel1-x86_64-arm-none-eabi/bin/../lib/gcc/arm-none-eabi/11.3.1/../../../../arm-none-eabi/lib/thumb/v6-m/nofp/libg.a(libc_a-memset.o)
 .ARM.attributes
                0x00000000000000f5       0x2c /home/kocur/.rusefi-tools/arm-gnu-toolchain-11.3.rel1-x86_64-arm-none-eabi/bin/../lib/gcc/arm-none-eabi/11.3.1/../../../../arm-none-eabi/lib/thumb/v6-m/nofp/libg.a(libc_a-memcpy-stub.o)

.comment        0x0000000000000000       0x33
 .comment       0x0000000000000000       0x33 /tmp/cc2CdgBP.ltrans0.ltrans.o
                                         0x34 (size before relaxing)
 .comment       0x0000000000000033       0x34 /home/kocur/.rusefi-tools/arm-gnu-toolchain-11.3.rel1-x86_64-arm-none-eabi/bin/../lib/gcc/arm-none-eabi/11.3.1/../../../../arm-none-eabi/lib/thumb/v6-m/nofp/libg.a(libc_a-memset.o)
 .comment       0x0000000000000033       0x34 /home/kocur/.rusefi-tools/arm-gnu-toolchain-11.3.rel1-x86_64-arm-none-eabi/bin/../lib/gcc/arm-none-eabi/11.3.1/../../../../arm-none-eabi/lib/thumb/v6-m/nofp/libg.a(libc_a-memcpy-stub.o)

.debug_line     0x0000000000000000     0x3866
 .debug_line    0x0000000000000000       0xab ./build/obj/crt0_v6m.o
 .debug_line    0x00000000000000ab       0x4f ./build/obj/vectors.o
 .debug_line    0x00000000000000fa       0x6a ./build/obj/chcoreasm.o
 .debug_line    0x0000000000000164     0x250b /tmp/cc2CdgBP.ltrans0.ltrans.o
 .debug_line    0x000000000000266f       0x4c /tmp/cc1Bt1dO.debug.temp.o
 .debug_line    0x00000000000026bb       0x6c /tmp/ccwma7Zy.debug.temp.o
 .debug_line    0x0000000000002727       0x63 /tmp/cc5XKXPR.debug.temp.o
 .debug_line    0x000000000000278a       0xb7 /tmp/ccMbJ7J6.debug.temp.o
 .debug_line    0x0000000000002841       0x55 /tmp/ccBdvaZX.debug.temp.o
 .debug_line    0x0000000000002896       0x5e /tmp/ccFUSasb.debug.temp.o
 .debug_line    0x00000000000028f4       0x5f /tmp/ccCeMTWN.debug.temp.o
 .debug_line    0x0000000000002953       0xbc /tmp/cc7KGkDm.debug.temp.o
 .debug_line    0x0000000000002a0f       0x56 /tmp/ccBdw4FD.debug.temp.o
 .debug_line    0x0000000000002a65       0x87 /tmp/ccGm18nM.debug.temp.o
 .debug_line    0x0000000000002aec       0xb4 /tmp/ccUgnUbB.debug.temp.o
 .debug_line    0x0000000000002ba0       0x98 /tmp/ccWMq3oY.debug.temp.o
 .debug_line    0x0000000000002c38       0xa2 /tmp/ccl4w8X9.debug.temp.o
 .debug_line    0x0000000000002cda       0xb4 /tmp/ccnQHR3z.debug.temp.o
 .debug_line    0x0000000000002d8e       0xaa /tmp/ccEDMFew.debug.temp.o
 .debug_line    0x0000000000002e38       0x98 /tmp/ccQwwesC.debug.temp.o
 .debug_line    0x0000000000002ed0       0x96 /tmp/ccTvAvx1.debug.temp.o
 .debug_line    0x0000000000002f66       0x8d /tmp/ccUIUjcP.debug.temp.o
 .debug_line    0x0000000000002ff3       0x98 /tmp/ccYR4ytB.debug.temp.o
 .debug_line    0x000000000000308b       0x67 /tmp/cccRFgpW.debug.temp.o
 .debug_line    0x00000000000030f2       0x67 /tmp/ccqMic9G.debug.temp.o
 .debug_line    0x0000000000003159      0x11d /tmp/ccr3Rrhm.debug.temp.o
 .debug_line    0x0000000000003276       0x5e /tmp/ccgZFab6.debug.temp.o
 .debug_line    0x00000000000032d4       0x83 /tmp/ccPjibLI.debug.temp.o
 .debug_line    0x0000000000003357       0x52 /home/kocur/.rusefi-tools/arm-gnu-toolchain-11.3.rel1-x86_64-arm-none-eabi/bin/../lib/gcc/arm-none-eabi/11.3.1/thumb/v6-m/nofp/libgcc.a(_thumb1_case_sqi.o)
 .debug_line    0x00000000000033a9       0x52 /home/kocur/.rusefi-tools/arm-gnu-toolchain-11.3.rel1-x86_64-arm-none-eabi/bin/../lib/gcc/arm-none-eabi/11.3.1/thumb/v6-m/nofp/libgcc.a(_thumb1_case_uqi.o)
 .debug_line    0x00000000000033fb      0x243 /home/kocur/.rusefi-tools/arm-gnu-toolchain-11.3.rel1-x86_64-arm-none-eabi/bin/../lib/gcc/arm-none-eabi/11.3.1/../../../../arm-none-eabi/lib/thumb/v6-m/nofp/libg.a(libc_a-memset.o)
 .debug_line    0x000000000000363e      0x228 /home/kocur/.rusefi-tools/arm-gnu-toolchain-11.3.rel1-x86_64-arm-none-eabi/bin/../lib/gcc/arm-none-eabi/11.3.1/../../../../arm-none-eabi/lib/thumb/v6-m/nofp/libg.a(libc_a-memcpy-stub.o)

.debug_line_str
                0x0000000000000000      0xcbb
 .debug_line_str
                0x0000000000000000       0x8a ./build/obj/crt0_v6m.o
                                         0x95 (size before relaxing)
 .debug_line_str
                0x000000000000008a        0xa ./build/obj/vectors.o
                                         0x93 (size before relaxing)
 .debug_line_str
                0x0000000000000094       0x43 ./build/obj/chcoreasm.o
                                         0x96 (size before relaxing)
 .debug_line_str
                0x00000000000000d7      0x128 /tmp/cc1Bt1dO.debug.temp.o
                                        0x1ae (size before relaxing)
 .debug_line_str
                0x00000000000001ff      0x11d /tmp/ccwma7Zy.debug.temp.o
                                        0x16a (size before relaxing)
 .debug_line_str
                0x000000000000031c       0x94 /tmp/cc5XKXPR.debug.temp.o
                                        0x1e9 (size before relaxing)
 .debug_line_str
                0x00000000000003b0      0x15d /tmp/ccMbJ7J6.debug.temp.o
                                        0x367 (size before relaxing)
 .debug_line_str
                0x000000000000050d       0x6a /tmp/ccBdvaZX.debug.temp.o
                                        0x1d7 (size before relaxing)
 .debug_line_str
                0x0000000000000577       0x41 /tmp/ccFUSasb.debug.temp.o
                                        0x211 (size before relaxing)
 .debug_line_str
                0x00000000000005b8       0x57 /tmp/ccCeMTWN.debug.temp.o
                                        0x1f9 (size before relaxing)
 .debug_line_str
                0x000000000000060f       0x3c /tmp/cc7KGkDm.debug.temp.o
                                        0x398 (size before relaxing)
 .debug_line_str
                0x000000000000064b       0x4a /tmp/ccBdw4FD.debug.temp.o
                                        0x1c5 (size before relaxing)
 .debug_line_str
                0x0000000000000695       0x3b /tmp/ccGm18nM.debug.temp.o
                                        0x2e5 (size before relaxing)
 .debug_line_str
                0x00000000000006d0      0x10b /tmp/ccUgnUbB.debug.temp.o
                                        0x357 (size before relaxing)
 .debug_line_str
                0x00000000000007db       0x31 /tmp/ccWMq3oY.debug.temp.o
                                        0x29f (size before relaxing)
 .debug_line_str
                0x000000000000080c       0x31 /tmp/ccl4w8X9.debug.temp.o
                                        0x2b6 (size before relaxing)
 .debug_line_str
                0x000000000000083d       0x27 /tmp/ccnQHR3z.debug.temp.o
                                        0x366 (size before relaxing)
 .debug_line_str
                0x0000000000000864       0x92 /tmp/ccEDMFew.debug.temp.o
                                        0x391 (size before relaxing)
 .debug_line_str
                0x00000000000008f6       0x23 /tmp/ccQwwesC.debug.temp.o
                                        0x2a0 (size before relaxing)
 .debug_line_str
                0x0000000000000919       0x48 /tmp/ccTvAvx1.debug.temp.o
                                        0x32d (size before relaxing)
 .debug_line_str
                0x0000000000000961       0x2b /tmp/ccUIUjcP.debug.temp.o
                                        0x2f2 (size before relaxing)
 .debug_line_str
                0x000000000000098c       0x32 /tmp/ccYR4ytB.debug.temp.o
                                        0x2c6 (size before relaxing)
 .debug_line_str
                0x00000000000009be        0xb /tmp/cccRFgpW.debug.temp.o
                                        0x1f4 (size before relaxing)
 .debug_line_str
                0x00000000000009c9      0x153 /tmp/ccqMic9G.debug.temp.o
                                        0x2f5 (size before relaxing)
 .debug_line_str
                0x0000000000000b1c       0xb0 /tmp/ccr3Rrhm.debug.temp.o
                                        0x613 (size before relaxing)
 .debug_line_str
                0x0000000000000bcc       0x13 /tmp/ccgZFab6.debug.temp.o
                                        0x1ca (size before relaxing)
 .debug_line_str
                0x0000000000000bdf       0x1a /tmp/ccPjibLI.debug.temp.o
                                        0x3a0 (size before relaxing)
 .debug_line_str
                0x0000000000000bf9       0xc2 /home/kocur/.rusefi-tools/arm-gnu-toolchain-11.3.rel1-x86_64-arm-none-eabi/bin/../lib/gcc/arm-none-eabi/11.3.1/thumb/v6-m/nofp/libgcc.a(_thumb1_case_sqi.o)
                                         0xce (size before relaxing)
 .debug_line_str
                0x0000000000000cbb       0xce /home/kocur/.rusefi-tools/arm-gnu-toolchain-11.3.rel1-x86_64-arm-none-eabi/bin/../lib/gcc/arm-none-eabi/11.3.1/thumb/v6-m/nofp/libgcc.a(_thumb1_case_uqi.o)

.debug_info     0x0000000000000000     0xdfec
 .debug_info    0x0000000000000000       0x25 ./build/obj/crt0_v6m.o
 .debug_info    0x0000000000000025       0x24 ./build/obj/vectors.o
 .debug_info    0x0000000000000049       0x24 ./build/obj/chcoreasm.o
 .debug_info    0x000000000000006d     0x3146 /tmp/cc2CdgBP.ltrans0.ltrans.o
 .debug_info    0x00000000000031b3      0x296 /tmp/cc1Bt1dO.debug.temp.o
                0x00000000000031b3                crt1.c.05ad4239
 .debug_info    0x0000000000003449       0xb1 /tmp/ccwma7Zy.debug.temp.o
                0x0000000000003449                hal.c.9a31febc
 .debug_info    0x00000000000034fa      0x2e2 /tmp/cc5XKXPR.debug.temp.o
                0x00000000000034fa                hal_st.c.d6e621c0
 .debug_info    0x00000000000037dc      0xf73 /tmp/ccMbJ7J6.debug.temp.o
                0x00000000000037dc                hal_can.c.fa878f40
 .debug_info    0x000000000000474f      0x2e9 /tmp/ccBdvaZX.debug.temp.o
                0x000000000000474f                nvic.c.a5a35838
 .debug_info    0x0000000000004a38      0x197 /tmp/ccFUSasb.debug.temp.o
                0x0000000000004a38                stm32_isr.c.18c4c6f6
 .debug_info    0x0000000000004bcf      0x22f /tmp/ccCeMTWN.debug.temp.o
                0x0000000000004bcf                hal_lld.c.c0674aa9
 .debug_info    0x0000000000004dfe     0x107e /tmp/cc7KGkDm.debug.temp.o
                0x0000000000004dfe                hal_can_lld.c.1e51944c
 .debug_info    0x0000000000005e7c      0x248 /tmp/ccBdw4FD.debug.temp.o
                0x0000000000005e7c                hal_pal_lld.c.a1c68b1a
 .debug_info    0x00000000000060c4      0x3ea /tmp/ccGm18nM.debug.temp.o
                0x00000000000060c4                hal_st_lld.c.5b24c3a7
 .debug_info    0x00000000000064ae      0x896 /tmp/ccUgnUbB.debug.temp.o
                0x00000000000064ae                chsys.c.3a087508
 .debug_info    0x0000000000006d44      0x877 /tmp/ccWMq3oY.debug.temp.o
                0x0000000000006d44                chvt.c.03706f09
 .debug_info    0x00000000000075bb      0xd6d /tmp/ccl4w8X9.debug.temp.o
                0x00000000000075bb                chschd.c.6ae08289
 .debug_info    0x0000000000008328      0xeae /tmp/ccnQHR3z.debug.temp.o
                0x0000000000008328                chthreads.c.ae9b6af9
 .debug_info    0x00000000000091d6      0x88d /tmp/ccEDMFew.debug.temp.o
                0x00000000000091d6                chregistry.c.c493c31f
 .debug_info    0x0000000000009a63      0x92b /tmp/ccQwwesC.debug.temp.o
                0x0000000000009a63                chmtx.c.fb99041c
 .debug_info    0x000000000000a38e      0x5fc /tmp/ccTvAvx1.debug.temp.o
                0x000000000000a38e                chmemcore.c.46bbaf4e
 .debug_info    0x000000000000a98a      0x70b /tmp/ccUIUjcP.debug.temp.o
                0x000000000000a98a                chmemheaps.c.97c8a9af
 .debug_info    0x000000000000b095      0x9b8 /tmp/ccYR4ytB.debug.temp.o
                0x000000000000b095                chcore.c.3095f0cb
 .debug_info    0x000000000000ba4d      0x362 /tmp/cccRFgpW.debug.temp.o
                0x000000000000ba4d                board.c.c15ec664
 .debug_info    0x000000000000bdaf      0x440 /tmp/ccqMic9G.debug.temp.o
                0x000000000000bdaf                crc.cpp.f037a030
 .debug_info    0x000000000000c1ef     0x146d /tmp/ccr3Rrhm.debug.temp.o
                0x000000000000c1ef                bootloader.cpp.e6d5f53a
 .debug_info    0x000000000000d65c      0x167 /tmp/ccgZFab6.debug.temp.o
                0x000000000000d65c                port_shared.cpp.e762e5d9
 .debug_info    0x000000000000d7c3      0x55a /tmp/ccPjibLI.debug.temp.o
                0x000000000000d7c3                flash.cpp.88702c04
 .debug_info    0x000000000000dd1d       0x24 /home/kocur/.rusefi-tools/arm-gnu-toolchain-11.3.rel1-x86_64-arm-none-eabi/bin/../lib/gcc/arm-none-eabi/11.3.1/thumb/v6-m/nofp/libgcc.a(_thumb1_case_sqi.o)
 .debug_info    0x000000000000dd41       0x24 /home/kocur/.rusefi-tools/arm-gnu-toolchain-11.3.rel1-x86_64-arm-none-eabi/bin/../lib/gcc/arm-none-eabi/11.3.1/thumb/v6-m/nofp/libgcc.a(_thumb1_case_uqi.o)
 .debug_info    0x000000000000dd65      0x135 /home/kocur/.rusefi-tools/arm-gnu-toolchain-11.3.rel1-x86_64-arm-none-eabi/bin/../lib/gcc/arm-none-eabi/11.3.1/../../../../arm-none-eabi/lib/thumb/v6-m/nofp/libg.a(libc_a-memset.o)
 .debug_info    0x000000000000de9a      0x152 /home/kocur/.rusefi-tools/arm-gnu-toolchain-11.3.rel1-x86_64-arm-none-eabi/bin/../lib/gcc/arm-none-eabi/11.3.1/../../../../arm-none-eabi/lib/thumb/v6-m/nofp/libg.a(libc_a-memcpy-stub.o)

.debug_abbrev   0x0000000000000000     0x31e6
 .debug_abbrev  0x0000000000000000       0x14 ./build/obj/crt0_v6m.o
 .debug_abbrev  0x0000000000000014       0x14 ./build/obj/vectors.o
 .debug_abbrev  0x0000000000000028       0x14 ./build/obj/chcoreasm.o
 .debug_abbrev  0x000000000000003c      0x302 /tmp/cc2CdgBP.ltrans0.ltrans.o
 .debug_abbrev  0x000000000000033e       0xec /tmp/cc1Bt1dO.debug.temp.o
 .debug_abbrev  0x000000000000042a       0x6e /tmp/ccwma7Zy.debug.temp.o
 .debug_abbrev  0x0000000000000498      0x15c /tmp/cc5XKXPR.debug.temp.o
 .debug_abbrev  0x00000000000005f4      0x373 /tmp/ccMbJ7J6.debug.temp.o
 .debug_abbrev  0x0000000000000967      0x133 /tmp/ccBdvaZX.debug.temp.o
 .debug_abbrev  0x0000000000000a9a       0x9a /tmp/ccFUSasb.debug.temp.o
 .debug_abbrev  0x0000000000000b34       0xe8 /tmp/ccCeMTWN.debug.temp.o
 .debug_abbrev  0x0000000000000c1c      0x359 /tmp/cc7KGkDm.debug.temp.o
 .debug_abbrev  0x0000000000000f75       0xf2 /tmp/ccBdw4FD.debug.temp.o
 .debug_abbrev  0x0000000000001067      0x141 /tmp/ccGm18nM.debug.temp.o
 .debug_abbrev  0x00000000000011a8      0x2ce /tmp/ccUgnUbB.debug.temp.o
 .debug_abbrev  0x0000000000001476      0x279 /tmp/ccWMq3oY.debug.temp.o
 .debug_abbrev  0x00000000000016ef      0x289 /tmp/ccl4w8X9.debug.temp.o
 .debug_abbrev  0x0000000000001978      0x30a /tmp/ccnQHR3z.debug.temp.o
 .debug_abbrev  0x0000000000001c82      0x231 /tmp/ccEDMFew.debug.temp.o
 .debug_abbrev  0x0000000000001eb3      0x2ab /tmp/ccQwwesC.debug.temp.o
 .debug_abbrev  0x000000000000215e      0x1d8 /tmp/ccTvAvx1.debug.temp.o
 .debug_abbrev  0x0000000000002336      0x252 /tmp/ccUIUjcP.debug.temp.o
 .debug_abbrev  0x0000000000002588      0x229 /tmp/ccYR4ytB.debug.temp.o
 .debug_abbrev  0x00000000000027b1      0x147 /tmp/cccRFgpW.debug.temp.o
 .debug_abbrev  0x00000000000028f8       0xe8 /tmp/ccqMic9G.debug.temp.o
 .debug_abbrev  0x00000000000029e0      0x420 /tmp/ccr3Rrhm.debug.temp.o
 .debug_abbrev  0x0000000000002e00       0xcc /tmp/ccgZFab6.debug.temp.o
 .debug_abbrev  0x0000000000002ecc      0x171 /tmp/ccPjibLI.debug.temp.o
 .debug_abbrev  0x000000000000303d       0x14 /home/kocur/.rusefi-tools/arm-gnu-toolchain-11.3.rel1-x86_64-arm-none-eabi/bin/../lib/gcc/arm-none-eabi/11.3.1/thumb/v6-m/nofp/libgcc.a(_thumb1_case_sqi.o)
 .debug_abbrev  0x0000000000003051       0x14 /home/kocur/.rusefi-tools/arm-gnu-toolchain-11.3.rel1-x86_64-arm-none-eabi/bin/../lib/gcc/arm-none-eabi/11.3.1/thumb/v6-m/nofp/libgcc.a(_thumb1_case_uqi.o)
 .debug_abbrev  0x0000000000003065       0xb7 /home/kocur/.rusefi-tools/arm-gnu-toolchain-11.3.rel1-x86_64-arm-none-eabi/bin/../lib/gcc/arm-none-eabi/11.3.1/../../../../arm-none-eabi/lib/thumb/v6-m/nofp/libg.a(libc_a-memset.o)
 .debug_abbrev  0x000000000000311c       0xca /home/kocur/.rusefi-tools/arm-gnu-toolchain-11.3.rel1-x86_64-arm-none-eabi/bin/../lib/gcc/arm-none-eabi/11.3.1/../../../../arm-none-eabi/lib/thumb/v6-m/nofp/libg.a(libc_a-memcpy-stub.o)

.debug_aranges  0x0000000000000000      0x1d0
 .debug_aranges
                0x0000000000000000       0x20 ./build/obj/crt0_v6m.o
 .debug_aranges
                0x0000000000000020       0x20 ./build/obj/vectors.o
 .debug_aranges
                0x0000000000000040       0x20 ./build/obj/chcoreasm.o
 .debug_aranges
                0x0000000000000060       0xf0 /tmp/cc2CdgBP.ltrans0.ltrans.o
 .debug_aranges
                0x0000000000000150       0x20 /home/kocur/.rusefi-tools/arm-gnu-toolchain-11.3.rel1-x86_64-arm-none-eabi/bin/../lib/gcc/arm-none-eabi/11.3.1/thumb/v6-m/nofp/libgcc.a(_thumb1_case_sqi.o)
 .debug_aranges
                0x0000000000000170       0x20 /home/kocur/.rusefi-tools/arm-gnu-toolchain-11.3.rel1-x86_64-arm-none-eabi/bin/../lib/gcc/arm-none-eabi/11.3.1/thumb/v6-m/nofp/libgcc.a(_thumb1_case_uqi.o)
 .debug_aranges
                0x0000000000000190       0x20 /home/kocur/.rusefi-tools/arm-gnu-toolchain-11.3.rel1-x86_64-arm-none-eabi/bin/../lib/gcc/arm-none-eabi/11.3.1/../../../../arm-none-eabi/lib/thumb/v6-m/nofp/libg.a(libc_a-memset.o)
 .debug_aranges
                0x00000000000001b0       0x20 /home/kocur/.rusefi-tools/arm-gnu-toolchain-11.3.rel1-x86_64-arm-none-eabi/bin/../lib/gcc/arm-none-eabi/11.3.1/../../../../arm-none-eabi/lib/thumb/v6-m/nofp/libg.a(libc_a-memcpy-stub.o)

.debug_str      0x0000000000000000     0x2c50
 .debug_str     0x0000000000000000       0x96 ./build/obj/crt0_v6m.o
 .debug_str     0x0000000000000096       0x42 ./build/obj/vectors.o
                                         0x95 (size before relaxing)
 .debug_str     0x00000000000000d8       0x43 ./build/obj/chcoreasm.o
                                         0x96 (size before relaxing)
 .debug_str     0x000000000000011b      0x15b /tmp/cc2CdgBP.ltrans0.ltrans.o
                                        0x1b0 (size before relaxing)
 .debug_str     0x0000000000000276      0x3ec /tmp/cc1Bt1dO.debug.temp.o
                                        0x484 (size before relaxing)
 .debug_str     0x0000000000000662       0x79 /tmp/ccwma7Zy.debug.temp.o
                                        0x220 (size before relaxing)
 .debug_str     0x00000000000006db      0x145 /tmp/cc5XKXPR.debug.temp.o
                                        0x319 (size before relaxing)
 .debug_str     0x0000000000000820      0x5c1 /tmp/ccMbJ7J6.debug.temp.o
                                        0x87a (size before relaxing)
 .debug_str     0x0000000000000de1       0xe3 /tmp/ccBdvaZX.debug.temp.o
                                        0x30a (size before relaxing)
 .debug_str     0x0000000000000ec4      0x1eb /tmp/ccFUSasb.debug.temp.o
                                        0x3db (size before relaxing)
 .debug_str     0x00000000000010af       0xdd /tmp/ccCeMTWN.debug.temp.o
                                        0x2de (size before relaxing)
 .debug_str     0x000000000000118c      0x20c /tmp/cc7KGkDm.debug.temp.o
                                        0x974 (size before relaxing)
 .debug_str     0x0000000000001398       0xd8 /tmp/ccBdw4FD.debug.temp.o
                                        0x2de (size before relaxing)
 .debug_str     0x0000000000001470       0x87 /tmp/ccGm18nM.debug.temp.o
                                        0x3e7 (size before relaxing)
 .debug_str     0x00000000000014f7      0x2db /tmp/ccUgnUbB.debug.temp.o
                                        0x731 (size before relaxing)
 .debug_str     0x00000000000017d2      0x109 /tmp/ccWMq3oY.debug.temp.o
                                        0x64e (size before relaxing)
 .debug_str     0x00000000000018db      0x2c9 /tmp/ccl4w8X9.debug.temp.o
                                        0x8b6 (size before relaxing)
 .debug_str     0x0000000000001ba4      0x236 /tmp/ccnQHR3z.debug.temp.o
                                        0x861 (size before relaxing)
 .debug_str     0x0000000000001dda       0xb0 /tmp/ccEDMFew.debug.temp.o
                                        0x667 (size before relaxing)
 .debug_str     0x0000000000001e8a       0xc1 /tmp/ccQwwesC.debug.temp.o
                                        0x60a (size before relaxing)
 .debug_str     0x0000000000001f4b       0xd7 /tmp/ccTvAvx1.debug.temp.o
                                        0x4ac (size before relaxing)
 .debug_str     0x0000000000002022       0xe9 /tmp/ccUIUjcP.debug.temp.o
                                        0x4d3 (size before relaxing)
 .debug_str     0x000000000000210b       0xd1 /tmp/ccYR4ytB.debug.temp.o
                                        0x802 (size before relaxing)
 .debug_str     0x00000000000021dc       0x76 /tmp/cccRFgpW.debug.temp.o
                                        0x341 (size before relaxing)
 .debug_str     0x0000000000002252      0x2c9 /tmp/ccqMic9G.debug.temp.o
                                        0x4db (size before relaxing)
 .debug_str     0x000000000000251b      0x3e7 /tmp/ccr3Rrhm.debug.temp.o
                                        0xde7 (size before relaxing)
 .debug_str     0x0000000000002902       0x20 /tmp/ccgZFab6.debug.temp.o
                                        0x324 (size before relaxing)
 .debug_str     0x0000000000002922       0x7d /tmp/ccPjibLI.debug.temp.o
                                        0x5ea (size before relaxing)
 .debug_str     0x000000000000299f       0xc2 /home/kocur/.rusefi-tools/arm-gnu-toolchain-11.3.rel1-x86_64-arm-none-eabi/bin/../lib/gcc/arm-none-eabi/11.3.1/thumb/v6-m/nofp/libgcc.a(_thumb1_case_sqi.o)
                                         0xce (size before relaxing)
 .debug_str     0x0000000000002a61       0xce /home/kocur/.rusefi-tools/arm-gnu-toolchain-11.3.rel1-x86_64-arm-none-eabi/bin/../lib/gcc/arm-none-eabi/11.3.1/thumb/v6-m/nofp/libgcc.a(_thumb1_case_uqi.o)
 .debug_str     0x0000000000002a61      0x163 /home/kocur/.rusefi-tools/arm-gnu-toolchain-11.3.rel1-x86_64-arm-none-eabi/bin/../lib/gcc/arm-none-eabi/11.3.1/../../../../arm-none-eabi/lib/thumb/v6-m/nofp/libg.a(libc_a-memset.o)
                                        0x20d (size before relaxing)
 .debug_str     0x0000000000002bc4       0x8c /home/kocur/.rusefi-tools/arm-gnu-toolchain-11.3.rel1-x86_64-arm-none-eabi/bin/../lib/gcc/arm-none-eabi/11.3.1/../../../../arm-none-eabi/lib/thumb/v6-m/nofp/libg.a(libc_a-memcpy-stub.o)
                                        0x22a (size before relaxing)

.debug_loclists
                0x0000000000000000     0x1a29
 .debug_loclists
                0x0000000000000000     0x155f /tmp/cc2CdgBP.ltrans0.ltrans.o
 .debug_loclists
                0x000000000000155f      0x1cb /home/kocur/.rusefi-tools/arm-gnu-toolchain-11.3.rel1-x86_64-arm-none-eabi/bin/../lib/gcc/arm-none-eabi/11.3.1/../../../../arm-none-eabi/lib/thumb/v6-m/nofp/libg.a(libc_a-memset.o)
 .debug_loclists
                0x000000000000172a      0x2ff /home/kocur/.rusefi-tools/arm-gnu-toolchain-11.3.rel1-x86_64-arm-none-eabi/bin/../lib/gcc/arm-none-eabi/11.3.1/../../../../arm-none-eabi/lib/thumb/v6-m/nofp/libg.a(libc_a-memcpy-stub.o)

.debug_rnglists
                0x0000000000000000      0x5de
 .debug_rnglists
                0x0000000000000000      0x5b6 /tmp/cc2CdgBP.ltrans0.ltrans.o
 .debug_rnglists
                0x00000000000005b6       0x14 /home/kocur/.rusefi-tools/arm-gnu-toolchain-11.3.rel1-x86_64-arm-none-eabi/bin/../lib/gcc/arm-none-eabi/11.3.1/../../../../arm-none-eabi/lib/thumb/v6-m/nofp/libg.a(libc_a-memset.o)
 .debug_rnglists
                0x00000000000005ca       0x14 /home/kocur/.rusefi-tools/arm-gnu-toolchain-11.3.rel1-x86_64-arm-none-eabi/bin/../lib/gcc/arm-none-eabi/11.3.1/../../../../arm-none-eabi/lib/thumb/v6-m/nofp/libg.a(libc_a-memcpy-stub.o)

.debug_frame    0x0000000000000000      0x314
 .debug_frame   0x0000000000000000      0x2b0 /tmp/cc2CdgBP.ltrans0.ltrans.o
 .debug_frame   0x00000000000002b0       0x30 /home/kocur/.rusefi-tools/arm-gnu-toolchain-11.3.rel1-x86_64-arm-none-eabi/bin/../lib/gcc/arm-none-eabi/11.3.1/../../../../arm-none-eabi/lib/thumb/v6-m/nofp/libg.a(libc_a-memset.o)
 .debug_frame   0x00000000000002e0       0x34 /home/kocur/.rusefi-tools/arm-gnu-toolchain-11.3.rel1-x86_64-arm-none-eabi/bin/../lib/gcc/arm-none-eabi/11.3.1/../../../../arm-none-eabi/lib/thumb/v6-m/nofp/libg.a(libc_a-memcpy-stub.o)

Cross Reference Table

Symbol                                            File
BootloaderThread(void*)                           ./build/obj/bootloader.o (symbol from plugin)
BusFault_Handler                                  ./build/obj/vectors.o
CAND1                                             ./build/obj/hal_can_lld.o (symbol from plugin)
                                                  ./build/obj/bootloader.o (symbol from plugin)
DebugMon_Handler                                  ./build/obj/vectors.o
EraseAppPages()                                   ./build/obj/bootloader.o (symbol from plugin)
Flash::ErasePage(unsigned char)                   ./build/obj/flash.o (symbol from plugin)
                                                  ./build/obj/bootloader.o (symbol from plugin)
Flash::Write(unsigned int, unsigned char const*, unsigned int) ./build/obj/flash.o (symbol from plugin)
                                                  ./build/obj/bootloader.o (symbol from plugin)
FragmentEntry::get() const                        ./build/obj/fragments.o (symbol from plugin)
GetCanConfig()                                    ./build/obj/port_shared.o (symbol from plugin)
                                                  ./build/obj/bootloader.o (symbol from plugin)
HardFault_Handler                                 ./build/obj/vectors.o
MemManage_Handler                                 ./build/obj/vectors.o
NMI_Handler                                       /tmp/cc2CdgBP.ltrans0.ltrans.o
                                                  ./build/obj/chcore.o (symbol from plugin)
                                                  ./build/obj/vectors.o
PendSV_Handler                                    ./build/obj/vectors.o
Reset_Handler                                     ./build/obj/vectors.o
RunBootloaderLoop()                               ./build/obj/bootloader.o (symbol from plugin)
SVC_Handler                                       ./build/obj/vectors.o
SecureFault_Handler                               ./build/obj/vectors.o
SysTick_Handler                                   ./build/obj/vectors.o
SystemCoreClock                                   ./build/obj/hal_lld.o (symbol from plugin)
UsageFault_Handler                                ./build/obj/vectors.o
Vector20                                          ./build/obj/vectors.o
Vector24                                          ./build/obj/vectors.o
Vector28                                          ./build/obj/vectors.o
Vector34                                          ./build/obj/vectors.o
Vector40                                          ./build/obj/vectors.o
Vector44                                          ./build/obj/vectors.o
Vector48                                          ./build/obj/vectors.o
Vector4C                                          ./build/obj/vectors.o
Vector50                                          ./build/obj/vectors.o
Vector54                                          ./build/obj/vectors.o
Vector58                                          ./build/obj/vectors.o
Vector5C                                          ./build/obj/vectors.o
Vector60                                          ./build/obj/vectors.o
Vector64                                          ./build/obj/vectors.o
Vector68                                          ./build/obj/vectors.o
Vector6C                                          ./build/obj/vectors.o
Vector70                                          ./build/obj/vectors.o
Vector74                                          ./build/obj/vectors.o
Vector78                                          ./build/obj/vectors.o
Vector7C                                          /tmp/cc2CdgBP.ltrans0.ltrans.o
                                                  ./build/obj/hal_st_lld.o (symbol from plugin)
                                                  ./build/obj/vectors.o
Vector80                                          ./build/obj/vectors.o
Vector84                                          ./build/obj/vectors.o
Vector88                                          ./build/obj/vectors.o
Vector8C                                          ./build/obj/vectors.o
Vector90                                          ./build/obj/vectors.o
Vector94                                          ./build/obj/vectors.o
Vector98                                          ./build/obj/vectors.o
Vector9C                                          ./build/obj/vectors.o
VectorA0                                          ./build/obj/vectors.o
VectorA4                                          ./build/obj/vectors.o
VectorA8                                          ./build/obj/vectors.o
VectorAC                                          ./build/obj/vectors.o
VectorB0                                          ./build/obj/vectors.o
VectorB4                                          ./build/obj/vectors.o
VectorB8                                          /tmp/cc2CdgBP.ltrans0.ltrans.o
                                                  ./build/obj/hal_can_lld.o (symbol from plugin)
                                                  ./build/obj/vectors.o
VectorBC                                          ./build/obj/vectors.o
WaitForBootloaderCmd()                            ./build/obj/bootloader.o (symbol from plugin)
__appflash_start__                                /tmp/cc2CdgBP.ltrans0.ltrans.o
                                                  ./build/obj/bootloader.o (symbol from plugin)
__bss_base__                                      ./build/obj/crt0_v6m.o
__bss_end__                                       ./build/obj/crt0_v6m.o
__core_init                                       ./build/obj/chmemcore.o (symbol from plugin)
                                                  ./build/obj/chsys.o (symbol from plugin)
__cpu_init                                        /tmp/cc2CdgBP.ltrans0.ltrans.o
                                                  ./build/obj/crt1.o (symbol from plugin)
                                                  ./build/obj/crt0_v6m.o
__data_base__                                     ./build/obj/crt0_v6m.o
__data_end__                                      ./build/obj/crt0_v6m.o
__default_exit                                    /tmp/cc2CdgBP.ltrans0.ltrans.o
                                                  ./build/obj/crt1.o (symbol from plugin)
                                                  ./build/obj/crt0_v6m.o
__early_init                                      /tmp/cc2CdgBP.ltrans0.ltrans.o
                                                  ./build/obj/board.o (symbol from plugin)
                                                  ./build/obj/crt1.o (symbol from plugin)
                                                  ./build/obj/crt0_v6m.o
__fini_array_base__                               ./build/obj/crt0_v6m.o
__fini_array_end__                                ./build/obj/crt0_v6m.o
__gnu_thumb1_case_sqi                             /home/kocur/.rusefi-tools/arm-gnu-toolchain-11.3.rel1-x86_64-arm-none-eabi/bin/../lib/gcc/arm-none-eabi/11.3.1/thumb/v6-m/nofp/libgcc.a(_thumb1_case_sqi.o)
                                                  /tmp/cc2CdgBP.ltrans0.ltrans.o
__gnu_thumb1_case_uqi                             /home/kocur/.rusefi-tools/arm-gnu-toolchain-11.3.rel1-x86_64-arm-none-eabi/bin/../lib/gcc/arm-none-eabi/11.3.1/thumb/v6-m/nofp/libgcc.a(_thumb1_case_uqi.o)
                                                  /tmp/cc2CdgBP.ltrans0.ltrans.o
__heap_base__                                     /tmp/cc2CdgBP.ltrans0.ltrans.o
                                                  ./build/obj/chmemcore.o (symbol from plugin)
__heap_end__                                      /tmp/cc2CdgBP.ltrans0.ltrans.o
                                                  ./build/obj/chmemcore.o (symbol from plugin)
__heap_init                                       ./build/obj/chmemheaps.o (symbol from plugin)
                                                  ./build/obj/chsys.o (symbol from plugin)
__init_array_base__                               ./build/obj/crt0_v6m.o
__init_array_end__                                ./build/obj/crt0_v6m.o
__init_ram_areas                                  /tmp/cc2CdgBP.ltrans0.ltrans.o
                                                  ./build/obj/crt1.o (symbol from plugin)
                                                  ./build/obj/crt0_v6m.o
__late_init                                       /tmp/cc2CdgBP.ltrans0.ltrans.o
                                                  ./build/obj/crt1.o (symbol from plugin)
                                                  ./build/obj/crt0_v6m.o
__main_stack_base__                               ./build/obj/crt0_v6m.o
__main_stack_end__                                ./build/obj/vectors.o
                                                  ./build/obj/crt0_v6m.o
__main_thread_stack_base__                        /tmp/cc2CdgBP.ltrans0.ltrans.o
                                                  ./build/obj/chsys.o (symbol from plugin)
__main_thread_stack_end__                         ./build/obj/chsys.o (symbol from plugin)
__port_exit_from_isr                              ./build/obj/chcoreasm.o
                                                  /tmp/cc2CdgBP.ltrans0.ltrans.o
                                                  ./build/obj/chcore.o (symbol from plugin)
__port_irq_epilogue                               ./build/obj/chcore.o (symbol from plugin)
                                                  ./build/obj/hal_st_lld.o (symbol from plugin)
                                                  ./build/obj/hal_can_lld.o (symbol from plugin)
__port_switch                                     ./build/obj/chcoreasm.o
                                                  /tmp/cc2CdgBP.ltrans0.ltrans.o
                                                  ./build/obj/chschd.o (symbol from plugin)
__port_switch_from_isr                            ./build/obj/chcoreasm.o
                                                  /tmp/cc2CdgBP.ltrans0.ltrans.o
                                                  ./build/obj/chcore.o (symbol from plugin)
__port_thread_start                               ./build/obj/chcoreasm.o
                                                  /tmp/cc2CdgBP.ltrans0.ltrans.o
                                                  ./build/obj/chthreads.o (symbol from plugin)
__process_stack_base__                            ./build/obj/crt0_v6m.o
__process_stack_end__                             ./build/obj/crt0_v6m.o
__ram0_clear__                                    /tmp/cc2CdgBP.ltrans0.ltrans.o
                                                  ./build/obj/crt1.o (symbol from plugin)
__ram0_init__                                     /tmp/cc2CdgBP.ltrans0.ltrans.o
                                                  ./build/obj/crt1.o (symbol from plugin)
__ram0_init_text__                                /tmp/cc2CdgBP.ltrans0.ltrans.o
                                                  ./build/obj/crt1.o (symbol from plugin)
__ram0_noinit__                                   /tmp/cc2CdgBP.ltrans0.ltrans.o
                                                  ./build/obj/crt1.o (symbol from plugin)
__ram1_clear__                                    /tmp/cc2CdgBP.ltrans0.ltrans.o
                                                  ./build/obj/crt1.o (symbol from plugin)
__ram1_init__                                     /tmp/cc2CdgBP.ltrans0.ltrans.o
                                                  ./build/obj/crt1.o (symbol from plugin)
__ram1_init_text__                                /tmp/cc2CdgBP.ltrans0.ltrans.o
                                                  ./build/obj/crt1.o (symbol from plugin)
__ram1_noinit__                                   /tmp/cc2CdgBP.ltrans0.ltrans.o
                                                  ./build/obj/crt1.o (symbol from plugin)
__ram2_clear__                                    /tmp/cc2CdgBP.ltrans0.ltrans.o
                                                  ./build/obj/crt1.o (symbol from plugin)
__ram2_init__                                     /tmp/cc2CdgBP.ltrans0.ltrans.o
                                                  ./build/obj/crt1.o (symbol from plugin)
__ram2_init_text__                                /tmp/cc2CdgBP.ltrans0.ltrans.o
                                                  ./build/obj/crt1.o (symbol from plugin)
__ram2_noinit__                                   /tmp/cc2CdgBP.ltrans0.ltrans.o
                                                  ./build/obj/crt1.o (symbol from plugin)
__ram3_clear__                                    /tmp/cc2CdgBP.ltrans0.ltrans.o
                                                  ./build/obj/crt1.o (symbol from plugin)
__ram3_init__                                     /tmp/cc2CdgBP.ltrans0.ltrans.o
                                                  ./build/obj/crt1.o (symbol from plugin)
__ram3_init_text__                                /tmp/cc2CdgBP.ltrans0.ltrans.o
                                                  ./build/obj/crt1.o (symbol from plugin)
__ram3_noinit__                                   /tmp/cc2CdgBP.ltrans0.ltrans.o
                                                  ./build/obj/crt1.o (symbol from plugin)
__ram4_clear__                                    /tmp/cc2CdgBP.ltrans0.ltrans.o
                                                  ./build/obj/crt1.o (symbol from plugin)
__ram4_init__                                     /tmp/cc2CdgBP.ltrans0.ltrans.o
                                                  ./build/obj/crt1.o (symbol from plugin)
__ram4_init_text__                                /tmp/cc2CdgBP.ltrans0.ltrans.o
                                                  ./build/obj/crt1.o (symbol from plugin)
__ram4_noinit__                                   /tmp/cc2CdgBP.ltrans0.ltrans.o
                                                  ./build/obj/crt1.o (symbol from plugin)
__ram5_clear__                                    /tmp/cc2CdgBP.ltrans0.ltrans.o
                                                  ./build/obj/crt1.o (symbol from plugin)
__ram5_init__                                     /tmp/cc2CdgBP.ltrans0.ltrans.o
                                                  ./build/obj/crt1.o (symbol from plugin)
__ram5_init_text__                                /tmp/cc2CdgBP.ltrans0.ltrans.o
                                                  ./build/obj/crt1.o (symbol from plugin)
__ram5_noinit__                                   /tmp/cc2CdgBP.ltrans0.ltrans.o
                                                  ./build/obj/crt1.o (symbol from plugin)
__ram6_clear__                                    /tmp/cc2CdgBP.ltrans0.ltrans.o
                                                  ./build/obj/crt1.o (symbol from plugin)
__ram6_init__                                     /tmp/cc2CdgBP.ltrans0.ltrans.o
                                                  ./build/obj/crt1.o (symbol from plugin)
__ram6_init_text__                                /tmp/cc2CdgBP.ltrans0.ltrans.o
                                                  ./build/obj/crt1.o (symbol from plugin)
__ram6_noinit__                                   /tmp/cc2CdgBP.ltrans0.ltrans.o
                                                  ./build/obj/crt1.o (symbol from plugin)
__ram7_clear__                                    /tmp/cc2CdgBP.ltrans0.ltrans.o
                                                  ./build/obj/crt1.o (symbol from plugin)
__ram7_init__                                     /tmp/cc2CdgBP.ltrans0.ltrans.o
                                                  ./build/obj/crt1.o (symbol from plugin)
__ram7_init_text__                                /tmp/cc2CdgBP.ltrans0.ltrans.o
                                                  ./build/obj/crt1.o (symbol from plugin)
__ram7_noinit__                                   /tmp/cc2CdgBP.ltrans0.ltrans.o
                                                  ./build/obj/crt1.o (symbol from plugin)
__ram_vectors_start__                             /tmp/cc2CdgBP.ltrans0.ltrans.o
                                                  ./build/obj/bootloader.o (symbol from plugin)
__textdata_base__                                 ./build/obj/crt0_v6m.o
__thd_object_init                                 ./build/obj/chthreads.o (symbol from plugin)
                                                  ./build/obj/chschd.o (symbol from plugin)
_crt0_entry                                       ./build/obj/crt0_v6m.o
                                                  ./build/obj/vectors.o
_pal_lld_init                                     ./build/obj/hal_pal_lld.o (symbol from plugin)
                                                  ./build/obj/hal.o (symbol from plugin)
_pal_lld_setgroupmode                             ./build/obj/hal_pal_lld.o (symbol from plugin)
                                                  ./build/obj/bootloader.o (symbol from plugin)
                                                  ./build/obj/hal_pal.o (symbol from plugin)
_unhandled_exception                              ./build/obj/vectors.o
_vectors                                          ./build/obj/vectors.o
absF(float)                                       ./build/obj/math.o (symbol from plugin)
absI(int)                                         ./build/obj/math.o (symbol from plugin)
appFlashAddr                                      ./build/obj/bootloader.o (symbol from plugin)
board.c.c15ec664                                  /tmp/cccRFgpW.debug.temp.o
                                                  /tmp/cc2CdgBP.ltrans0.ltrans.o
boardInit                                         ./build/obj/board.o (symbol from plugin)
                                                  ./build/obj/hal.o (symbol from plugin)
boot_app()                                        ./build/obj/bootloader.o (symbol from plugin)
bootloader.cpp.e6d5f53a                           /tmp/ccr3Rrhm.debug.temp.o
                                                  /tmp/cc2CdgBP.ltrans0.ltrans.o
bootloaderBusy                                    ./build/obj/bootloader.o (symbol from plugin)
canInit                                           ./build/obj/hal_can.o (symbol from plugin)
                                                  ./build/obj/hal.o (symbol from plugin)
canObjectInit                                     ./build/obj/hal_can.o (symbol from plugin)
                                                  ./build/obj/hal_can_lld.o (symbol from plugin)
canReceiveTimeout                                 ./build/obj/hal_can.o (symbol from plugin)
                                                  ./build/obj/bootloader.o (symbol from plugin)
canSTM32SetFilters                                ./build/obj/hal_can_lld.o (symbol from plugin)
canSleep                                          ./build/obj/hal_can.o (symbol from plugin)
canStart                                          ./build/obj/hal_can.o (symbol from plugin)
                                                  ./build/obj/bootloader.o (symbol from plugin)
canStop                                           ./build/obj/hal_can.o (symbol from plugin)
canTransmitTimeout                                ./build/obj/hal_can.o (symbol from plugin)
                                                  ./build/obj/bootloader.o (symbol from plugin)
canTryAbortX                                      ./build/obj/hal_can.o (symbol from plugin)
canTryReceiveI                                    ./build/obj/hal_can.o (symbol from plugin)
canTryTransmitI                                   ./build/obj/hal_can.o (symbol from plugin)
canWakeup                                         ./build/obj/hal_can.o (symbol from plugin)
can_lld_abort                                     ./build/obj/hal_can_lld.o (symbol from plugin)
                                                  ./build/obj/hal_can.o (symbol from plugin)
can_lld_init                                      ./build/obj/hal_can_lld.o (symbol from plugin)
                                                  ./build/obj/hal_can.o (symbol from plugin)
can_lld_is_rx_nonempty                            ./build/obj/hal_can_lld.o (symbol from plugin)
                                                  ./build/obj/hal_can.o (symbol from plugin)
can_lld_is_tx_empty                               ./build/obj/hal_can_lld.o (symbol from plugin)
                                                  ./build/obj/hal_can.o (symbol from plugin)
can_lld_receive                                   ./build/obj/hal_can_lld.o (symbol from plugin)
                                                  ./build/obj/hal_can.o (symbol from plugin)
can_lld_sleep                                     ./build/obj/hal_can_lld.o (symbol from plugin)
                                                  ./build/obj/hal_can.o (symbol from plugin)
can_lld_start                                     ./build/obj/hal_can_lld.o (symbol from plugin)
                                                  ./build/obj/hal_can.o (symbol from plugin)
can_lld_stop                                      ./build/obj/hal_can_lld.o (symbol from plugin)
                                                  ./build/obj/hal_can.o (symbol from plugin)
can_lld_transmit                                  ./build/obj/hal_can_lld.o (symbol from plugin)
                                                  ./build/obj/hal_can.o (symbol from plugin)
can_lld_wakeup                                    ./build/obj/hal_can_lld.o (symbol from plugin)
                                                  ./build/obj/hal_can.o (symbol from plugin)
ch                                                ./build/obj/chsys.o (symbol from plugin)
                                                  ./build/obj/chmsg.o (symbol from plugin)
                                                  ./build/obj/chcond.o (symbol from plugin)
                                                  ./build/obj/chmtx.o (symbol from plugin)
                                                  ./build/obj/chsem.o (symbol from plugin)
                                                  ./build/obj/chregistry.o (symbol from plugin)
                                                  ./build/obj/chthreads.o (symbol from plugin)
                                                  ./build/obj/chschd.o (symbol from plugin)
                                                  ./build/obj/chvt.o (symbol from plugin)
chCondBroadcast                                   ./build/obj/chcond.o (symbol from plugin)
chCondBroadcastI                                  ./build/obj/chcond.o (symbol from plugin)
chCondObjectInit                                  ./build/obj/chcond.o (symbol from plugin)
chCondSignal                                      ./build/obj/chcond.o (symbol from plugin)
chCondSignalI                                     ./build/obj/chcond.o (symbol from plugin)
chCondWait                                        ./build/obj/chcond.o (symbol from plugin)
chCondWaitS                                       ./build/obj/chcond.o (symbol from plugin)
chCoreAllocFromBase                               ./build/obj/chmemcore.o (symbol from plugin)
chCoreAllocFromBaseI                              ./build/obj/chmemcore.o (symbol from plugin)
chCoreAllocFromTop                                ./build/obj/chmemcore.o (symbol from plugin)
                                                  ./build/obj/chmemheaps.o (symbol from plugin)
chCoreAllocFromTopI                               ./build/obj/chmemcore.o (symbol from plugin)
chCoreGetStatusX                                  ./build/obj/chmemcore.o (symbol from plugin)
chHeapAllocAligned                                ./build/obj/chmemheaps.o (symbol from plugin)
                                                  ./build/obj/chdynamic.o (symbol from plugin)
chHeapFree                                        ./build/obj/chmemheaps.o (symbol from plugin)
                                                  ./build/obj/chthreads.o (symbol from plugin)
chHeapObjectInit                                  ./build/obj/chmemheaps.o (symbol from plugin)
chHeapStatus                                      ./build/obj/chmemheaps.o (symbol from plugin)
chMsgPollS                                        ./build/obj/chmsg.o (symbol from plugin)
chMsgRelease                                      ./build/obj/chmsg.o (symbol from plugin)
chMsgSend                                         ./build/obj/chmsg.o (symbol from plugin)
chMsgWaitS                                        ./build/obj/chmsg.o (symbol from plugin)
chMsgWaitTimeoutS                                 ./build/obj/chmsg.o (symbol from plugin)
chMtxLock                                         ./build/obj/chmtx.o (symbol from plugin)
                                                  ./build/obj/chmemheaps.o (symbol from plugin)
chMtxLockS                                        ./build/obj/chmtx.o (symbol from plugin)
                                                  ./build/obj/chcond.o (symbol from plugin)
chMtxObjectInit                                   ./build/obj/chmtx.o (symbol from plugin)
                                                  ./build/obj/chmemheaps.o (symbol from plugin)
chMtxTryLock                                      ./build/obj/chmtx.o (symbol from plugin)
chMtxTryLockS                                     ./build/obj/chmtx.o (symbol from plugin)
chMtxUnlock                                       ./build/obj/chmtx.o (symbol from plugin)
                                                  ./build/obj/chmemheaps.o (symbol from plugin)
chMtxUnlockAll                                    ./build/obj/chmtx.o (symbol from plugin)
chMtxUnlockAllS                                   ./build/obj/chmtx.o (symbol from plugin)
chMtxUnlockS                                      ./build/obj/chmtx.o (symbol from plugin)
                                                  ./build/obj/chcond.o (symbol from plugin)
chRegFindThreadByName                             ./build/obj/chregistry.o (symbol from plugin)
chRegFindThreadByPointer                          ./build/obj/chregistry.o (symbol from plugin)
chRegFindThreadByWorkingArea                      ./build/obj/chregistry.o (symbol from plugin)
chRegFirstThread                                  ./build/obj/chregistry.o (symbol from plugin)
chRegNextThread                                   ./build/obj/chregistry.o (symbol from plugin)
chSchDoPreemption                                 /tmp/cc2CdgBP.ltrans0.ltrans.o
                                                  ./build/obj/chschd.o (symbol from plugin)
                                                  ./build/obj/chcoreasm.o
chSchDoYieldS                                     ./build/obj/chschd.o (symbol from plugin)
                                                  ./build/obj/chthreads.o (symbol from plugin)
chSchGoSleepS                                     ./build/obj/chschd.o (symbol from plugin)
                                                  ./build/obj/chmsg.o (symbol from plugin)
                                                  ./build/obj/chcond.o (symbol from plugin)
                                                  ./build/obj/chmtx.o (symbol from plugin)
                                                  ./build/obj/chsem.o (symbol from plugin)
                                                  ./build/obj/chthreads.o (symbol from plugin)
chSchGoSleepTimeoutS                              ./build/obj/chschd.o (symbol from plugin)
                                                  ./build/obj/chmsg.o (symbol from plugin)
                                                  ./build/obj/chsem.o (symbol from plugin)
                                                  ./build/obj/chthreads.o (symbol from plugin)
                                                  ./build/obj/hal_can_lld.o (symbol from plugin)
chSchIsPreemptionRequired                         ./build/obj/chschd.o (symbol from plugin)
                                                  ./build/obj/chcore.o (symbol from plugin)
chSchObjectInit                                   ./build/obj/chschd.o (symbol from plugin)
                                                  ./build/obj/chsys.o (symbol from plugin)
chSchPreemption                                   ./build/obj/chschd.o (symbol from plugin)
chSchReadyI                                       ./build/obj/chschd.o (symbol from plugin)
                                                  ./build/obj/chmsg.o (symbol from plugin)
                                                  ./build/obj/chcond.o (symbol from plugin)
                                                  ./build/obj/chmtx.o (symbol from plugin)
                                                  ./build/obj/chsem.o (symbol from plugin)
                                                  ./build/obj/chthreads.o (symbol from plugin)
chSchRescheduleS                                  ./build/obj/chschd.o (symbol from plugin)
                                                  ./build/obj/chcond.o (symbol from plugin)
                                                  ./build/obj/chmtx.o (symbol from plugin)
                                                  ./build/obj/chsem.o (symbol from plugin)
                                                  ./build/obj/chthreads.o (symbol from plugin)
                                                  ./build/obj/chsys.o (symbol from plugin)
                                                  ./build/obj/hal_can.o (symbol from plugin)
chSchSelectFirstI                                 ./build/obj/chschd.o (symbol from plugin)
chSchWakeupS                                      ./build/obj/chschd.o (symbol from plugin)
                                                  ./build/obj/chdynamic.o (symbol from plugin)
                                                  ./build/obj/chmsg.o (symbol from plugin)
                                                  ./build/obj/chcond.o (symbol from plugin)
                                                  ./build/obj/chsem.o (symbol from plugin)
                                                  ./build/obj/chthreads.o (symbol from plugin)
chSemAddCounterI                                  ./build/obj/chsem.o (symbol from plugin)
chSemObjectInit                                   ./build/obj/chsem.o (symbol from plugin)
chSemResetWithMessage                             ./build/obj/chsem.o (symbol from plugin)
chSemResetWithMessageI                            ./build/obj/chsem.o (symbol from plugin)
chSemSignal                                       ./build/obj/chsem.o (symbol from plugin)
chSemSignalI                                      ./build/obj/chsem.o (symbol from plugin)
chSemSignalWait                                   ./build/obj/chsem.o (symbol from plugin)
chSemWait                                         ./build/obj/chsem.o (symbol from plugin)
chSemWaitS                                        ./build/obj/chsem.o (symbol from plugin)
chSemWaitTimeout                                  ./build/obj/chsem.o (symbol from plugin)
chSemWaitTimeoutS                                 ./build/obj/chsem.o (symbol from plugin)
chSysGetStatusAndLockX                            ./build/obj/chsys.o (symbol from plugin)
chSysHalt                                         ./build/obj/chsys.o (symbol from plugin)
chSysInit                                         ./build/obj/chsys.o (symbol from plugin)
                                                  ./build/obj/bootloader.o (symbol from plugin)
chSysIntegrityCheckI                              ./build/obj/chsys.o (symbol from plugin)
chSysRestoreStatusX                               ./build/obj/chsys.o (symbol from plugin)
chSysTimerHandlerI                                ./build/obj/chsys.o (symbol from plugin)
                                                  ./build/obj/hal_st_lld.o (symbol from plugin)
chThdAddRef                                       ./build/obj/chthreads.o (symbol from plugin)
chThdCreate                                       ./build/obj/chthreads.o (symbol from plugin)
chThdCreateFromHeap                               ./build/obj/chdynamic.o (symbol from plugin)
chThdCreateI                                      ./build/obj/chthreads.o (symbol from plugin)
                                                  ./build/obj/chschd.o (symbol from plugin)
chThdCreateStatic                                 ./build/obj/chthreads.o (symbol from plugin)
                                                  ./build/obj/bootloader.o (symbol from plugin)
chThdCreateSuspended                              ./build/obj/chthreads.o (symbol from plugin)
chThdCreateSuspendedI                             ./build/obj/chthreads.o (symbol from plugin)
                                                  ./build/obj/chdynamic.o (symbol from plugin)
chThdDequeueAllI                                  ./build/obj/chthreads.o (symbol from plugin)
                                                  ./build/obj/hal_can_lld.o (symbol from plugin)
                                                  ./build/obj/hal_can.o (symbol from plugin)
                                                  ./build/obj/hal_queues.o (symbol from plugin)
                                                  ./build/obj/hal_buffers.o (symbol from plugin)
chThdDequeueNextI                                 ./build/obj/chthreads.o (symbol from plugin)
                                                  ./build/obj/hal_queues.o (symbol from plugin)
                                                  ./build/obj/hal_buffers.o (symbol from plugin)
chThdEnqueueTimeoutS                              ./build/obj/chthreads.o (symbol from plugin)
                                                  ./build/obj/hal_can.o (symbol from plugin)
                                                  ./build/obj/hal_queues.o (symbol from plugin)
                                                  ./build/obj/hal_buffers.o (symbol from plugin)
chThdExit                                         /tmp/cc2CdgBP.ltrans0.ltrans.o
                                                  ./build/obj/chthreads.o (symbol from plugin)
                                                  ./build/obj/chcoreasm.o
chThdExitS                                        ./build/obj/chthreads.o (symbol from plugin)
chThdRelease                                      ./build/obj/chthreads.o (symbol from plugin)
                                                  ./build/obj/chregistry.o (symbol from plugin)
chThdResume                                       ./build/obj/chthreads.o (symbol from plugin)
chThdResumeI                                      ./build/obj/chthreads.o (symbol from plugin)
chThdResumeS                                      ./build/obj/chthreads.o (symbol from plugin)
chThdSetPriority                                  ./build/obj/chthreads.o (symbol from plugin)
chThdSleep                                        ./build/obj/chthreads.o (symbol from plugin)
                                                  ./build/obj/bootloader.o (symbol from plugin)
                                                  ./build/obj/hal_flash.o (symbol from plugin)
chThdSleepUntil                                   ./build/obj/chthreads.o (symbol from plugin)
chThdSleepUntilWindowed                           ./build/obj/chthreads.o (symbol from plugin)
chThdStart                                        ./build/obj/chthreads.o (symbol from plugin)
chThdSuspendS                                     ./build/obj/chthreads.o (symbol from plugin)
chThdSuspendTimeoutS                              ./build/obj/chthreads.o (symbol from plugin)
chThdTerminate                                    ./build/obj/chthreads.o (symbol from plugin)
chThdWait                                         ./build/obj/chthreads.o (symbol from plugin)
chThdYield                                        ./build/obj/chthreads.o (symbol from plugin)
chVTDoResetI                                      ./build/obj/chvt.o (symbol from plugin)
                                                  ./build/obj/chschd.o (symbol from plugin)
chVTDoSetI                                        ./build/obj/chvt.o (symbol from plugin)
                                                  ./build/obj/chschd.o (symbol from plugin)
chVTDoTickI                                       ./build/obj/chvt.o (symbol from plugin)
                                                  ./build/obj/chsys.o (symbol from plugin)
ch_debug                                          ./build/obj/chregistry.o (symbol from plugin)
                                                  ./build/obj/chschd.o (symbol from plugin)
ch_idle_thread_wa                                 ./build/obj/chsys.o (symbol from plugin)
ch_memcore                                        ./build/obj/chmemcore.o (symbol from plugin)
chcond.c.4b856637                                 /tmp/ccJ0Y57l.debug.temp.o
chcore.c.3095f0cb                                 /tmp/ccYR4ytB.debug.temp.o
                                                  /tmp/cc2CdgBP.ltrans0.ltrans.o
chdebug.c.96113779                                /tmp/ccQdP7Lf.debug.temp.o
chdynamic.c.f5da4c6b                              /tmp/ccVOK4TN.debug.temp.o